###############################################################################
#
# IAR ELF Linker V8.32.3.193/W32 for ARM                  15/Dec/2021  20:15:32
# Copyright 2007-2019 IAR Systems AB.
#
#    Output file  =  
#        C:\Users\lithiumice\Desktop\MyProjects\libs\RT1064_iar\Project\IAR_QUAD\program\nor_sdram_zf_dtcm\Exe\RT106X.out
#    Map file     =  
#        C:\Users\lithiumice\Desktop\MyProjects\libs\RT1064_iar\Project\IAR_QUAD\program\nor_sdram_zf_dtcm\List\RT106X.map
#    Command line =  
#        -f C:\Users\LITHIU~1\AppData\Local\Temp\EW3563.tmp
#        (C:\Users\lithiumice\Desktop\MyProjects\libs\RT1064_iar\Project\IAR_QUAD\program\nor_sdram_zf_dtcm\Obj\agile_button.o
#        C:\Users\lithiumice\Desktop\MyProjects\libs\RT1064_iar\Project\IAR_QUAD\program\nor_sdram_zf_dtcm\Obj\board.o
#        C:\Users\lithiumice\Desktop\MyProjects\libs\RT1064_iar\Project\IAR_QUAD\program\nor_sdram_zf_dtcm\Obj\clock.o
#        C:\Users\lithiumice\Desktop\MyProjects\libs\RT1064_iar\Project\IAR_QUAD\program\nor_sdram_zf_dtcm\Obj\clock_config.o
#        C:\Users\lithiumice\Desktop\MyProjects\libs\RT1064_iar\Project\IAR_QUAD\program\nor_sdram_zf_dtcm\Obj\cmd.o
#        C:\Users\lithiumice\Desktop\MyProjects\libs\RT1064_iar\Project\IAR_QUAD\program\nor_sdram_zf_dtcm\Obj\common.o
#        C:\Users\lithiumice\Desktop\MyProjects\libs\RT1064_iar\Project\IAR_QUAD\program\nor_sdram_zf_dtcm\Obj\components.o
#        C:\Users\lithiumice\Desktop\MyProjects\libs\RT1064_iar\Project\IAR_QUAD\program\nor_sdram_zf_dtcm\Obj\console_be.o
#        C:\Users\lithiumice\Desktop\MyProjects\libs\RT1064_iar\Project\IAR_QUAD\program\nor_sdram_zf_dtcm\Obj\context_iar.o
#        C:\Users\lithiumice\Desktop\MyProjects\libs\RT1064_iar\Project\IAR_QUAD\program\nor_sdram_zf_dtcm\Obj\cpu.o
#        C:\Users\lithiumice\Desktop\MyProjects\libs\RT1064_iar\Project\IAR_QUAD\program\nor_sdram_zf_dtcm\Obj\cpu_cache.o
#        C:\Users\lithiumice\Desktop\MyProjects\libs\RT1064_iar\Project\IAR_QUAD\program\nor_sdram_zf_dtcm\Obj\cpuport.o
#        C:\Users\lithiumice\Desktop\MyProjects\libs\RT1064_iar\Project\IAR_QUAD\program\nor_sdram_zf_dtcm\Obj\crt_init.o
#        C:\Users\lithiumice\Desktop\MyProjects\libs\RT1064_iar\Project\IAR_QUAD\program\nor_sdram_zf_dtcm\Obj\ctrl_chassis.o
#        C:\Users\lithiumice\Desktop\MyProjects\libs\RT1064_iar\Project\IAR_QUAD\program\nor_sdram_zf_dtcm\Obj\ctrl_dymparam.o
#        C:\Users\lithiumice\Desktop\MyProjects\libs\RT1064_iar\Project\IAR_QUAD\program\nor_sdram_zf_dtcm\Obj\ctrl_inoutdev.o
#        C:\Users\lithiumice\Desktop\MyProjects\libs\RT1064_iar\Project\IAR_QUAD\program\nor_sdram_zf_dtcm\Obj\ctrl_openart.o
#        C:\Users\lithiumice\Desktop\MyProjects\libs\RT1064_iar\Project\IAR_QUAD\program\nor_sdram_zf_dtcm\Obj\ctrl_steer.o
#        C:\Users\lithiumice\Desktop\MyProjects\libs\RT1064_iar\Project\IAR_QUAD\program\nor_sdram_zf_dtcm\Obj\cxx_crt.o
#        C:\Users\lithiumice\Desktop\MyProjects\libs\RT1064_iar\Project\IAR_QUAD\program\nor_sdram_zf_dtcm\Obj\cxx_Mutex.o
#        C:\Users\lithiumice\Desktop\MyProjects\libs\RT1064_iar\Project\IAR_QUAD\program\nor_sdram_zf_dtcm\Obj\cxx_Semaphore.o
#        C:\Users\lithiumice\Desktop\MyProjects\libs\RT1064_iar\Project\IAR_QUAD\program\nor_sdram_zf_dtcm\Obj\cxx_Thread.o
#        C:\Users\lithiumice\Desktop\MyProjects\libs\RT1064_iar\Project\IAR_QUAD\program\nor_sdram_zf_dtcm\Obj\device.o
#        C:\Users\lithiumice\Desktop\MyProjects\libs\RT1064_iar\Project\IAR_QUAD\program\nor_sdram_zf_dtcm\Obj\diskio.o
#        C:\Users\lithiumice\Desktop\MyProjects\libs\RT1064_iar\Project\IAR_QUAD\program\nor_sdram_zf_dtcm\Obj\display_ui.o
#        C:\Users\lithiumice\Desktop\MyProjects\libs\RT1064_iar\Project\IAR_QUAD\program\nor_sdram_zf_dtcm\Obj\easyblink.o
#        C:\Users\lithiumice\Desktop\MyProjects\libs\RT1064_iar\Project\IAR_QUAD\program\nor_sdram_zf_dtcm\Obj\evkmimxrt1064_flexspi_nor_config.o
#        C:\Users\lithiumice\Desktop\MyProjects\libs\RT1064_iar\Project\IAR_QUAD\program\nor_sdram_zf_dtcm\Obj\evkmimxrt1064_sdram_ini_dcd.o
#        C:\Users\lithiumice\Desktop\MyProjects\libs\RT1064_iar\Project\IAR_QUAD\program\nor_sdram_zf_dtcm\Obj\f_cross.o
#        C:\Users\lithiumice\Desktop\MyProjects\libs\RT1064_iar\Project\IAR_QUAD\program\nor_sdram_zf_dtcm\Obj\f_curve.o
#        C:\Users\lithiumice\Desktop\MyProjects\libs\RT1064_iar\Project\IAR_QUAD\program\nor_sdram_zf_dtcm\Obj\f_elems.o
#        C:\Users\lithiumice\Desktop\MyProjects\libs\RT1064_iar\Project\IAR_QUAD\program\nor_sdram_zf_dtcm\Obj\f_garage.o
#        C:\Users\lithiumice\Desktop\MyProjects\libs\RT1064_iar\Project\IAR_QUAD\program\nor_sdram_zf_dtcm\Obj\f_loop.o
#        C:\Users\lithiumice\Desktop\MyProjects\libs\RT1064_iar\Project\IAR_QUAD\program\nor_sdram_zf_dtcm\Obj\f_qrcode.o
#        C:\Users\lithiumice\Desktop\MyProjects\libs\RT1064_iar\Project\IAR_QUAD\program\nor_sdram_zf_dtcm\Obj\f_ramp.o
#        C:\Users\lithiumice\Desktop\MyProjects\libs\RT1064_iar\Project\IAR_QUAD\program\nor_sdram_zf_dtcm\Obj\f_yroad.o
#        C:\Users\lithiumice\Desktop\MyProjects\libs\RT1064_iar\Project\IAR_QUAD\program\nor_sdram_zf_dtcm\Obj\ff.o
#        C:\Users\lithiumice\Desktop\MyProjects\libs\RT1064_iar\Project\IAR_QUAD\program\nor_sdram_zf_dtcm\Obj\ffsystem.o
#        C:\Users\lithiumice\Desktop\MyProjects\libs\RT1064_iar\Project\IAR_QUAD\program\nor_sdram_zf_dtcm\Obj\ffunicode.o
#        C:\Users\lithiumice\Desktop\MyProjects\libs\RT1064_iar\Project\IAR_QUAD\program\nor_sdram_zf_dtcm\Obj\finsh_compiler.o
#        C:\Users\lithiumice\Desktop\MyProjects\libs\RT1064_iar\Project\IAR_QUAD\program\nor_sdram_zf_dtcm\Obj\finsh_error.o
#        C:\Users\lithiumice\Desktop\MyProjects\libs\RT1064_iar\Project\IAR_QUAD\program\nor_sdram_zf_dtcm\Obj\finsh_heap.o
#        C:\Users\lithiumice\Desktop\MyProjects\libs\RT1064_iar\Project\IAR_QUAD\program\nor_sdram_zf_dtcm\Obj\finsh_init.o
#        C:\Users\lithiumice\Desktop\MyProjects\libs\RT1064_iar\Project\IAR_QUAD\program\nor_sdram_zf_dtcm\Obj\finsh_node.o
#        C:\Users\lithiumice\Desktop\MyProjects\libs\RT1064_iar\Project\IAR_QUAD\program\nor_sdram_zf_dtcm\Obj\finsh_parser.o
#        C:\Users\lithiumice\Desktop\MyProjects\libs\RT1064_iar\Project\IAR_QUAD\program\nor_sdram_zf_dtcm\Obj\finsh_token.o
#        C:\Users\lithiumice\Desktop\MyProjects\libs\RT1064_iar\Project\IAR_QUAD\program\nor_sdram_zf_dtcm\Obj\finsh_var.o
#        C:\Users\lithiumice\Desktop\MyProjects\libs\RT1064_iar\Project\IAR_QUAD\program\nor_sdram_zf_dtcm\Obj\finsh_vm.o
#        C:\Users\lithiumice\Desktop\MyProjects\libs\RT1064_iar\Project\IAR_QUAD\program\nor_sdram_zf_dtcm\Obj\fsl_adc.o
#        C:\Users\lithiumice\Desktop\MyProjects\libs\RT1064_iar\Project\IAR_QUAD\program\nor_sdram_zf_dtcm\Obj\fsl_adc_etc.o
#        C:\Users\lithiumice\Desktop\MyProjects\libs\RT1064_iar\Project\IAR_QUAD\program\nor_sdram_zf_dtcm\Obj\fsl_aipstz.o
#        C:\Users\lithiumice\Desktop\MyProjects\libs\RT1064_iar\Project\IAR_QUAD\program\nor_sdram_zf_dtcm\Obj\fsl_aoi.o
#        C:\Users\lithiumice\Desktop\MyProjects\libs\RT1064_iar\Project\IAR_QUAD\program\nor_sdram_zf_dtcm\Obj\fsl_assert.o
#        C:\Users\lithiumice\Desktop\MyProjects\libs\RT1064_iar\Project\IAR_QUAD\program\nor_sdram_zf_dtcm\Obj\fsl_bee.o
#        C:\Users\lithiumice\Desktop\MyProjects\libs\RT1064_iar\Project\IAR_QUAD\program\nor_sdram_zf_dtcm\Obj\fsl_cache.o
#        C:\Users\lithiumice\Desktop\MyProjects\libs\RT1064_iar\Project\IAR_QUAD\program\nor_sdram_zf_dtcm\Obj\fsl_clock.o
#        C:\Users\lithiumice\Desktop\MyProjects\libs\RT1064_iar\Project\IAR_QUAD\program\nor_sdram_zf_dtcm\Obj\fsl_cmp.o
#        C:\Users\lithiumice\Desktop\MyProjects\libs\RT1064_iar\Project\IAR_QUAD\program\nor_sdram_zf_dtcm\Obj\fsl_common.o
#        C:\Users\lithiumice\Desktop\MyProjects\libs\RT1064_iar\Project\IAR_QUAD\program\nor_sdram_zf_dtcm\Obj\fsl_csi.o
#        C:\Users\lithiumice\Desktop\MyProjects\libs\RT1064_iar\Project\IAR_QUAD\program\nor_sdram_zf_dtcm\Obj\fsl_dcdc.o
#        C:\Users\lithiumice\Desktop\MyProjects\libs\RT1064_iar\Project\IAR_QUAD\program\nor_sdram_zf_dtcm\Obj\fsl_dcp.o
#        C:\Users\lithiumice\Desktop\MyProjects\libs\RT1064_iar\Project\IAR_QUAD\program\nor_sdram_zf_dtcm\Obj\fsl_debug_console.o
#        C:\Users\lithiumice\Desktop\MyProjects\libs\RT1064_iar\Project\IAR_QUAD\program\nor_sdram_zf_dtcm\Obj\fsl_dmamux.o
#        C:\Users\lithiumice\Desktop\MyProjects\libs\RT1064_iar\Project\IAR_QUAD\program\nor_sdram_zf_dtcm\Obj\fsl_edma.o
#        C:\Users\lithiumice\Desktop\MyProjects\libs\RT1064_iar\Project\IAR_QUAD\program\nor_sdram_zf_dtcm\Obj\fsl_elcdif.o
#        C:\Users\lithiumice\Desktop\MyProjects\libs\RT1064_iar\Project\IAR_QUAD\program\nor_sdram_zf_dtcm\Obj\fsl_enc.o
#        C:\Users\lithiumice\Desktop\MyProjects\libs\RT1064_iar\Project\IAR_QUAD\program\nor_sdram_zf_dtcm\Obj\fsl_enet.o
#        C:\Users\lithiumice\Desktop\MyProjects\libs\RT1064_iar\Project\IAR_QUAD\program\nor_sdram_zf_dtcm\Obj\fsl_ewm.o
#        C:\Users\lithiumice\Desktop\MyProjects\libs\RT1064_iar\Project\IAR_QUAD\program\nor_sdram_zf_dtcm\Obj\fsl_flexcan.o
#        C:\Users\lithiumice\Desktop\MyProjects\libs\RT1064_iar\Project\IAR_QUAD\program\nor_sdram_zf_dtcm\Obj\fsl_flexio.o
#        C:\Users\lithiumice\Desktop\MyProjects\libs\RT1064_iar\Project\IAR_QUAD\program\nor_sdram_zf_dtcm\Obj\fsl_flexio_camera.o
#        C:\Users\lithiumice\Desktop\MyProjects\libs\RT1064_iar\Project\IAR_QUAD\program\nor_sdram_zf_dtcm\Obj\fsl_flexio_i2c_master.o
#        C:\Users\lithiumice\Desktop\MyProjects\libs\RT1064_iar\Project\IAR_QUAD\program\nor_sdram_zf_dtcm\Obj\fsl_flexio_i2s.o
#        C:\Users\lithiumice\Desktop\MyProjects\libs\RT1064_iar\Project\IAR_QUAD\program\nor_sdram_zf_dtcm\Obj\fsl_flexio_i2s_edma.o
#        C:\Users\lithiumice\Desktop\MyProjects\libs\RT1064_iar\Project\IAR_QUAD\program\nor_sdram_zf_dtcm\Obj\fsl_flexio_spi.o
#        C:\Users\lithiumice\Desktop\MyProjects\libs\RT1064_iar\Project\IAR_QUAD\program\nor_sdram_zf_dtcm\Obj\fsl_flexio_spi_edma.o
#        C:\Users\lithiumice\Desktop\MyProjects\libs\RT1064_iar\Project\IAR_QUAD\program\nor_sdram_zf_dtcm\Obj\fsl_flexio_uart.o
#        C:\Users\lithiumice\Desktop\MyProjects\libs\RT1064_iar\Project\IAR_QUAD\program\nor_sdram_zf_dtcm\Obj\fsl_flexio_uart_edma.o
#        C:\Users\lithiumice\Desktop\MyProjects\libs\RT1064_iar\Project\IAR_QUAD\program\nor_sdram_zf_dtcm\Obj\fsl_flexram.o
#        C:\Users\lithiumice\Desktop\MyProjects\libs\RT1064_iar\Project\IAR_QUAD\program\nor_sdram_zf_dtcm\Obj\fsl_flexspi.o
#        C:\Users\lithiumice\Desktop\MyProjects\libs\RT1064_iar\Project\IAR_QUAD\program\nor_sdram_zf_dtcm\Obj\fsl_flexspi_nor_boot.o
#        C:\Users\lithiumice\Desktop\MyProjects\libs\RT1064_iar\Project\IAR_QUAD\program\nor_sdram_zf_dtcm\Obj\fsl_gpc.o
#        C:\Users\lithiumice\Desktop\MyProjects\libs\RT1064_iar\Project\IAR_QUAD\program\nor_sdram_zf_dtcm\Obj\fsl_gpio.o
#        C:\Users\lithiumice\Desktop\MyProjects\libs\RT1064_iar\Project\IAR_QUAD\program\nor_sdram_zf_dtcm\Obj\fsl_gpt.o
#        C:\Users\lithiumice\Desktop\MyProjects\libs\RT1064_iar\Project\IAR_QUAD\program\nor_sdram_zf_dtcm\Obj\fsl_kpp.o
#        C:\Users\lithiumice\Desktop\MyProjects\libs\RT1064_iar\Project\IAR_QUAD\program\nor_sdram_zf_dtcm\Obj\fsl_lpi2c.o
#        C:\Users\lithiumice\Desktop\MyProjects\libs\RT1064_iar\Project\IAR_QUAD\program\nor_sdram_zf_dtcm\Obj\fsl_lpi2c_edma.o
#        C:\Users\lithiumice\Desktop\MyProjects\libs\RT1064_iar\Project\IAR_QUAD\program\nor_sdram_zf_dtcm\Obj\fsl_lpspi.o
#        C:\Users\lithiumice\Desktop\MyProjects\libs\RT1064_iar\Project\IAR_QUAD\program\nor_sdram_zf_dtcm\Obj\fsl_lpspi_edma.o
#        C:\Users\lithiumice\Desktop\MyProjects\libs\RT1064_iar\Project\IAR_QUAD\program\nor_sdram_zf_dtcm\Obj\fsl_lpuart.o
#        C:\Users\lithiumice\Desktop\MyProjects\libs\RT1064_iar\Project\IAR_QUAD\program\nor_sdram_zf_dtcm\Obj\fsl_lpuart_edma.o
#        C:\Users\lithiumice\Desktop\MyProjects\libs\RT1064_iar\Project\IAR_QUAD\program\nor_sdram_zf_dtcm\Obj\fsl_mmc.o
#        C:\Users\lithiumice\Desktop\MyProjects\libs\RT1064_iar\Project\IAR_QUAD\program\nor_sdram_zf_dtcm\Obj\fsl_notifier.o
#        C:\Users\lithiumice\Desktop\MyProjects\libs\RT1064_iar\Project\IAR_QUAD\program\nor_sdram_zf_dtcm\Obj\fsl_ocotp.o
#        C:\Users\lithiumice\Desktop\MyProjects\libs\RT1064_iar\Project\IAR_QUAD\program\nor_sdram_zf_dtcm\Obj\fsl_os_abstraction_bm.o
#        C:\Users\lithiumice\Desktop\MyProjects\libs\RT1064_iar\Project\IAR_QUAD\program\nor_sdram_zf_dtcm\Obj\fsl_pit.o
#        C:\Users\lithiumice\Desktop\MyProjects\libs\RT1064_iar\Project\IAR_QUAD\program\nor_sdram_zf_dtcm\Obj\fsl_pmu.o
#        C:\Users\lithiumice\Desktop\MyProjects\libs\RT1064_iar\Project\IAR_QUAD\program\nor_sdram_zf_dtcm\Obj\fsl_pwm.o
#        C:\Users\lithiumice\Desktop\MyProjects\libs\RT1064_iar\Project\IAR_QUAD\program\nor_sdram_zf_dtcm\Obj\fsl_pxp.o
#        C:\Users\lithiumice\Desktop\MyProjects\libs\RT1064_iar\Project\IAR_QUAD\program\nor_sdram_zf_dtcm\Obj\fsl_qtmr.o
#        C:\Users\lithiumice\Desktop\MyProjects\libs\RT1064_iar\Project\IAR_QUAD\program\nor_sdram_zf_dtcm\Obj\fsl_rtwdog.o
#        C:\Users\lithiumice\Desktop\MyProjects\libs\RT1064_iar\Project\IAR_QUAD\program\nor_sdram_zf_dtcm\Obj\fsl_sai.o
#        C:\Users\lithiumice\Desktop\MyProjects\libs\RT1064_iar\Project\IAR_QUAD\program\nor_sdram_zf_dtcm\Obj\fsl_sai_edma.o
#        C:\Users\lithiumice\Desktop\MyProjects\libs\RT1064_iar\Project\IAR_QUAD\program\nor_sdram_zf_dtcm\Obj\fsl_sbrk.o
#        C:\Users\lithiumice\Desktop\MyProjects\libs\RT1064_iar\Project\IAR_QUAD\program\nor_sdram_zf_dtcm\Obj\fsl_sd.o
#        C:\Users\lithiumice\Desktop\MyProjects\libs\RT1064_iar\Project\IAR_QUAD\program\nor_sdram_zf_dtcm\Obj\fsl_sd_disk.o
#        C:\Users\lithiumice\Desktop\MyProjects\libs\RT1064_iar\Project\IAR_QUAD\program\nor_sdram_zf_dtcm\Obj\fsl_sdio.o
#        C:\Users\lithiumice\Desktop\MyProjects\libs\RT1064_iar\Project\IAR_QUAD\program\nor_sdram_zf_dtcm\Obj\fsl_sdmmc_common.o
#        C:\Users\lithiumice\Desktop\MyProjects\libs\RT1064_iar\Project\IAR_QUAD\program\nor_sdram_zf_dtcm\Obj\fsl_sdmmc_event.o
#        C:\Users\lithiumice\Desktop\MyProjects\libs\RT1064_iar\Project\IAR_QUAD\program\nor_sdram_zf_dtcm\Obj\fsl_sdmmc_host.o
#        C:\Users\lithiumice\Desktop\MyProjects\libs\RT1064_iar\Project\IAR_QUAD\program\nor_sdram_zf_dtcm\Obj\fsl_semc.o
#        C:\Users\lithiumice\Desktop\MyProjects\libs\RT1064_iar\Project\IAR_QUAD\program\nor_sdram_zf_dtcm\Obj\fsl_shell.o
#        C:\Users\lithiumice\Desktop\MyProjects\libs\RT1064_iar\Project\IAR_QUAD\program\nor_sdram_zf_dtcm\Obj\fsl_snvs_hp.o
#        C:\Users\lithiumice\Desktop\MyProjects\libs\RT1064_iar\Project\IAR_QUAD\program\nor_sdram_zf_dtcm\Obj\fsl_snvs_lp.o
#        C:\Users\lithiumice\Desktop\MyProjects\libs\RT1064_iar\Project\IAR_QUAD\program\nor_sdram_zf_dtcm\Obj\fsl_spdif.o
#        C:\Users\lithiumice\Desktop\MyProjects\libs\RT1064_iar\Project\IAR_QUAD\program\nor_sdram_zf_dtcm\Obj\fsl_spdif_edma.o
#        C:\Users\lithiumice\Desktop\MyProjects\libs\RT1064_iar\Project\IAR_QUAD\program\nor_sdram_zf_dtcm\Obj\fsl_src.o
#        C:\Users\lithiumice\Desktop\MyProjects\libs\RT1064_iar\Project\IAR_QUAD\program\nor_sdram_zf_dtcm\Obj\fsl_str.o
#        C:\Users\lithiumice\Desktop\MyProjects\libs\RT1064_iar\Project\IAR_QUAD\program\nor_sdram_zf_dtcm\Obj\fsl_tempmon.o
#        C:\Users\lithiumice\Desktop\MyProjects\libs\RT1064_iar\Project\IAR_QUAD\program\nor_sdram_zf_dtcm\Obj\fsl_trng.o
#        C:\Users\lithiumice\Desktop\MyProjects\libs\RT1064_iar\Project\IAR_QUAD\program\nor_sdram_zf_dtcm\Obj\fsl_tsc.o
#        C:\Users\lithiumice\Desktop\MyProjects\libs\RT1064_iar\Project\IAR_QUAD\program\nor_sdram_zf_dtcm\Obj\fsl_usdhc.o
#        C:\Users\lithiumice\Desktop\MyProjects\libs\RT1064_iar\Project\IAR_QUAD\program\nor_sdram_zf_dtcm\Obj\fsl_wdog.o
#        C:\Users\lithiumice\Desktop\MyProjects\libs\RT1064_iar\Project\IAR_QUAD\program\nor_sdram_zf_dtcm\Obj\fsl_xbara.o
#        C:\Users\lithiumice\Desktop\MyProjects\libs\RT1064_iar\Project\IAR_QUAD\program\nor_sdram_zf_dtcm\Obj\fsl_xbarb.o
#        C:\Users\lithiumice\Desktop\MyProjects\libs\RT1064_iar\Project\IAR_QUAD\program\nor_sdram_zf_dtcm\Obj\generic_list.o
#        C:\Users\lithiumice\Desktop\MyProjects\libs\RT1064_iar\Project\IAR_QUAD\program\nor_sdram_zf_dtcm\Obj\idle.o
#        C:\Users\lithiumice\Desktop\MyProjects\libs\RT1064_iar\Project\IAR_QUAD\program\nor_sdram_zf_dtcm\Obj\img_proc.o
#        C:\Users\lithiumice\Desktop\MyProjects\libs\RT1064_iar\Project\IAR_QUAD\program\nor_sdram_zf_dtcm\Obj\interrupt.o
#        C:\Users\lithiumice\Desktop\MyProjects\libs\RT1064_iar\Project\IAR_QUAD\program\nor_sdram_zf_dtcm\Obj\ipc.o
#        C:\Users\lithiumice\Desktop\MyProjects\libs\RT1064_iar\Project\IAR_QUAD\program\nor_sdram_zf_dtcm\Obj\irq.o
#        C:\Users\lithiumice\Desktop\MyProjects\libs\RT1064_iar\Project\IAR_QUAD\program\nor_sdram_zf_dtcm\Obj\kservice.o
#        C:\Users\lithiumice\Desktop\MyProjects\libs\RT1064_iar\Project\IAR_QUAD\program\nor_sdram_zf_dtcm\Obj\lpuart_adapter.o
#        C:\Users\lithiumice\Desktop\MyProjects\libs\RT1064_iar\Project\IAR_QUAD\program\nor_sdram_zf_dtcm\Obj\main.o
#        C:\Users\lithiumice\Desktop\MyProjects\libs\RT1064_iar\Project\IAR_QUAD\program\nor_sdram_zf_dtcm\Obj\mem.o
#        C:\Users\lithiumice\Desktop\MyProjects\libs\RT1064_iar\Project\IAR_QUAD\program\nor_sdram_zf_dtcm\Obj\memheap.o
#        C:\Users\lithiumice\Desktop\MyProjects\libs\RT1064_iar\Project\IAR_QUAD\program\nor_sdram_zf_dtcm\Obj\mempool.o
#        C:\Users\lithiumice\Desktop\MyProjects\libs\RT1064_iar\Project\IAR_QUAD\program\nor_sdram_zf_dtcm\Obj\msh.o
#        C:\Users\lithiumice\Desktop\MyProjects\libs\RT1064_iar\Project\IAR_QUAD\program\nor_sdram_zf_dtcm\Obj\msh_file.o
#        C:\Users\lithiumice\Desktop\MyProjects\libs\RT1064_iar\Project\IAR_QUAD\program\nor_sdram_zf_dtcm\Obj\object.o
#        C:\Users\lithiumice\Desktop\MyProjects\libs\RT1064_iar\Project\IAR_QUAD\program\nor_sdram_zf_dtcm\Obj\pin_mux.o
#        C:\Users\lithiumice\Desktop\MyProjects\libs\RT1064_iar\Project\IAR_QUAD\program\nor_sdram_zf_dtcm\Obj\PS2.o
#        C:\Users\lithiumice\Desktop\MyProjects\libs\RT1064_iar\Project\IAR_QUAD\program\nor_sdram_zf_dtcm\Obj\scheduler.o
#        C:\Users\lithiumice\Desktop\MyProjects\libs\RT1064_iar\Project\IAR_QUAD\program\nor_sdram_zf_dtcm\Obj\SEEKFREE_18TFT.o
#        C:\Users\lithiumice\Desktop\MyProjects\libs\RT1064_iar\Project\IAR_QUAD\program\nor_sdram_zf_dtcm\Obj\SEEKFREE_FONT.o
#        C:\Users\lithiumice\Desktop\MyProjects\libs\RT1064_iar\Project\IAR_QUAD\program\nor_sdram_zf_dtcm\Obj\SEEKFREE_ICM20602.o
#        C:\Users\lithiumice\Desktop\MyProjects\libs\RT1064_iar\Project\IAR_QUAD\program\nor_sdram_zf_dtcm\Obj\SEEKFREE_IIC.o
#        C:\Users\lithiumice\Desktop\MyProjects\libs\RT1064_iar\Project\IAR_QUAD\program\nor_sdram_zf_dtcm\Obj\SEEKFREE_MPU6050.o
#        C:\Users\lithiumice\Desktop\MyProjects\libs\RT1064_iar\Project\IAR_QUAD\program\nor_sdram_zf_dtcm\Obj\SEEKFREE_MT9V03X.o
#        C:\Users\lithiumice\Desktop\MyProjects\libs\RT1064_iar\Project\IAR_QUAD\program\nor_sdram_zf_dtcm\Obj\SEEKFREE_MT9V03X_CSI.o
#        C:\Users\lithiumice\Desktop\MyProjects\libs\RT1064_iar\Project\IAR_QUAD\program\nor_sdram_zf_dtcm\Obj\SEEKFREE_NRF24L01.o
#        C:\Users\lithiumice\Desktop\MyProjects\libs\RT1064_iar\Project\IAR_QUAD\program\nor_sdram_zf_dtcm\Obj\SEEKFREE_PRINTF.o
#        C:\Users\lithiumice\Desktop\MyProjects\libs\RT1064_iar\Project\IAR_QUAD\program\nor_sdram_zf_dtcm\Obj\SEEKFREE_VIRSCO.o
#        C:\Users\lithiumice\Desktop\MyProjects\libs\RT1064_iar\Project\IAR_QUAD\program\nor_sdram_zf_dtcm\Obj\SEEKFREE_W25QXXJV.o
#        C:\Users\lithiumice\Desktop\MyProjects\libs\RT1064_iar\Project\IAR_QUAD\program\nor_sdram_zf_dtcm\Obj\serial_manager.o
#        C:\Users\lithiumice\Desktop\MyProjects\libs\RT1064_iar\Project\IAR_QUAD\program\nor_sdram_zf_dtcm\Obj\serial_port_uart.o
#        C:\Users\lithiumice\Desktop\MyProjects\libs\RT1064_iar\Project\IAR_QUAD\program\nor_sdram_zf_dtcm\Obj\shell.o
#        C:\Users\lithiumice\Desktop\MyProjects\libs\RT1064_iar\Project\IAR_QUAD\program\nor_sdram_zf_dtcm\Obj\signal.o
#        C:\Users\lithiumice\Desktop\MyProjects\libs\RT1064_iar\Project\IAR_QUAD\program\nor_sdram_zf_dtcm\Obj\slab.o
#        C:\Users\lithiumice\Desktop\MyProjects\libs\RT1064_iar\Project\IAR_QUAD\program\nor_sdram_zf_dtcm\Obj\startup_MIMXRT1064.o
#        C:\Users\lithiumice\Desktop\MyProjects\libs\RT1064_iar\Project\IAR_QUAD\program\nor_sdram_zf_dtcm\Obj\symbol.o
#        C:\Users\lithiumice\Desktop\MyProjects\libs\RT1064_iar\Project\IAR_QUAD\program\nor_sdram_zf_dtcm\Obj\syslog.o
#        C:\Users\lithiumice\Desktop\MyProjects\libs\RT1064_iar\Project\IAR_QUAD\program\nor_sdram_zf_dtcm\Obj\system_MIMXRT1064.o
#        C:\Users\lithiumice\Desktop\MyProjects\libs\RT1064_iar\Project\IAR_QUAD\program\nor_sdram_zf_dtcm\Obj\test.o
#        C:\Users\lithiumice\Desktop\MyProjects\libs\RT1064_iar\Project\IAR_QUAD\program\nor_sdram_zf_dtcm\Obj\thread.o
#        C:\Users\lithiumice\Desktop\MyProjects\libs\RT1064_iar\Project\IAR_QUAD\program\nor_sdram_zf_dtcm\Obj\timer.o
#        C:\Users\lithiumice\Desktop\MyProjects\libs\RT1064_iar\Project\IAR_QUAD\program\nor_sdram_zf_dtcm\Obj\ulog.o
#        C:\Users\lithiumice\Desktop\MyProjects\libs\RT1064_iar\Project\IAR_QUAD\program\nor_sdram_zf_dtcm\Obj\usb_device_cdc_acm.o
#        C:\Users\lithiumice\Desktop\MyProjects\libs\RT1064_iar\Project\IAR_QUAD\program\nor_sdram_zf_dtcm\Obj\usb_device_ch9.o
#        C:\Users\lithiumice\Desktop\MyProjects\libs\RT1064_iar\Project\IAR_QUAD\program\nor_sdram_zf_dtcm\Obj\usb_device_class.o
#        C:\Users\lithiumice\Desktop\MyProjects\libs\RT1064_iar\Project\IAR_QUAD\program\nor_sdram_zf_dtcm\Obj\usb_device_dci.o
#        C:\Users\lithiumice\Desktop\MyProjects\libs\RT1064_iar\Project\IAR_QUAD\program\nor_sdram_zf_dtcm\Obj\usb_device_descriptor.o
#        C:\Users\lithiumice\Desktop\MyProjects\libs\RT1064_iar\Project\IAR_QUAD\program\nor_sdram_zf_dtcm\Obj\usb_device_ehci.o
#        C:\Users\lithiumice\Desktop\MyProjects\libs\RT1064_iar\Project\IAR_QUAD\program\nor_sdram_zf_dtcm\Obj\usb_phy.o
#        C:\Users\lithiumice\Desktop\MyProjects\libs\RT1064_iar\Project\IAR_QUAD\program\nor_sdram_zf_dtcm\Obj\util.o
#        C:\Users\lithiumice\Desktop\MyProjects\libs\RT1064_iar\Project\IAR_QUAD\program\nor_sdram_zf_dtcm\Obj\zf_adc.o
#        C:\Users\lithiumice\Desktop\MyProjects\libs\RT1064_iar\Project\IAR_QUAD\program\nor_sdram_zf_dtcm\Obj\zf_camera.o
#        C:\Users\lithiumice\Desktop\MyProjects\libs\RT1064_iar\Project\IAR_QUAD\program\nor_sdram_zf_dtcm\Obj\zf_csi.o
#        C:\Users\lithiumice\Desktop\MyProjects\libs\RT1064_iar\Project\IAR_QUAD\program\nor_sdram_zf_dtcm\Obj\zf_flash.o
#        C:\Users\lithiumice\Desktop\MyProjects\libs\RT1064_iar\Project\IAR_QUAD\program\nor_sdram_zf_dtcm\Obj\zf_gpio.o
#        C:\Users\lithiumice\Desktop\MyProjects\libs\RT1064_iar\Project\IAR_QUAD\program\nor_sdram_zf_dtcm\Obj\zf_iic.o
#        C:\Users\lithiumice\Desktop\MyProjects\libs\RT1064_iar\Project\IAR_QUAD\program\nor_sdram_zf_dtcm\Obj\zf_iomuxc.o
#        C:\Users\lithiumice\Desktop\MyProjects\libs\RT1064_iar\Project\IAR_QUAD\program\nor_sdram_zf_dtcm\Obj\zf_pit.o
#        C:\Users\lithiumice\Desktop\MyProjects\libs\RT1064_iar\Project\IAR_QUAD\program\nor_sdram_zf_dtcm\Obj\zf_pwm.o
#        C:\Users\lithiumice\Desktop\MyProjects\libs\RT1064_iar\Project\IAR_QUAD\program\nor_sdram_zf_dtcm\Obj\zf_qtimer.o
#        C:\Users\lithiumice\Desktop\MyProjects\libs\RT1064_iar\Project\IAR_QUAD\program\nor_sdram_zf_dtcm\Obj\zf_rom_api.o
#        C:\Users\lithiumice\Desktop\MyProjects\libs\RT1064_iar\Project\IAR_QUAD\program\nor_sdram_zf_dtcm\Obj\zf_sdcard.o
#        C:\Users\lithiumice\Desktop\MyProjects\libs\RT1064_iar\Project\IAR_QUAD\program\nor_sdram_zf_dtcm\Obj\zf_spi.o
#        C:\Users\lithiumice\Desktop\MyProjects\libs\RT1064_iar\Project\IAR_QUAD\program\nor_sdram_zf_dtcm\Obj\zf_systick.o
#        C:\Users\lithiumice\Desktop\MyProjects\libs\RT1064_iar\Project\IAR_QUAD\program\nor_sdram_zf_dtcm\Obj\zf_uart.o
#        C:\Users\lithiumice\Desktop\MyProjects\libs\RT1064_iar\Project\IAR_QUAD\program\nor_sdram_zf_dtcm\Obj\zf_usb_cdc.o
#        C:\Users\lithiumice\Desktop\MyProjects\libs\RT1064_iar\Project\IAR_QUAD\program\nor_sdram_zf_dtcm\Obj\zf_vector.o
#        --no_out_extension -o
#        C:\Users\lithiumice\Desktop\MyProjects\libs\RT1064_iar\Project\IAR_QUAD\program\nor_sdram_zf_dtcm\Exe\RT106X.out
#        --map
#        C:\Users\lithiumice\Desktop\MyProjects\libs\RT1064_iar\Project\IAR_QUAD\program\nor_sdram_zf_dtcm\List\RT106X.map
#        --log
#        libraries,initialization,modules,redirects,sections,veneers,unused_fragments
#        --log_file
#        C:\Users\lithiumice\Desktop\MyProjects\libs\RT1064_iar\Project\IAR_QUAD\program\nor_sdram_zf_dtcm\List\RT106X.log
#        --config
#        C:\Users\lithiumice\Desktop\MyProjects\libs\RT1064_iar\Project\IAR_QUAD\program\..\..\IAR\icf\MIMXRT1064xxxxx_flexspi_nor.icf
#        --semihosting --no_entry --vfe --text_out locale)
#
###############################################################################

*******************************************************************************
*** RUNTIME MODEL ATTRIBUTES
***

CppFlavor                     = *
__CPP_Exceptions              = Disabled
__CPP_Language                = C++14
__Heap_Handler                = DLMalloc
__SystemLibrary               = DLib
__dlib_dynamic_initialization = normal
__dlib_version                = 6


*******************************************************************************
*** HEAP SELECTION
***

The advanced heap was selected because the application calls memory
allocation functions outside of system library functions, and there
are calls to deallocation functions in the application.


*******************************************************************************
*** PLACEMENT SUMMARY
***

"A0":  place at 0x7000'2000 { ro section .intvec };
"A2":  place at 0x7000'0000 { section .boot_hdr.conf };
"A3":  place at 0x7000'1000 { section .boot_hdr.ivt };
"A4":  place at 0x7000'1020 { ro section .boot_hdr.boot_data };
"A5":  place at 0x7000'1030 { ro section .boot_hdr.dcd_data };
"P1":  place in [from 0x7000'2000 to 0x7000'23ff] |
                [from 0x7000'2400 to 0x703f'ffff] { ro };
define block RW { first rw, section m_usb_dma_init_data };
"P2":  place in [from 0x8000'0000 to 0x8000'03ff] |
                [from 0x8000'0400 to 0x81df'ffff] { block RW };
define block SDRAM_VAR
   with alignment = 8 { section SDRAM_CACHE, section SDRAM_CACHE.init };
"P11": place in [from 0x8000'0000 to 0x8000'03ff] |
                [from 0x8000'0400 to 0x81df'ffff] { block SDRAM_VAR };
define block ZI
   with alignment = 32 { first zi, section m_usb_dma_noninit_data };
"P3":  place in [from 0x2000'0000 to 0x2006'efff] { block ZI };
"P4":  place in [from 0x2000'0000 to 0x2006'efff] { section .data };
"P5":  place in [from 0x2000'0000 to 0x2006'efff] { section .textrw };
define block DTCM_VAR
   with alignment = 8 { section NonCacheable, section NonCacheable.init };
"P9":  place in [from 0x2000'0000 to 0x2006'efff] { block DTCM_VAR };
define block HEAP with size = 1K, alignment = 8 { };
"P6":  place in [from 0x2000'0000 to 0x2006'efff] { last block HEAP };
define block CSTACK with size = 4K, alignment = 8 { };
"P7":  place in [from 0x2006'f000 to 0x2006'ffff] { block CSTACK };
initialize by copy { rw, section .textrw };
initialize by copy { ro }
   except {
      ro section .intvec, ro object system_MIMXRT1064.o,
      ro object startup_MIMXRT1064.o, section .low_level_init,
      section .boot_hdr.conf, section .boot_hdr.ivt,
      section .boot_hdr.boot_data, section .boot_hdr.dcd_data,
      ro object cmain.o, ro object low_level_init.o, ro object cstartup_M.o,
      ro object data_init.o, ro object fpinit_M.o };
keep {
   section .boot_hdr.conf, section .boot_hdr.ivt, section .boot_hdr.boot_data,
   section .boot_hdr.dcd_data };

No sections matched the following patterns:

  section .intvec_RAM              in "A1"
  section .textrw                  in "P3-P5|P9"
  section ITCM_NonCacheable        in block ITCM_VAR
  section ITCM_NonCacheable.init   in block ITCM_VAR
  section NonCacheable.init        in block DTCM_VAR
  section OCRAM_CACHE              in block OCRAM_VAR
  section OCRAM_CACHE.init         in block OCRAM_VAR
  section SDRAM_CACHE.init         in block SDRAM_VAR
  section SDRAM_NonCacheable       in block SDRAM_NCACHE_VAR
  section SDRAM_NonCacheable.init  in block SDRAM_NCACHE_VAR
  section m_usb_dma_init_data      in block RW
  section m_usb_dma_noninit_data   in block ZI


  Section                 Kind         Address     Size  Object
  -------                 ----         -------     ----  ------
"P3-P5|P9", part 1 of 3:                         0xe6e8
  ZI                               0x2000'0000   0xe6e8  <Block>
    .iar.dynexit                   0x2000'0000    0x198  <Block>
      .iar.dynexit        uninit   0x2000'0000      0xc  cppinit.o [2]
      .iar.dynexit        uninit   0x2000'000c    0x18c  <Block tail>
    .bss                  zero     0x2000'0198      0x4  agile_button.o [1]
    .bss                  zero     0x2000'019c      0x4  agile_button.o [1]
    .bss                  zero     0x2000'01a0      0x1  agile_button.o [1]
    .bss                  zero     0x2000'01a4      0x4  board.o [1]
    .bss                  zero     0x2000'01a8      0x1  board.o [1]
    .bss                  zero     0x2000'01ac      0x8  board.o [1]
    .bss                  zero     0x2000'01b4     0x30  board.o [1]
    .bss                  zero     0x2000'01e4      0x4  clock.o [1]
    .bss                  zero     0x2000'01e8     0x20  console_be.o [1]
    .bss                  zero     0x2000'0208      0x4  cpuport.o [1]
    .bss                  zero     0x2000'020c      0x4  cpuport.o [1]
    .bss                  zero     0x2000'0210      0x4  cpuport.o [1]
    .bss                  zero     0x2000'0214      0x4  cpuport.o [1]
    .bss                  zero     0x2000'0218      0x1  ctrl_openart.o [1]
    .bss                  zero     0x2000'021c      0x8  ctrl_openart.o [1]
    .bss                  zero     0x2000'0224     0x30  ctrl_openart.o [1]
    .bss                  zero     0x2000'0254     0x34  ctrl_openart.o [1]
    .bss                  zero     0x2000'0288      0x1  ctrl_openart.o [1]
    .bss                  zero     0x2000'028a      0x2  display_ui.o [1]
    .bss                  zero     0x2000'028c     0x18  display_ui.o [1]
    .bss                  zero     0x2000'02a4     0x1c  display_ui.o [1]
    .bss                  zero     0x2000'02c0    0x400  easyblink.o [1]
    .bss                  zero     0x2000'06c0     0x80  easyblink.o [1]
    .bss                  zero     0x2000'0740     0x20  easyblink.o [1]
    .bss                  zero     0x2000'0760     0x24  easyblink.o [1]
    .bss                  zero     0x2000'0784     0x30  easyblink.o [1]
    .bss                  zero     0x2000'07b4      0x4  easyblink.o [1]
    .bss                  zero     0x2000'07b8      0x4  easyblink.o [1]
    .bss                  zero     0x2000'07bc      0x4  easyblink.o [1]
    .bss                  zero     0x2000'07c0    0xffc  f_elems.o [1]
    .bss                  zero     0x2000'17bc   0x99dc  f_elems.o [1]
    .bss                  zero     0x2000'b198      0x4  fsl_clock.o [1]
    .bss                  zero     0x2000'b19c      0x4  fsl_clock.o [1]
    .bss                  zero     0x2000'b1a0      0x4  fsl_csi.o [1]
    .bss                  zero     0x2000'b1a4      0x4  fsl_csi.o [1]
    .bss                  zero     0x2000'b1a8     0x1c  fsl_debug_console.o [1]
    .bss                  zero     0x2000'b1c4      0x4  fsl_debug_console.o [1]
    .bss                  zero     0x2000'b1c8     0x80  fsl_edma.o [1]
    .bss                  zero     0x2000'b248      0xc  fsl_enet.o [1]
    .bss                  zero     0x2000'b254      0x4  fsl_enet.o [1]
    .bss                  zero     0x2000'b258      0x4  fsl_enet.o [1]
    .bss                  zero     0x2000'b25c      0x4  fsl_enet.o [1]
    .bss                  zero     0x2000'b260      0x4  fsl_enet.o [1]
    .bss                  zero     0x2000'b264     0x10  fsl_flexcan.o [1]
    .bss                  zero     0x2000'b274      0x4  fsl_flexcan.o [1]
    .bss                  zero     0x2000'b278      0x8  fsl_flexio.o [1]
    .bss                  zero     0x2000'b280      0x8  fsl_flexio.o [1]
    .bss                  zero     0x2000'b288      0x8  fsl_flexio.o [1]
    .bss                  zero     0x2000'b290      0x4  fsl_lpi2c.o [1]
    .bss                  zero     0x2000'b294     0x14  fsl_lpi2c.o [1]
    .bss                  zero     0x2000'b2a8      0x4  fsl_lpi2c.o [1]
    .bss                  zero     0x2000'b2ac     0x14  fsl_lpi2c.o [1]
    .bss                  zero     0x2000'b2c0     0x14  fsl_lpspi.o [1]
    .bss                  zero     0x2000'b2d4      0x4  fsl_lpspi.o [1]
    .bss                  zero     0x2000'b2d8      0x4  fsl_lpspi.o [1]
    .bss                  zero     0x2000'b2dc      0x8  fsl_lpspi.o [1]
    .bss                  zero     0x2000'b2e4     0x24  fsl_lpuart.o [1]
    .bss                  zero     0x2000'b308      0x4  fsl_lpuart.o [1]
    .bss                  zero     0x2000'b30c     0x20  fsl_sai.o [1]
    .bss                  zero     0x2000'b32c      0x4  fsl_sai.o [1]
    .bss                  zero     0x2000'b330      0x4  fsl_sai.o [1]
    .bss                  zero     0x2000'b334      0x4  fsl_sdmmc_event.o [1]
    .bss                  zero     0x2000'b338      0x4  fsl_sdmmc_event.o [1]
    .bss                  zero     0x2000'b33c      0x4  fsl_sdmmc_event.o [1]
    .bss                  zero     0x2000'b340     0x28  fsl_sdmmc_host.o [1]
    .bss                  zero     0x2000'b368      0x1  fsl_sdmmc_host.o [1]
    .bss                  zero     0x2000'b36c      0x8  fsl_spdif.o [1]
    .bss                  zero     0x2000'b374      0x4  fsl_spdif.o [1]
    .bss                  zero     0x2000'b378      0x4  fsl_spdif.o [1]
    .bss                  zero     0x2000'b37c      0xc  fsl_usdhc.o [1]
    .bss                  zero     0x2000'b388      0x4  fsl_usdhc.o [1]
    .bss                  zero     0x2000'b38c     0x80  idle.o [1]
    .bss                  zero     0x2000'b40c    0x100  idle.o [1]
    .bss                  zero     0x2000'b50c     0x10  idle.o [1]
    .bss                  zero     0x2000'b51c      0x4  irq.o [1]
    .bss                  zero     0x2000'b520      0x4  irq.o [1]
    .bss                  zero     0x2000'b524      0x1  irq.o [1]
    .bss                  zero     0x2000'b528      0x4  kservice.o [1]
    .bss                  zero     0x2000'b52c   0x1000  kservice.o [1]
    .bss                  zero     0x2000'c52c      0x4  kservice.o [1]
    .bss                  zero     0x2000'c530      0x4  main.o [1]
    .bss                  zero     0x2000'c534      0x4  main.o [1]
    .bss                  zero     0x2000'c538      0x4  main.o [1]
    .bss                  zero     0x2000'c53c     0xcc  main.o [1]
    .bss                  zero     0x2000'c608    0x32c  main.o [1]
    .bss                  zero     0x2000'c938    0x288  main.o [1]
    .bss                  zero     0x2000'cbc0    0x304  main.o [1]
    .bss                  zero     0x2000'cec4    0x104  main.o [1]
    .bss                  zero     0x2000'cfc8    0x1b4  main.o [1]
    .bss                  zero     0x2000'd17c      0x4  main.o [1]
    .bss                  zero     0x2000'd180     0x34  main.o [1]
    .bss                  zero     0x2000'd1b4     0x6c  main.o [1]
    .bss                  zero     0x2000'd220     0x6c  main.o [1]
    .bss                  zero     0x2000'd28c     0x90  main.o [1]
    .bss                  zero     0x2000'd31c      0x4  main.o [1]
    .bss                  zero     0x2000'd320     0x64  memheap.o [1]
    .bss                  zero     0x2000'd384      0x4  object.o [1]
    .bss                  zero     0x2000'd388      0x4  object.o [1]
    .bss                  zero     0x2000'd38c      0x4  object.o [1]
    .bss                  zero     0x2000'd390      0x4  object.o [1]
    .bss                  zero     0x2000'd394      0x4  object.o [1]
    .bss                  zero     0x2000'd398    0x100  scheduler.o [1]
    .bss                  zero     0x2000'd498      0x4  scheduler.o [1]
    .bss                  zero     0x2000'd49c      0x2  scheduler.o [1]
    .bss                  zero     0x2000'd4a0      0x4  scheduler.o [1]
    .bss                  zero     0x2000'd4a4      0x1  scheduler.o [1]
    .bss                  zero     0x2000'd4a8      0x8  scheduler.o [1]
    .bss                  zero     0x2000'd4b0      0x4  scheduler.o [1]
    .bss                  zero     0x2000'd4b4      0x2  SEEKFREE_ICM20602.o [1]
    .bss                  zero     0x2000'd4b6      0x2  SEEKFREE_ICM20602.o [1]
    .bss                  zero     0x2000'd4b8      0x2  SEEKFREE_ICM20602.o [1]
    .bss                  zero     0x2000'd4ba      0x2  SEEKFREE_ICM20602.o [1]
    .bss                  zero     0x2000'd4bc      0x2  SEEKFREE_ICM20602.o [1]
    .bss                  zero     0x2000'd4be      0x2  SEEKFREE_ICM20602.o [1]
    .bss                  zero     0x2000'd4c0      0x4  SEEKFREE_MT9V03X.o [1]
    .bss                  zero     0x2000'd4c4      0x1  SEEKFREE_MT9V03X.o [1]
    .bss                  zero     0x2000'd4c5      0x1  SEEKFREE_MT9V03X.o [1]
    .bss                  zero     0x2000'd4c8      0x4  SEEKFREE_MT9V03X_CSI.o [1]
    .bss                  zero     0x2000'd4cc      0x1  SEEKFREE_MT9V03X_CSI.o [1]
    .bss                  zero     0x2000'd4d0      0x8  SEEKFREE_MT9V03X_CSI.o [1]
    .bss                  zero     0x2000'd4d8     0x30  SEEKFREE_MT9V03X_CSI.o [1]
    .bss                  zero     0x2000'd508      0x1  SEEKFREE_MT9V03X_CSI.o [1]
    .bss                  zero     0x2000'd50c      0x4  shell.o [1]
    .bss                  zero     0x2000'd510      0x4  shell.o [1]
    .bss                  zero     0x2000'd514      0x4  shell.o [1]
    .bss                  zero     0x2000'd518      0x4  shell.o [1]
    .bss                  zero     0x2000'd51c      0x4  shell.o [1]
    .bss                  zero     0x2000'd520      0x4  shell.o [1]
    .bss                  zero     0x2000'd524   0x1004  shell.o [1]
    .bss                  zero     0x2000'e528      0x4  test.o [1]
    .bss                  zero     0x2000'e52c      0x4  test.o [1]
    .bss                  zero     0x2000'e530      0x4  test.o [1]
    .bss                  zero     0x2000'e534      0x4  test.o [1]
    .bss                  zero     0x2000'e538      0x4  test.o [1]
    .bss                  zero     0x2000'e53c      0x4  test.o [1]
    .bss                  zero     0x2000'e540      0x4  thread.o [1]
    .bss                  zero     0x2000'e544      0x4  thread.o [1]
    .bss                  zero     0x2000'e548      0x4  thread.o [1]
    .bss                  zero     0x2000'e54c      0x8  timer.o [1]
    .bss                  zero     0x2000'e554      0x4  timer.o [1]
    .bss                  zero     0x2000'e558      0x4  timer.o [1]
    .bss                  zero     0x2000'e55c      0x4  timer.o [1]
    .bss                  zero     0x2000'e560    0x138  ulog.o [1]
    .bss                  zero     0x2000'e698      0x4  ulog.o [1]
    .bss                  zero     0x2000'e69c      0x4  ulog.o [1]
    .bss                  zero     0x2000'e6a0      0x4  ulog.o [1]
    .bss                  zero     0x2000'e6a4      0x4  ulog.o [1]
    .bss                  zero     0x2000'e6a8     0x1c  zf_csi.o [1]
    .bss                  zero     0x2000'e6c4      0x4  zf_csi.o [1]
    .bss                  zero     0x2000'e6c8     0x10  zf_usb_cdc.o [1]
    .bss                  zero     0x2000'e6d8      0x4  cppinit.o [2]
    .bss                  zero     0x2000'e6dc      0x4  cppinit.o [2]
    .bss                  zero     0x2000'e6e0      0x4  xfail_s.o [2]
    .tbss                 zero     0x2000'e6e4      0x4  errno.o [2]
                                 - 0x2000'e6e8   0xe6e8

"P3-P5|P9", part 2 of 3:                        0x25818
  DTCM_VAR                         0x2000'e700  0x25818  <Block>
    NonCacheable          zero     0x2000'e700  0x12c00  SEEKFREE_MT9V03X_CSI.o [1]
    NonCacheable          zero     0x2002'1300  0x12c00  SEEKFREE_MT9V03X_CSI.o [1]
                                 - 0x2003'3f00  0x25818

"P3-P5|P9", part 3 of 3:                          0x990
  P3-P5|P9 s0                      0x2003'3f00    0x990  <Init block>
    .data                 inited   0x2003'3f00    0x510  display_ui.o [1]
    .data                 inited   0x2003'4410     0xf0  f_elems.o [1]
    .data                 inited   0x2003'4500     0xf0  f_elems.o [1]
    .data                 inited   0x2003'45f0     0xa0  display_ui.o [1]
    .data                 inited   0x2003'4690     0x90  object.o [1]
    .data                 inited   0x2003'4720     0x70  display_ui.o [1]
    .data                 inited   0x2003'4790     0x28  zf_gpio.o [1]
    .data                 inited   0x2003'47b8     0x24  SEEKFREE_MT9V03X_CSI.o [1]
    .data                 inited   0x2003'47dc     0x24  zf_uart.o [1]
    .data                 inited   0x2003'4800     0x20  display_ui.o [1]
    .data                 inited   0x2003'4820     0x20  SEEKFREE_MT9V03X_CSI.o [1]
    .data                 inited   0x2003'4840     0x14  zf_pwm.o [1]
    .data                 inited   0x2003'4854     0x14  zf_qtimer.o [1]
    .data                 inited   0x2003'4868     0x14  zf_spi.o [1]
    .data                 inited   0x2003'487c      0xc  zf_adc.o [1]
    .data                 inited   0x2003'4888      0x4  SEEKFREE_18TFT.o [1]
    .data                 inited   0x2003'488c      0x4  system_MIMXRT1064.o [1]
                                 - 0x2003'4890    0x990

"P6":                                             0x400
  HEAP                             0x2003'4890    0x400  <Block>
    HEAP                  uninit   0x2003'4890    0x400  <Block tail>
                                 - 0x2003'4c90    0x400

"P7":                                            0x1000
  CSTACK                           0x2006'f000   0x1000  <Block>
    CSTACK                uninit   0x2006'f000   0x1000  <Block tail>
                                 - 0x2007'0000   0x1000

"A2":                                             0x200
  .boot_hdr.conf          const    0x7000'0000    0x200  evkmimxrt1064_flexspi_nor_config.o [1]
                                 - 0x7000'0200    0x200

"A3":                                              0x20
  .boot_hdr.ivt           const    0x7000'1000     0x20  fsl_flexspi_nor_boot.o [1]
                                 - 0x7000'1020     0x20

"A4":                                              0x10
  .boot_hdr.boot_data     const    0x7000'1020     0x10  fsl_flexspi_nor_boot.o [1]
                                 - 0x7000'1030     0x10

"A5":                                             0x430
  .boot_hdr.dcd_data      const    0x7000'1030    0x430  evkmimxrt1064_sdram_ini_dcd.o [1]
                                 - 0x7000'1460    0x430

"A0":                                             0x440
  .intvec                 const    0x7000'2000    0x400  zf_vector.o [1]
  .intvec                 ro code  0x7000'2400     0x40  vector_table_M.o [5]
                                 - 0x7000'2440    0x440

"P1":                                           0x19dd0
  .text                   ro code  0x7000'2440    0x1f6  lz77_init.o [5]
  .text                   ro code  0x7000'2636      0x6  abort.o [2]
  .text                   ro code  0x7000'263c     0x14  exit.o [6]
  .text                   ro code  0x7000'2650    0x18a  system_MIMXRT1064.o [1]
  .text                   ro code  0x7000'27da     0x3a  zero_init3.o [5]
  .text                   ro code  0x7000'2814     0x6c  startup_MIMXRT1064.o [1]
  .text                   ro code  0x7000'2880     0x28  data_init.o [5]
  .text                   ro code  0x7000'28a8     0x22  fpinit_M.o [4]
  .iar.init_table         const    0x7000'28cc     0x94  - Linker created -
  Veneer                  ro code  0x7000'2960      0x8  - Linker created -
  Veneer                  ro code  0x7000'2968      0x8  - Linker created -
  .text                   ro code  0x7000'2970     0x1e  cmain.o [5]
  Veneer                  ro code  0x7000'2990      0x8  - Linker created -
  .low_level_init         ro code  0x7000'2998      0xe  components.o [1]
  .text                   ro code  0x7000'29a6      0xc  cstartup_M.o [5]
  .text                   ro code  0x7000'29b4      0x0  cstart_call_dtors.o [5]
  .rodata                 const    0x7000'29b4      0x0  zero_init3.o [5]
  .rodata                 const    0x7000'29b4      0x0  lz77_init.o [5]
  Initializer bytes       const    0x7000'29b4  0x191d4  <for RW-1>
  Initializer bytes       const    0x7001'bb88    0x1dd  <for FSymTab-1>
  Initializer bytes       const    0x7001'bd65      0xe  <for SHT$$INIT_ARRAY-1>
  Initializer bytes       const    0x7001'bd73    0x49d  <for P3-P5|P9 s0>
                                 - 0x7001'c210  0x19dd0

"P2|P11", part 1 of 2:                          0x3276c
  RW                               0x8000'0400  0x3276c  <Block>
    RW-1                           0x8000'0400  0x324f0  <Init block>
      .rodata             inited   0x8000'0400    0x420  pow64.o [4]
      .rodata             inited   0x8000'0820     0x48  strto64.o [4]
      .rodata             inited   0x8000'0868     0x10  agile_button.o [1]
      .rodata             inited   0x8000'0878     0x24  agile_button.o [1]
      .rodata             inited   0x8000'089c     0x10  agile_button.o [1]
      .rodata             inited   0x8000'08ac     0x18  agile_button.o [1]
      .rodata             inited   0x8000'08c4     0x18  agile_button.o [1]
      .rodata             inited   0x8000'08dc      0xc  agile_button.o [1]
      .rodata             inited   0x8000'08e8      0x8  agile_button.o [1]
      .rodata             inited   0x8000'08f0     0x38  agile_button.o [1]
      .rodata             inited   0x8000'0928      0xc  agile_button.o [1]
      .rodata             inited   0x8000'0934     0x38  agile_button.o [1]
      .rodata             inited   0x8000'096c      0x8  board.o [1]
      .rodata             inited   0x8000'0974     0x18  clock_config.o [1]
      .rodata             inited   0x8000'098c     0x64  clock_config.o [1]
      .rodata             inited   0x8000'09f0     0x10  clock_config.o [1]
      .rodata             inited   0x8000'0a00      0x8  clock_config.o [1]
      .rodata             inited   0x8000'0a08     0x14  cmd.o [1]
      .rodata             inited   0x8000'0a1c      0x8  cmd.o [1]
      .rodata             inited   0x8000'0a24      0x8  cmd.o [1]
      .rodata             inited   0x8000'0a2c     0x44  cmd.o [1]
      .rodata             inited   0x8000'0a70     0x40  cmd.o [1]
      .rodata             inited   0x8000'0ab0      0xc  cmd.o [1]
      .rodata             inited   0x8000'0abc      0xc  cmd.o [1]
      .rodata             inited   0x8000'0ac8      0xc  cmd.o [1]
      .rodata             inited   0x8000'0ad4      0xc  cmd.o [1]
      .rodata             inited   0x8000'0ae0      0xc  cmd.o [1]
      .rodata             inited   0x8000'0aec      0xc  cmd.o [1]
      .rodata             inited   0x8000'0af8     0x28  cmd.o [1]
      .rodata             inited   0x8000'0b20      0xc  cmd.o [1]
      .rodata             inited   0x8000'0b2c     0x1c  cmd.o [1]
      .rodata             inited   0x8000'0b48     0x18  cmd.o [1]
      .rodata             inited   0x8000'0b60     0x10  cmd.o [1]
      .rodata             inited   0x8000'0b70     0x10  cmd.o [1]
      .rodata             inited   0x8000'0b80      0x8  cmd.o [1]
      .rodata             inited   0x8000'0b88     0x24  cmd.o [1]
      .rodata             inited   0x8000'0bac     0x20  cmd.o [1]
      .rodata             inited   0x8000'0bcc     0x18  cmd.o [1]
      .rodata             inited   0x8000'0be4     0x14  cmd.o [1]
      .rodata             inited   0x8000'0bf8      0x8  cmd.o [1]
      .rodata             inited   0x8000'0c00     0x24  cmd.o [1]
      .rodata             inited   0x8000'0c24     0x20  cmd.o [1]
      .rodata             inited   0x8000'0c44     0x18  cmd.o [1]
      .rodata             inited   0x8000'0c5c      0x8  cmd.o [1]
      .rodata             inited   0x8000'0c64     0x24  cmd.o [1]
      .rodata             inited   0x8000'0c88     0x1c  cmd.o [1]
      .rodata             inited   0x8000'0ca4     0x18  cmd.o [1]
      .rodata             inited   0x8000'0cbc     0x18  cmd.o [1]
      .rodata             inited   0x8000'0cd4      0xc  cmd.o [1]
      .rodata             inited   0x8000'0ce0     0x1c  cmd.o [1]
      .rodata             inited   0x8000'0cfc     0x18  cmd.o [1]
      .rodata             inited   0x8000'0d14     0x14  cmd.o [1]
      .rodata             inited   0x8000'0d28     0x14  cmd.o [1]
      .rodata             inited   0x8000'0d3c      0x8  cmd.o [1]
      .rodata             inited   0x8000'0d44     0x30  cmd.o [1]
      .rodata             inited   0x8000'0d74     0x2c  cmd.o [1]
      .rodata             inited   0x8000'0da0     0x1c  cmd.o [1]
      .rodata             inited   0x8000'0dbc      0x8  cmd.o [1]
      .rodata             inited   0x8000'0dc4     0x28  cmd.o [1]
      .rodata             inited   0x8000'0dec     0x24  cmd.o [1]
      .rodata             inited   0x8000'0e10     0x1c  cmd.o [1]
      .rodata             inited   0x8000'0e2c     0x1c  cmd.o [1]
      .rodata             inited   0x8000'0e48      0x8  cmd.o [1]
      .rodata             inited   0x8000'0e50     0x28  cmd.o [1]
      .rodata             inited   0x8000'0e78     0x24  cmd.o [1]
      .rodata             inited   0x8000'0e9c     0x18  cmd.o [1]
      .rodata             inited   0x8000'0eb4      0xc  cmd.o [1]
      .rodata             inited   0x8000'0ec0     0x10  cmd.o [1]
      .rodata             inited   0x8000'0ed0     0x18  cmd.o [1]
      .rodata             inited   0x8000'0ee8     0x14  cmd.o [1]
      .rodata             inited   0x8000'0efc     0x10  cmd.o [1]
      .rodata             inited   0x8000'0f0c     0x14  components.o [1]
      .rodata             inited   0x8000'0f20      0x8  components.o [1]
      .rodata             inited   0x8000'0f28     0x10  components.o [1]
      .rodata             inited   0x8000'0f38      0x8  console_be.o [1]
      .rodata             inited   0x8000'0f40     0x10  cpuport.o [1]
      .rodata             inited   0x8000'0f50     0x18  cpuport.o [1]
      .rodata             inited   0x8000'0f68      0xc  cpuport.o [1]
      .rodata             inited   0x8000'0f74      0xc  cpuport.o [1]
      .rodata             inited   0x8000'0f80      0x8  cpuport.o [1]
      .rodata             inited   0x8000'0f88      0x8  cpuport.o [1]
      .rodata             inited   0x8000'0f90      0xc  cpuport.o [1]
      .rodata             inited   0x8000'0f9c      0xc  cpuport.o [1]
      .rodata             inited   0x8000'0fa8      0xc  cpuport.o [1]
      .rodata             inited   0x8000'0fb4     0x18  cpuport.o [1]
      .rodata             inited   0x8000'0fcc      0xc  cpuport.o [1]
      .rodata             inited   0x8000'0fd8      0xc  cpuport.o [1]
      .rodata             inited   0x8000'0fe4     0x10  cpuport.o [1]
      .rodata             inited   0x8000'0ff4      0xc  cpuport.o [1]
      .rodata             inited   0x8000'1000      0x8  cpuport.o [1]
      .rodata             inited   0x8000'1008     0x10  cpuport.o [1]
      .rodata             inited   0x8000'1018     0x14  cpuport.o [1]
      .rodata             inited   0x8000'102c     0x18  cpuport.o [1]
      .rodata             inited   0x8000'1044      0xc  cpuport.o [1]
      .rodata             inited   0x8000'1050      0xc  cpuport.o [1]
      .rodata             inited   0x8000'105c      0xc  cpuport.o [1]
      .rodata             inited   0x8000'1068      0xc  cpuport.o [1]
      .rodata             inited   0x8000'1074     0x10  cpuport.o [1]
      .rodata             inited   0x8000'1084     0x18  cpuport.o [1]
      .rodata             inited   0x8000'109c     0x10  cpuport.o [1]
      .rodata             inited   0x8000'10ac     0x10  cpuport.o [1]
      .rodata             inited   0x8000'10bc     0x10  cpuport.o [1]
      .rodata             inited   0x8000'10cc     0x10  cpuport.o [1]
      .rodata             inited   0x8000'10dc     0x10  cpuport.o [1]
      .rodata             inited   0x8000'10ec     0x10  cpuport.o [1]
      .rodata             inited   0x8000'10fc     0x10  cpuport.o [1]
      .rodata             inited   0x8000'110c     0x10  cpuport.o [1]
      .rodata             inited   0x8000'111c     0x10  cpuport.o [1]
      .rodata             inited   0x8000'112c     0x10  cpuport.o [1]
      .rodata             inited   0x8000'113c     0x10  cpuport.o [1]
      .rodata             inited   0x8000'114c     0x10  cpuport.o [1]
      .rodata             inited   0x8000'115c     0x10  cpuport.o [1]
      .rodata             inited   0x8000'116c     0x10  cpuport.o [1]
      .rodata             inited   0x8000'117c     0x10  cpuport.o [1]
      .rodata             inited   0x8000'118c     0x10  cpuport.o [1]
      .rodata             inited   0x8000'119c     0x10  cpuport.o [1]
      .rodata             inited   0x8000'11ac     0x20  cpuport.o [1]
      .rodata             inited   0x8000'11cc     0x1c  cpuport.o [1]
      .rodata             inited   0x8000'11e8     0x10  cpuport.o [1]
      .rodata             inited   0x8000'11f8      0x8  ctrl_inoutdev.o [1]
      .rodata             inited   0x8000'1200      0x8  ctrl_openart.o [1]
      .rodata             inited   0x8000'1208     0x18  ctrl_openart.o [1]
      .rodata             inited   0x8000'1220     0x1c  ctrl_openart.o [1]
      .rodata             inited   0x8000'123c     0x18  ctrl_openart.o [1]
      .rodata             inited   0x8000'1254      0xc  display_ui.o [1]
      .rodata             inited   0x8000'1260      0xc  display_ui.o [1]
      .rodata             inited   0x8000'126c     0x10  display_ui.o [1]
      .rodata             inited   0x8000'127c     0x10  display_ui.o [1]
      .rodata             inited   0x8000'128c     0x10  display_ui.o [1]
      .rodata             inited   0x8000'129c     0x10  display_ui.o [1]
      .rodata             inited   0x8000'12ac      0xc  display_ui.o [1]
      .rodata             inited   0x8000'12b8     0x10  display_ui.o [1]
      .rodata             inited   0x8000'12c8     0x10  display_ui.o [1]
      .rodata             inited   0x8000'12d8     0x10  display_ui.o [1]
      .rodata             inited   0x8000'12e8     0x14  display_ui.o [1]
      .rodata             inited   0x8000'12fc      0x8  display_ui.o [1]
      .rodata             inited   0x8000'1304     0x10  display_ui.o [1]
      .rodata             inited   0x8000'1314      0xc  display_ui.o [1]
      .rodata             inited   0x8000'1320     0x10  display_ui.o [1]
      .rodata             inited   0x8000'1330     0x10  display_ui.o [1]
      .rodata             inited   0x8000'1340      0x8  display_ui.o [1]
      .rodata             inited   0x8000'1348     0x10  display_ui.o [1]
      .rodata             inited   0x8000'1358     0x10  display_ui.o [1]
      .rodata             inited   0x8000'1368      0xc  display_ui.o [1]
      .rodata             inited   0x8000'1374      0xc  display_ui.o [1]
      .rodata             inited   0x8000'1380      0xc  display_ui.o [1]
      .rodata             inited   0x8000'138c      0xc  display_ui.o [1]
      .rodata             inited   0x8000'1398     0x10  display_ui.o [1]
      .rodata             inited   0x8000'13a8      0xc  display_ui.o [1]
      .rodata             inited   0x8000'13b4      0xc  display_ui.o [1]
      .rodata             inited   0x8000'13c0     0x10  display_ui.o [1]
      .rodata             inited   0x8000'13d0     0x10  display_ui.o [1]
      .rodata             inited   0x8000'13e0      0xc  display_ui.o [1]
      .rodata             inited   0x8000'13ec      0x8  display_ui.o [1]
      .rodata             inited   0x8000'13f4     0x10  display_ui.o [1]
      .rodata             inited   0x8000'1404      0x4  display_ui.o [1]
      .rodata             inited   0x8000'1408      0x4  display_ui.o [1]
      .rodata             inited   0x8000'140c      0x8  display_ui.o [1]
      .rodata             inited   0x8000'1414      0x4  display_ui.o [1]
      .rodata             inited   0x8000'1418      0x4  display_ui.o [1]
      .rodata             inited   0x8000'141c      0x4  display_ui.o [1]
      .rodata             inited   0x8000'1420      0xc  display_ui.o [1]
      .rodata             inited   0x8000'142c      0xc  display_ui.o [1]
      .rodata             inited   0x8000'1438      0xc  display_ui.o [1]
      .rodata             inited   0x8000'1444      0xc  display_ui.o [1]
      .rodata             inited   0x8000'1450      0xc  display_ui.o [1]
      .rodata             inited   0x8000'145c      0xc  display_ui.o [1]
      .rodata             inited   0x8000'1468     0x10  display_ui.o [1]
      .rodata             inited   0x8000'1478     0x10  display_ui.o [1]
      .rodata             inited   0x8000'1488     0x10  display_ui.o [1]
      .rodata             inited   0x8000'1498     0x14  display_ui.o [1]
      .rodata             inited   0x8000'14ac     0x14  display_ui.o [1]
      .rodata             inited   0x8000'14c0     0x14  display_ui.o [1]
      .rodata             inited   0x8000'14d4     0x14  display_ui.o [1]
      .rodata             inited   0x8000'14e8     0x14  display_ui.o [1]
      .rodata             inited   0x8000'14fc     0x10  display_ui.o [1]
      .rodata             inited   0x8000'150c     0x10  display_ui.o [1]
      .rodata             inited   0x8000'151c     0x14  display_ui.o [1]
      .rodata             inited   0x8000'1530     0x10  display_ui.o [1]
      .rodata             inited   0x8000'1540     0x10  display_ui.o [1]
      .rodata             inited   0x8000'1550     0x10  display_ui.o [1]
      .rodata             inited   0x8000'1560     0x10  display_ui.o [1]
      .rodata             inited   0x8000'1570     0x10  display_ui.o [1]
      .rodata             inited   0x8000'1580     0x10  display_ui.o [1]
      .rodata             inited   0x8000'1590     0x10  display_ui.o [1]
      .rodata             inited   0x8000'15a0     0x14  display_ui.o [1]
      .rodata             inited   0x8000'15b4     0x10  display_ui.o [1]
      .rodata             inited   0x8000'15c4      0xc  display_ui.o [1]
      .rodata             inited   0x8000'15d0      0xc  display_ui.o [1]
      .rodata             inited   0x8000'15dc      0xc  display_ui.o [1]
      .rodata             inited   0x8000'15e8     0x10  display_ui.o [1]
      .rodata             inited   0x8000'15f8      0xc  display_ui.o [1]
      .rodata             inited   0x8000'1604     0x10  display_ui.o [1]
      .rodata             inited   0x8000'1614     0x10  display_ui.o [1]
      .rodata             inited   0x8000'1624     0x14  display_ui.o [1]
      .rodata             inited   0x8000'1638     0x14  display_ui.o [1]
      .rodata             inited   0x8000'164c     0x14  display_ui.o [1]
      .rodata             inited   0x8000'1660     0x14  display_ui.o [1]
      .rodata             inited   0x8000'1674     0x14  display_ui.o [1]
      .rodata             inited   0x8000'1688     0x14  display_ui.o [1]
      .rodata             inited   0x8000'169c     0x10  display_ui.o [1]
      .rodata             inited   0x8000'16ac     0x14  display_ui.o [1]
      .rodata             inited   0x8000'16c0     0x14  display_ui.o [1]
      .rodata             inited   0x8000'16d4      0xc  display_ui.o [1]
      .rodata             inited   0x8000'16e0      0xc  display_ui.o [1]
      .rodata             inited   0x8000'16ec     0x10  display_ui.o [1]
      .rodata             inited   0x8000'16fc     0x10  display_ui.o [1]
      .rodata             inited   0x8000'170c     0x10  display_ui.o [1]
      .rodata             inited   0x8000'171c     0x10  display_ui.o [1]
      .rodata             inited   0x8000'172c     0x10  display_ui.o [1]
      .rodata             inited   0x8000'173c     0x10  display_ui.o [1]
      .rodata             inited   0x8000'174c      0xc  display_ui.o [1]
      .rodata             inited   0x8000'1758      0xc  display_ui.o [1]
      .rodata             inited   0x8000'1764      0xc  display_ui.o [1]
      .rodata             inited   0x8000'1770      0xc  display_ui.o [1]
      .rodata             inited   0x8000'177c      0x8  display_ui.o [1]
      .rodata             inited   0x8000'1784      0xc  display_ui.o [1]
      .rodata             inited   0x8000'1790      0xc  display_ui.o [1]
      .rodata             inited   0x8000'179c      0xc  display_ui.o [1]
      .rodata             inited   0x8000'17a8      0xc  display_ui.o [1]
      .rodata             inited   0x8000'17b4      0xc  display_ui.o [1]
      .rodata             inited   0x8000'17c0      0xc  display_ui.o [1]
      .rodata             inited   0x8000'17cc      0xc  display_ui.o [1]
      .rodata             inited   0x8000'17d8      0x8  display_ui.o [1]
      .rodata             inited   0x8000'17e0      0x8  display_ui.o [1]
      .rodata             inited   0x8000'17e8      0xc  display_ui.o [1]
      .rodata             inited   0x8000'17f4      0xc  display_ui.o [1]
      .rodata             inited   0x8000'1800      0x8  display_ui.o [1]
      .rodata             inited   0x8000'1808      0x8  display_ui.o [1]
      .rodata             inited   0x8000'1810      0xc  display_ui.o [1]
      .rodata             inited   0x8000'181c      0xc  display_ui.o [1]
      .rodata             inited   0x8000'1828      0xc  display_ui.o [1]
      .rodata             inited   0x8000'1834      0x8  display_ui.o [1]
      .rodata             inited   0x8000'183c     0x14  easyblink.o [1]
      .rodata             inited   0x8000'1850      0xc  easyblink.o [1]
      .rodata             inited   0x8000'185c      0xc  easyblink.o [1]
      .rodata             inited   0x8000'1868      0x8  easyblink.o [1]
      .rodata             inited   0x8000'1870      0xc  easyblink.o [1]
      .rodata             inited   0x8000'187c      0xc  easyblink.o [1]
      .rodata             inited   0x8000'1888     0x10  easyblink.o [1]
      .rodata             inited   0x8000'1898     0x10  easyblink.o [1]
      .rodata             inited   0x8000'18a8     0x10  easyblink.o [1]
      .rodata             inited   0x8000'18b8      0xc  easyblink.o [1]
      .rodata             inited   0x8000'18c4      0xc  easyblink.o [1]
      .rodata             inited   0x8000'18d0   0x99dc  f_elems.o [1]
      .rodata             inited   0x8000'b2ac     0x28  f_elems.o [1]
      .rodata             inited   0x8000'b2d4     0x28  f_elems.o [1]
      .rodata             inited   0x8000'b2fc     0x10  fsl_adc.o [1]
      .rodata             inited   0x8000'b30c     0x64  fsl_adc.o [1]
      .rodata             inited   0x8000'b370     0x14  fsl_adc.o [1]
      .rodata             inited   0x8000'b384     0x60  fsl_adc.o [1]
      .rodata             inited   0x8000'b3e4     0x3c  fsl_adc.o [1]
      .rodata             inited   0x8000'b420     0x60  fsl_adc.o [1]
      .rodata             inited   0x8000'b480      0xc  fsl_adc.o [1]
      .rodata             inited   0x8000'b48c      0xc  fsl_adc.o [1]
      .rodata             inited   0x8000'b498      0x8  fsl_adc.o [1]
      .rodata             inited   0x8000'b4a0     0x2c  fsl_assert.o [1]
      .rodata             inited   0x8000'b4cc     0x10  fsl_clock.o [1]
      .rodata             inited   0x8000'b4dc     0x64  fsl_clock.o [1]
      .rodata             inited   0x8000'b540     0x10  fsl_clock.o [1]
      .rodata             inited   0x8000'b550     0x10  fsl_csi.o [1]
      .rodata             inited   0x8000'b560     0x64  fsl_csi.o [1]
      .rodata             inited   0x8000'b5c4     0x3c  fsl_csi.o [1]
      .rodata             inited   0x8000'b600     0x60  fsl_csi.o [1]
      .rodata             inited   0x8000'b660      0x8  fsl_csi.o [1]
      .rodata             inited   0x8000'b668      0x8  fsl_csi.o [1]
      .rodata             inited   0x8000'b670      0x4  fsl_csi.o [1]
      .rodata             inited   0x8000'b674      0x8  fsl_debug_console.o [1]
      .rodata             inited   0x8000'b67c     0x7c  fsl_debug_console.o [1]
      .rodata             inited   0x8000'b6f8      0xc  fsl_debug_console.o [1]
      .rodata             inited   0x8000'b704     0x28  fsl_debug_console.o [1]
      .rodata             inited   0x8000'b72c     0x10  fsl_debug_console.o [1]
      .rodata             inited   0x8000'b73c     0x64  fsl_edma.o [1]
      .rodata             inited   0x8000'b7a0     0x1c  fsl_edma.o [1]
      .rodata             inited   0x8000'b7bc      0xc  fsl_edma.o [1]
      .rodata             inited   0x8000'b7c8     0x3c  fsl_enet.o [1]
      .rodata             inited   0x8000'b804     0x64  fsl_enet.o [1]
      .rodata             inited   0x8000'b868      0xc  fsl_enet.o [1]
      .rodata             inited   0x8000'b874     0x64  fsl_flexcan.o [1]
      .rodata             inited   0x8000'b8d8     0x18  fsl_flexcan.o [1]
      .rodata             inited   0x8000'b8f0     0x18  fsl_flexcan.o [1]
      .rodata             inited   0x8000'b908     0x18  fsl_flexcan.o [1]
      .rodata             inited   0x8000'b920     0x10  fsl_gpio.o [1]
      .rodata             inited   0x8000'b930     0x64  fsl_gpio.o [1]
      .rodata             inited   0x8000'b994     0x3c  fsl_gpio.o [1]
      .rodata             inited   0x8000'b9d0     0x64  fsl_gpio.o [1]
      .rodata             inited   0x8000'ba34      0xc  fsl_gpio.o [1]
      .rodata             inited   0x8000'ba40     0x28  fsl_gpio.o [1]
      .rodata             inited   0x8000'ba68      0xc  fsl_gpio.o [1]
      .rodata             inited   0x8000'ba74     0x10  fsl_lpspi.o [1]
      .rodata             inited   0x8000'ba84     0x64  fsl_lpspi.o [1]
      .rodata             inited   0x8000'bae8     0x40  fsl_lpspi.o [1]
      .rodata             inited   0x8000'bb28     0x64  fsl_lpspi.o [1]
      .rodata             inited   0x8000'bb8c     0x10  fsl_lpspi.o [1]
      .rodata             inited   0x8000'bb9c     0x14  fsl_lpspi.o [1]
      .rodata             inited   0x8000'bbb0      0xc  fsl_lpspi.o [1]
      .rodata             inited   0x8000'bbbc      0x8  fsl_lpspi.o [1]
      .rodata             inited   0x8000'bbc4      0x8  fsl_lpspi.o [1]
      .rodata             inited   0x8000'bbcc     0x14  fsl_lpspi.o [1]
      .rodata             inited   0x8000'bbe0     0x14  fsl_lpspi.o [1]
      .rodata             inited   0x8000'bbf4     0x14  fsl_lpspi.o [1]
      .rodata             inited   0x8000'bc08     0x14  fsl_lpspi.o [1]
      .rodata             inited   0x8000'bc1c      0x8  fsl_lpspi.o [1]
      .rodata             inited   0x8000'bc24     0x14  fsl_lpspi.o [1]
      .rodata             inited   0x8000'bc38      0xc  fsl_lpspi.o [1]
      .rodata             inited   0x8000'bc44     0x10  fsl_lpuart.o [1]
      .rodata             inited   0x8000'bc54     0x64  fsl_lpuart.o [1]
      .rodata             inited   0x8000'bcb8     0x40  fsl_lpuart.o [1]
      .rodata             inited   0x8000'bcf8     0x64  fsl_lpuart.o [1]
      .rodata             inited   0x8000'bd5c      0xc  fsl_lpuart.o [1]
      .rodata             inited   0x8000'bd68      0xc  fsl_lpuart.o [1]
      .rodata             inited   0x8000'bd74      0xc  fsl_lpuart.o [1]
      .rodata             inited   0x8000'bd80     0x1c  fsl_lpuart.o [1]
      .rodata             inited   0x8000'bd9c     0x28  fsl_lpuart.o [1]
      .rodata             inited   0x8000'bdc4     0x28  fsl_lpuart.o [1]
      .rodata             inited   0x8000'bdec     0x24  fsl_lpuart.o [1]
      .rodata             inited   0x8000'be10     0x14  fsl_lpuart.o [1]
      .rodata             inited   0x8000'be24     0x14  fsl_lpuart.o [1]
      .rodata             inited   0x8000'be38     0x10  fsl_pit.o [1]
      .rodata             inited   0x8000'be48     0x64  fsl_pit.o [1]
      .rodata             inited   0x8000'beac     0x3c  fsl_pit.o [1]
      .rodata             inited   0x8000'bee8     0x60  fsl_pit.o [1]
      .rodata             inited   0x8000'bf48      0xc  fsl_pit.o [1]
      .rodata             inited   0x8000'bf54      0x4  fsl_pit.o [1]
      .rodata             inited   0x8000'bf58     0x10  fsl_pwm.o [1]
      .rodata             inited   0x8000'bf68     0x64  fsl_pwm.o [1]
      .rodata             inited   0x8000'bfcc     0x3c  fsl_pwm.o [1]
      .rodata             inited   0x8000'c008     0x60  fsl_pwm.o [1]
      .rodata             inited   0x8000'c068      0x8  fsl_pwm.o [1]
      .rodata             inited   0x8000'c070      0xc  fsl_pwm.o [1]
      .rodata             inited   0x8000'c07c      0xc  fsl_pwm.o [1]
      .rodata             inited   0x8000'c088      0xc  fsl_pwm.o [1]
      .rodata             inited   0x8000'c094      0xc  fsl_pwm.o [1]
      .rodata             inited   0x8000'c0a0     0x28  fsl_pwm.o [1]
      .rodata             inited   0x8000'c0c8     0x1c  fsl_pwm.o [1]
      .rodata             inited   0x8000'c0e4     0x1c  fsl_pwm.o [1]
      .rodata             inited   0x8000'c100     0x14  fsl_pwm.o [1]
      .rodata             inited   0x8000'c114     0x28  fsl_pwm.o [1]
      .rodata             inited   0x8000'c13c     0x10  fsl_qtmr.o [1]
      .rodata             inited   0x8000'c14c     0x64  fsl_qtmr.o [1]
      .rodata             inited   0x8000'c1b0     0x3c  fsl_qtmr.o [1]
      .rodata             inited   0x8000'c1ec     0x64  fsl_qtmr.o [1]
      .rodata             inited   0x8000'c250      0xc  fsl_qtmr.o [1]
      .rodata             inited   0x8000'c25c     0x14  fsl_qtmr.o [1]
      .rodata             inited   0x8000'c270      0xc  fsl_qtmr.o [1]
      .rodata             inited   0x8000'c27c     0x60  fsl_sai.o [1]
      .rodata             inited   0x8000'c2dc     0x18  fsl_sai.o [1]
      .rodata             inited   0x8000'c2f4     0x18  fsl_sai.o [1]
      .rodata             inited   0x8000'c30c      0xc  fsl_sdmmc_host.o [1]
      .rodata             inited   0x8000'c318     0x84  fsl_sdmmc_host.o [1]
      .rodata             inited   0x8000'c39c      0xc  fsl_usdhc.o [1]
      .rodata             inited   0x8000'c3a8     0x18  idle.o [1]
      .rodata             inited   0x8000'c3c0     0x28  idle.o [1]
      .rodata             inited   0x8000'c3e8      0x8  idle.o [1]
      .rodata             inited   0x8000'c3f0      0xc  ipc.o [1]
      .rodata             inited   0x8000'c3fc     0x10  ipc.o [1]
      .rodata             inited   0x8000'c40c     0x14  ipc.o [1]
      .rodata             inited   0x8000'c420     0x48  ipc.o [1]
      .rodata             inited   0x8000'c468     0x10  ipc.o [1]
      .rodata             inited   0x8000'c478     0x28  ipc.o [1]
      .rodata             inited   0x8000'c4a0      0xc  ipc.o [1]
      .rodata             inited   0x8000'c4ac     0x38  ipc.o [1]
      .rodata             inited   0x8000'c4e4     0x10  ipc.o [1]
      .rodata             inited   0x8000'c4f4     0x10  ipc.o [1]
      .rodata             inited   0x8000'c504     0x10  ipc.o [1]
      .rodata             inited   0x8000'c514     0x14  ipc.o [1]
      .rodata             inited   0x8000'c528     0x44  ipc.o [1]
      .rodata             inited   0x8000'c56c     0x10  ipc.o [1]
      .rodata             inited   0x8000'c57c     0x10  ipc.o [1]
      .rodata             inited   0x8000'c58c     0x40  ipc.o [1]
      .rodata             inited   0x8000'c5cc     0x10  ipc.o [1]
      .rodata             inited   0x8000'c5dc     0x14  ipc.o [1]
      .rodata             inited   0x8000'c5f0     0x10  ipc.o [1]
      .rodata             inited   0x8000'c600     0x44  ipc.o [1]
      .rodata             inited   0x8000'c644     0x10  ipc.o [1]
      .rodata             inited   0x8000'c654     0x10  ipc.o [1]
      .rodata             inited   0x8000'c664      0xc  ipc.o [1]
      .rodata             inited   0x8000'c670      0xc  kservice.o [1]
      .rodata             inited   0x8000'c67c     0x24  kservice.o [1]
      .rodata             inited   0x8000'c6a0     0x20  kservice.o [1]
      .rodata             inited   0x8000'c6c0      0xc  kservice.o [1]
      .rodata             inited   0x8000'c6cc     0x2c  kservice.o [1]
      .rodata             inited   0x8000'c6f8      0x8  kservice.o [1]
      .rodata             inited   0x8000'c700     0x38  kservice.o [1]
      .rodata             inited   0x8000'c738     0x14  kservice.o [1]
      .rodata             inited   0x8000'c74c     0x14  kservice.o [1]
      .rodata             inited   0x8000'c760    0x100  kservice.o [1]
      .rodata             inited   0x8000'c860      0x8  lpuart_adapter.o [1]
      .rodata             inited   0x8000'c868     0x70  lpuart_adapter.o [1]
      .rodata             inited   0x8000'c8d8      0x8  lpuart_adapter.o [1]
      .rodata             inited   0x8000'c8e0     0x4c  lpuart_adapter.o [1]
      .rodata             inited   0x8000'c92c     0x28  lpuart_adapter.o [1]
      .rodata             inited   0x8000'c954      0x8  lpuart_adapter.o [1]
      .rodata             inited   0x8000'c95c      0x8  lpuart_adapter.o [1]
      .rodata             inited   0x8000'c964     0x24  lpuart_adapter.o [1]
      .rodata             inited   0x8000'c988     0x10  main.o [1]
      .rodata             inited   0x8000'c998     0x10  main.o [1]
      .rodata             inited   0x8000'c9a8     0x10  main.o [1]
      .rodata             inited   0x8000'c9b8      0xc  main.o [1]
      .rodata             inited   0x8000'c9c4      0xc  main.o [1]
      .rodata             inited   0x8000'c9d0     0x10  main.o [1]
      .rodata             inited   0x8000'c9e0     0x10  main.o [1]
      .rodata             inited   0x8000'c9f0     0x10  main.o [1]
      .rodata             inited   0x8000'ca00     0x20  main.o [1]
      .rodata             inited   0x8000'ca20     0x88  main.o [1]
      .rodata             inited   0x8000'caa8      0x8  main.o [1]
      .rodata             inited   0x8000'cab0      0x8  main.o [1]
      .rodata             inited   0x8000'cab8      0x8  main.o [1]
      .rodata             inited   0x8000'cac0      0x8  main.o [1]
      .rodata             inited   0x8000'cac8      0x8  main.o [1]
      .rodata             inited   0x8000'cad0      0x8  main.o [1]
      .rodata             inited   0x8000'cad8      0x8  main.o [1]
      .rodata             inited   0x8000'cae0      0x8  main.o [1]
      .rodata             inited   0x8000'cae8      0x8  main.o [1]
      .rodata             inited   0x8000'caf0      0x8  main.o [1]
      .rodata             inited   0x8000'caf8      0x8  main.o [1]
      .rodata             inited   0x8000'cb00      0x8  main.o [1]
      .rodata             inited   0x8000'cb08      0x8  main.o [1]
      .rodata             inited   0x8000'cb10      0x8  main.o [1]
      .rodata             inited   0x8000'cb18     0x24  main.o [1]
      .rodata             inited   0x8000'cb3c     0x1c  main.o [1]
      .rodata             inited   0x8000'cb58     0xfc  main.o [1]
      .rodata             inited   0x8000'cc54     0x10  main.o [1]
      .rodata             inited   0x8000'cc64     0x64  main.o [1]
      .rodata             inited   0x8000'ccc8     0x24  main.o [1]
      .rodata             inited   0x8000'ccec     0x10  memheap.o [1]
      .rodata             inited   0x8000'ccfc     0x14  memheap.o [1]
      .rodata             inited   0x8000'cd10      0x8  memheap.o [1]
      .rodata             inited   0x8000'cd18     0x40  memheap.o [1]
      .rodata             inited   0x8000'cd58     0x14  memheap.o [1]
      .rodata             inited   0x8000'cd6c     0x10  memheap.o [1]
      .rodata             inited   0x8000'cd7c     0x10  memheap.o [1]
      .rodata             inited   0x8000'cd8c     0x3c  memheap.o [1]
      .rodata             inited   0x8000'cdc8     0x24  memheap.o [1]
      .rodata             inited   0x8000'cdec     0x40  memheap.o [1]
      .rodata             inited   0x8000'ce2c      0xc  memheap.o [1]
      .rodata             inited   0x8000'ce38     0x18  memheap.o [1]
      .rodata             inited   0x8000'ce50     0x1c  msh.o [1]
      .rodata             inited   0x8000'ce6c      0x8  msh.o [1]
      .rodata             inited   0x8000'ce74      0xc  msh.o [1]
      .rodata             inited   0x8000'ce80     0x20  msh.o [1]
      .rodata             inited   0x8000'cea0     0x10  msh.o [1]
      .rodata             inited   0x8000'ceb0      0x8  msh.o [1]
      .rodata             inited   0x8000'ceb8     0x18  msh.o [1]
      .rodata             inited   0x8000'ced0     0x10  object.o [1]
      .rodata             inited   0x8000'cee0     0x18  object.o [1]
      .rodata             inited   0x8000'cef8     0x10  object.o [1]
      .rodata             inited   0x8000'cf08     0x14  object.o [1]
      .rodata             inited   0x8000'cf1c     0x14  object.o [1]
      .rodata             inited   0x8000'cf30     0x14  object.o [1]
      .rodata             inited   0x8000'cf44     0x28  object.o [1]
      .rodata             inited   0x8000'cf6c     0x14  object.o [1]
      .rodata             inited   0x8000'cf80     0x2c  object.o [1]
      .rodata             inited   0x8000'cfac     0x1c  object.o [1]
      .rodata             inited   0x8000'cfc8     0x14  object.o [1]
      .rodata             inited   0x8000'cfdc     0x1c  scheduler.o [1]
      .rodata             inited   0x8000'cff8     0x14  scheduler.o [1]
      .rodata             inited   0x8000'd00c     0x1c  scheduler.o [1]
      .rodata             inited   0x8000'd028     0x38  scheduler.o [1]
      .rodata             inited   0x8000'd060     0x1c  scheduler.o [1]
      .rodata             inited   0x8000'd07c     0x1c  scheduler.o [1]
      .rodata             inited   0x8000'd098    0x474  SEEKFREE_FONT.o [1]
      .rodata             inited   0x8000'd50c    0x5f0  SEEKFREE_FONT.o [1]
      .rodata             inited   0x8000'dafc      0xc  serial_manager.o [1]
      .rodata             inited   0x8000'db08     0x7c  serial_manager.o [1]
      .rodata             inited   0x8000'db84      0x8  serial_manager.o [1]
      .rodata             inited   0x8000'db8c      0x8  serial_manager.o [1]
      .rodata             inited   0x8000'db94      0x8  serial_manager.o [1]
      .rodata             inited   0x8000'db9c      0xc  serial_manager.o [1]
      .rodata             inited   0x8000'dba8      0x8  serial_manager.o [1]
      .rodata             inited   0x8000'dbb0     0x10  serial_manager.o [1]
      .rodata             inited   0x8000'dbc0     0x10  serial_port_uart.o [1]
      .rodata             inited   0x8000'dbd0     0x7c  serial_port_uart.o [1]
      .rodata             inited   0x8000'dc4c     0x10  serial_port_uart.o [1]
      .rodata             inited   0x8000'dc5c      0x8  serial_port_uart.o [1]
      .rodata             inited   0x8000'dc64      0x8  serial_port_uart.o [1]
      .rodata             inited   0x8000'dc6c      0x8  shell.o [1]
      .rodata             inited   0x8000'dc74      0x8  shell.o [1]
[...]
                        0x8003'0ae5      0x4  Code  Gb  display_ui.o [1]
std::_String_const_iterator<std::_String_val<std::_Simple_types<char>>>::operator -(const std::_String_const_iterator<std::_String_val<std::_Simple_types<char>>>&) const
                        0x8003'0ae9     0x16  Code  Gb  display_ui.o [1]
std::_String_const_iterator<std::_String_val<std::_Simple_types<char>>>::operator ==(const std::_String_const_iterator<std::_String_val<std::_Simple_types<char>>>&) const
                        0x8003'0aff     0x32  Code  Gb  display_ui.o [1]
std::_String_iterator<std::_String_val<std::_Simple_types<char>>>::_String_iterator(char *, std::_Container_base0 const *)
                        0x8003'0b33     0x16  Code  Gb  display_ui.o [1]
std::_String_iterator<std::_String_val<std::_Simple_types<char>>>::operator *() const
                        0x8003'0b49      0xc  Code  Gb  display_ui.o [1]
std::_String_iterator<std::_String_val<std::_Simple_types<char>>>::operator -(std::_String_const_iterator<std::_String_val<std::_Simple_types<char>>> const &) const
                        0x8003'0b55     0x10  Code  Gb  display_ui.o [1]
std::_String_val<std::_Simple_types<char>>::_Myptr()
                        0x8003'1c43     0x16  Code  Gb  main.o [1]
std::_String_val<std::_Simple_types<char>>::_Myptr() const
                        0x8003'1c59     0x16  Code  Gb  main.o [1]
std::_String_val<std::_Simple_types<char>>::_Myptr2()
                        0x8003'0b65     0x16  Code  Gb  display_ui.o [1]
std::_String_val<std::_Simple_types<char>>::_String_val()
                        0x8003'1c39      0xa  Code  Gb  main.o [1]
std::_Wrap_alloc<std::allocator<char>>::_Wrap_alloc(const std::allocator<char>&)
                        0x8003'1bdd      0x2  Code  Gb  main.o [1]
std::_Wrap_alloc<std::allocator<char>>::_Wrap_alloc(const std::allocator<char>&) [subobject]
                        0x8003'1bd1      0xc  Code  Gb  main.o [1]
std::_Wrap_alloc<std::allocator<char>>::allocate(unsigned int)
                        0x8003'1bdf     0x10  Code  Gb  main.o [1]
std::_Wrap_alloc<std::allocator<char>>::deallocate(char *, unsigned int)
                        0x8003'1bef     0x14  Code  Gb  main.o [1]
std::_Wrap_alloc<std::allocator<char>>::max_size(std::_Nil) const
                        0x8003'1c2d      0xc  Code  Gb  main.o [1]
std::_Wrap_alloc<std::allocator<char>>::operator =(const std::_Wrap_alloc<std::allocator<char>>&)
                        0x8003'0a43     0x12  Code  Gb  display_ui.o [1]
std::allocator<char>::allocate(unsigned int)
                        0x8003'1b59     0x12  Code  Gb  main.o [1]
std::allocator<char>::deallocate(char *, unsigned int)
                        0x8003'1b47     0x12  Code  Gb  main.o [1]
std::allocator<char>::max_size() const
                        0x8003'1b93      0x8  Code  Gb  main.o [1]
std::allocator<char>::operator =(const std::allocator<char>&)
                        0x8003'09e9      0x2  Code  Gb  display_ui.o [1]
std::allocator_traits<std::allocator<char>>::max_size(const std::allocator<char>&)
                        0x8003'1bc5      0xc  Code  Gb  main.o [1]
std::char_traits<char>::assign(char &, char const &)
                        0x8003'1af3      0x6  Code  Gb  main.o [1]
std::char_traits<char>::compare(char const *, char const *, unsigned int)
                        0x8003'09cd     0x1c  Code  Gb  display_ui.o [1]
std::char_traits<char>::copy(char *, char const *, unsigned int)
                        0x8003'1aa3     0x28  Code  Gb  main.o [1]
std::char_traits<char>::length(char const *)
                        0x8003'1a8b     0x18  Code  Gb  main.o [1]
std::char_traits<char>::move(char *, char const *, unsigned int)
                        0x8003'1acb     0x28  Code  Gb  main.o [1]
std::enable_if<std::_Is_iterator<std::_String_iterator<std::_String_val<std::_Simple_types<char>>>, void>::value, std::string&>::type std::string::assign<std::_String_iterator<std::_String_val<std::_Simple_types<char>>>>(std::_String_iterator<std::_String_val<std::_Simple_types<char>>>, std::_String_iterator<std::_String_val<std::_Simple_types<char>>>)
                        0x8003'0e7d     0x26  Code  Gb  display_ui.o [1]
std::pointer_traits<char *>::pointer_to(char &)
                        0x8003'09f3      0xc  Code  Gb  display_ui.o [1]
std::remove_reference<char *&>::type && std::move<char *&>(char *& &&)
                        0x8003'1a85      0x2  Code  Gb  main.o [1]
std::remove_reference<std::_Wrap_alloc<std::allocator<char>> &>::type && std::move<std::_Wrap_alloc<std::allocator<char>> &>(std::_Wrap_alloc<std::allocator<char>> & &&)
                        0x8003'09c9      0x2  Code  Gb  display_ui.o [1]
std::remove_reference<std::string&>::type && std::move<std::string&>(std::string& &&)
                        0x8003'09cb      0x2  Code  Gb  display_ui.o [1]
std::string && std::forward<std::string>(std::remove_reference<std::string>::type &)
                        0x8003'09c7      0x2  Code  Gb  display_ui.o [1]
std::string std::operator +<char, std::char_traits<char>, std::allocator<char>>(char const *, const std::string&)
                        0x8003'1573     0x38  Code  Gb  display_ui.o [1]
std::string std::operator +<char, std::char_traits<char>, std::allocator<char>>(char const *, std::string&&)
                        0x8003'163f     0x20  Code  Gb  display_ui.o [1]
std::string std::operator +<char, std::char_traits<char>, std::allocator<char>>(std::string&&, char const *)
                        0x8003'165f     0x1e  Code  Gb  display_ui.o [1]
std::string std::operator +<char, std::char_traits<char>, std::allocator<char>>(std::string&&, const std::string&)
                        0x8003'15ab     0x1e  Code  Gb  display_ui.o [1]
std::string std::operator +<char, std::char_traits<char>, std::allocator<char>>(std::string&&, std::string&&)
                        0x8003'15c9     0x76  Code  Gb  display_ui.o [1]
std::string::_Assign_rv(std::string&&)
                        0x8003'0c79     0x8c  Code  Gb  display_ui.o [1]
std::string::_Chassign(unsigned int, unsigned int, char)
                        0x8003'2603     0x26  Code  Gb  string.o [3]
std::string::_Copy(unsigned int, unsigned int)
                        0x8003'1ed1     0xdc  Code  Gb  main.o [1]
std::string::_Eos(unsigned int)
                        0x8003'1fad     0x28  Code  Gb  main.o [1]
std::string::_Grow(unsigned int, bool)
                        0x8003'1fd5     0x7c  Code  Gb  main.o [1]
std::string::_Inside(char const *)
                        0x8003'2051     0x32  Code  Gb  main.o [1]
std::string::_Tidy(bool, unsigned int)
                        0x8003'2083     0x84  Code  Gb  main.o [1]
std::string::append(char const *)
                        0x8003'0e65     0x18  Code  Gb  display_ui.o [1]
std::string::append(char const *, unsigned int)
                        0x8003'0ddd     0x88  Code  Gb  display_ui.o [1]
std::string::append(const std::string&)
                        0x8003'0d35     0x16  Code  Gb  display_ui.o [1]
std::string::append(const std::string&, unsigned int, unsigned int)
                        0x8003'0d4b     0x92  Code  Gb  display_ui.o [1]
std::string::assign(char const *)
                        0x8003'1e03     0x18  Code  Gb  main.o [1]
std::string::assign(char const *, unsigned int)
                        0x8003'1db1     0x52  Code  Gb  main.o [1]
std::string::assign(const std::string&, unsigned int, unsigned int)
                        0x8003'1d37     0x7a  Code  Gb  main.o [1]
std::string::basic_string()
                        0x8003'0bad     0x1a  Code  Gb  display_ui.o [1]
std::string::basic_string(char const *)
                        0x8003'1d01     0x24  Code  Gb  main.o [1]
std::string::basic_string(char const *, unsigned int)
                        0x8003'2503     0x70  Code  Gb  string.o [3]
std::string::basic_string(std::string&&)
                        0x8003'0bc7     0x34  Code  Gb  display_ui.o [1]
std::string::basic_string(unsigned int, char)
                        0x8003'2573     0x44  Code  Gb  string.o [3]
std::string::begin()    0x8003'141f     0x20  Code  Gb  display_ui.o [1]
std::string::c_str() const
                        0x8003'147b      0xc  Code  Gb  display_ui.o [1]
std::string::capacity() const
                        0x8003'1493      0xe  Code  Gb  display_ui.o [1]
std::string::compare(char const *) const
                        0x8003'14df     0x24  Code  Gb  display_ui.o [1]
std::string::compare(unsigned int, unsigned int, char const *, unsigned int) const
                        0x8003'1503     0x70  Code  Gb  display_ui.o [1]
std::string::data() const
                        0x8003'1487      0xc  Code  Gb  display_ui.o [1]
std::string::end()      0x8003'143f     0x2c  Code  Gb  display_ui.o [1]
std::string::erase(unsigned int)
                        0x8003'1e1b     0x22  Code  Gb  main.o [1]
std::string::erase(unsigned int, unsigned int)
                        0x8003'1e3d     0x6a  Code  Gb  main.o [1]
std::string::insert(unsigned int, char const *)
                        0x8003'1063     0x1c  Code  Gb  display_ui.o [1]
std::string::insert(unsigned int, char const *, unsigned int)
                        0x8003'0fa9     0xba  Code  Gb  display_ui.o [1]
std::string::insert(unsigned int, const std::string&)
                        0x8003'0ea3     0x1c  Code  Gb  display_ui.o [1]
std::string::insert(unsigned int, const std::string&, unsigned int, unsigned int)
                        0x8003'0ebf     0xea  Code  Gb  display_ui.o [1]
std::string::max_size() const
                        0x8003'1eb5     0x1c  Code  Gb  main.o [1]
std::string::operator +=(char const *)
                        0x8003'0d25     0x10  Code  Gb  display_ui.o [1]
std::string::operator +=(const std::string&)
                        0x8003'0d15     0x10  Code  Gb  display_ui.o [1]
std::string::operator =(char const *)
                        0x8003'0d05     0x10  Code  Gb  display_ui.o [1]
std::string::operator =(std::string&&)
                        0x8003'0bfb     0x7e  Code  Gb  display_ui.o [1]
std::string::operator [](unsigned int)
                        0x8003'146b     0x10  Code  Gb  display_ui.o [1]
std::string::replace(std::_String_const_iterator<std::_String_val<std::_Simple_types<char>>>, std::_String_const_iterator<std::_String_val<std::_Simple_types<char>>>, std::_String_iterator<std::_String_val<std::_Simple_types<char>>>, std::_String_iterator<std::_String_val<std::_Simple_types<char>>>)
                        0x8003'13a7     0x78  Code  Gb  display_ui.o [1]
std::string::replace(unsigned int, unsigned int, char const *, unsigned int)
                        0x8003'1291    0x116  Code  Gb  display_ui.o [1]
std::string::replace(unsigned int, unsigned int, const std::string&, unsigned int, unsigned int)
                        0x8003'107f    0x212  Code  Gb  display_ui.o [1]
std::string::reserve(unsigned int)
                        0x8003'14a1     0x3e  Code  Gb  display_ui.o [1]
std::string::resize(unsigned int)
                        0x8003'25b7     0x4c  Code  Gb  string.o [3]
std::string::size() const
                        0x8003'1ea7      0xe  Code  Gb  main.o [1]
std::string::~basic_string()
                        0x8003'1d25     0x12  Code  Gb  main.o [1]
std::to_string(float)   0x8002'da87     0x4e  Code  Gb  string.o [3]
std::to_string(int)     0x8002'da25     0x20  Code  Gb  string.o [3]
std::to_string(unsigned long long)
                        0x8002'da65     0x22  Code  Gb  string.o [3]
std::to_string(unsigned long)
                        0x8002'da45     0x20  Code  Gb  string.o [3]
steer                   0x2000'c53c     0xcc  Data  Gb  main.o [1]
steer_ctrl::init()      0x8001'27c5     0x36  Code  Gb  ctrl_steer.o [1]
steer_ctrl::solve_mid_error()
                        0x8001'27fd     0x9a  Code  Gb  ctrl_steer.o [1]
steer_ctrl::steer_ctrl()
                        0x8001'ff01     0x50  Code  Gb  main.o [1]
steer_ctrl::update_fuzzy_pid()
                        0x8001'2899    0x104  Code  Gb  ctrl_steer.o [1]
steer_f                 0x2000'cfc8    0x1b4  Data  Gb  main.o [1]
steer_fuzzy::fuzzy(int, int)
                        0x8001'21f1    0x5d4  Code  Gb  ctrl_steer.o [1]
steer_fuzzy::steer_fuzzy()
                        0x8001'ff51     0x78  Code  Gb  main.o [1]
stop_judge()            0x8001'5ce9     0x64  Code  Gb  f_elems.o [1]
str_common              0x8002'06f1     0x2c  Code  Lc  msh.o [1]
strcat                  0x8003'2659     0x1e  Code  Gb  strcat.o [2]
strchr                  0x8003'0995           Code  Gb  strchr.o [5]
strcmp                  0x8002'da11           Code  Gb  strcmp.o [5]
strcpy                  0x8002'ea4d           Code  Gb  strcpy.o [5]
strlen                  0x8002'dd09           Code  Gb  strlen.o [5]
strncmp                 0x8003'24c7     0x28  Code  Gb  strncmp.o [2]
strncpy                 0x8002'dd41           Code  Gb  strncpy.o [5]
strtol                  0x8003'2721      0x4  Code  Gb  iar_Stolx.o [2]
strtoul                 0x8002'df01      0x2  Code  Gb  iar_Stoulx.o [2]
systick_delay_ms        0x8002'cf79      0xc  Code  Gb  zf_systick.o [1]
tan                     0x8002'd4f9    0x27c  Code  Gb  tan64.o [4]
tanl                    0x8002'd4f9    0x27c  Code  Gb  tan64.o [4]
task_ctrl(int)          0x8001'ed97     0xa6  Code  Gb  main.o [1]
tenc()                  0x8002'284b     0x3c  Code  Gb  test.o [1]
tservo(int, char **)    0x8002'2887     0x1c  Code  Gb  test.o [1]
tservo2(int, char **)   0x8002'28a3     0x1c  Code  Gb  test.o [1]
tweak_auto_exp()        0x8001'32ef     0x58  Code  Gb  display_ui.o [1]
tweak_bright()          0x8001'3297     0x58  Code  Gb  display_ui.o [1]
tweak_threshold()       0x8001'3347     0x58  Code  Gb  display_ui.o [1]
uart_init               0x8002'd2db     0x6e  Code  Gb  zf_uart.o [1]
uart_iomuxc             0x8002'cf8d    0x34e  Code  Gb  zf_uart.o [1]
uart_mb                 0x2000'01a4      0x4  Data  Gb  board.o [1]
uart_putbuff            0x8002'd371     0x1c  Code  Gb  zf_uart.o [1]
uart_putchar            0x8002'd349     0x28  Code  Gb  zf_uart.o [1]
uart_putstr             0x8002'd38d     0x22  Code  Gb  zf_uart.o [1]
uart_receive_flag       0x2000'd4c5      0x1  Data  Gb  SEEKFREE_MT9V03X.o [1]
uart_rx_irq             0x8002'd3af     0x36  Code  Gb  zf_uart.o [1]
uart_set_handle         0x8002'd3e5     0x3c  Code  Gb  zf_uart.o [1]
ui_modify_fresh()       0x8001'2dc9    0x162  Code  Gb  display_ui.o [1]
ui_modify_y             0x2003'4720     0x70  Data  Gb  display_ui.o [1]
ui_option               0x2003'4800     0x20  Data  Gb  display_ui.o [1]
ui_param_fresh()        0x8001'2b13    0x2a6  Code  Gb  display_ui.o [1]
ui_param_y              0x2003'3f00    0x510  Data  Gb  display_ui.o [1]
ui_title_fresh(void *)  0x8001'2a0b    0x108  Code  Gb  display_ui.o [1]
ui_title_y              0x2003'45f0     0xa0  Data  Gb  display_ui.o [1]
ui_type                 0x2000'028c     0x18  Data  Gb  display_ui.o [1]
ulog                    0x2000'e560    0x138  Data  Lc  ulog.o [1]
ulog_backend_register   0x8002'373d     0x86  Code  Gb  ulog.o [1]
ulog_backend_register::__FUNCTION__
                        0x8000'e0d0     0x18  Data  Lc  ulog.o [1]
ulog_console_backend_init
                        0x8001'0b1b     0x18  Code  Gb  console_be.o [1]
ulog_console_backend_output
                        0x8001'0b01     0x1a  Code  Gb  console_be.o [1]
ulog_formater::__FUNCTION__
                        0x8000'e070     0x10  Data  Lc  ulog.o [1]
ulog_formater::fmt_result
                        0x2000'e6a0      0x4  Data  Lc  ulog.o [1]
ulog_formater::log_len  0x2000'e698      0x4  Data  Lc  ulog.o [1]
ulog_formater::newline_len
                        0x2000'e69c      0x4  Data  Lc  ulog.o [1]
ulog_formater{6}::tick_len
                        0x2000'e6a4      0x4  Data  Lc  ulog.o [1]
ulog_init               0x8002'37c3     0x28  Code  Gb  ulog.o [1]
ulog_output             0x8002'3707     0x24  Code  Gb  ulog.o [1]
ulog_output_to_all_backend
                        0x8002'359b     0x9a  Code  Gb  ulog.o [1]
ulog_strcpy             0x8002'34af     0x4a  Code  Gb  ulog.o [1]
ulog_strcpy::__FUNCTION__
                        0x8000'e064      0xc  Data  Lc  ulog.o [1]
ulog_ultoa              0x8002'34f9     0x44  Code  Gb  ulog.o [1]
ulog_voutput            0x8002'3675     0x92  Code  Gb  ulog.o [1]
ulog_voutput::__FUNCTION__
                        0x8000'e0b0     0x10  Data  Lc  ulog.o [1]
upload_zf_bin()         0x8002'420f     0x30  Code  Gb  util.o [1]
upload_zf_gray()        0x8002'423f     0x32  Code  Gb  util.o [1]
usage_fault_track       0x8001'0cc3     0x62  Code  Lc  cpuport.o [1]
version                 0x8001'0021      0xa  Code  Gb  cmd.o [1]
void std::_Deallocate<char>(char *, unsigned int)
                        0x8003'1b39      0xe  Code  Gb  main.o [1]
void std::_Pocma<std::_Wrap_alloc<std::allocator<char>>>(std::_Wrap_alloc<std::allocator<char>> &, std::_Wrap_alloc<std::allocator<char>> &)
                        0x8003'0ab1     0x12  Code  Gb  display_ui.o [1]
void std::_Pocma<std::_Wrap_alloc<std::allocator<char>>>(std::_Wrap_alloc<std::allocator<char>> &, std::_Wrap_alloc<std::allocator<char>> &, std::integral_constant<bool, (bool)1>)
                        0x8003'0a9b     0x16  Code  Gb  display_ui.o [1]
void std::_Wrap_alloc<std::allocator<char>>::construct<char *, char *&>(char * *, char *& &&...)
                        0x8003'0a55     0x1a  Code  Gb  display_ui.o [1]
void std::_Wrap_alloc<std::allocator<char>>::construct<char *, char *>(char * *, char * &&...)
                        0x8003'1c03     0x1a  Code  Gb  main.o [1]
void std::_Wrap_alloc<std::allocator<char>>::destroy<char *>(char * *)
                        0x8003'1c1d     0x10  Code  Gb  main.o [1]
void std::allocator<char>::construct<char *, char *&>(char * *, char *& &&...)
                        0x8003'09ff     0x26  Code  Gb  display_ui.o [1]
void std::allocator<char>::construct<char *, char *>(char * *, char * &&...)
                        0x8003'1b6b     0x26  Code  Gb  main.o [1]
void std::allocator<char>::destroy<char *>(char * *)
                        0x8003'1b91      0x2  Code  Gb  main.o [1]
void std::allocator_traits<std::allocator<char>>::construct<char *, char *&>(std::allocator<char>&, char * *, char *& &&...)
                        0x8003'0a29     0x1a  Code  Gb  display_ui.o [1]
void std::allocator_traits<std::allocator<char>>::construct<char *, char *>(std::allocator<char>&, char * *, char * &&...)
                        0x8003'1b9b     0x1a  Code  Gb  main.o [1]
void std::allocator_traits<std::allocator<char>>::destroy<char *>(std::allocator<char>&, char * *)
                        0x8003'1bb5     0x10  Code  Gb  main.o [1]
vsnprintf               0x8002'ea09     0x3c  Code  Gb  vsnprint.o [2]
wheel::get_speed()      0x8001'f95d     0x70  Code  Gb  main.o [1]
wheel::init()           0x8001'1035     0x88  Code  Gb  ctrl_chassis.o [1]
wheel::set_speed(float)
                        0x8003'09bf      0x6  Code  Gb  ctrl_chassis.o [1]
wheel::update()         0x8003'1a25     0x20  Code  Gb  main.o [1]
wheel::update_current()
                        0x8001'f9cd    0x140  Code  Gb  main.o [1]
wheel::wheel()          0x8001'f91d     0x40  Code  Gb  main.o [1]
wheel::wheel(motor, encoder, pos_pid, cur_pid)
                        0x8001'0fdd     0x58  Code  Gb  ctrl_chassis.o [1]
x_1                     0x2000'02a4     0x1c  Data  Gb  display_ui.o [1]


[1] = C:\Users\lithiumice\Desktop\MyProjects\libs\RT1064_iar\Project\IAR_QUAD\program\nor_sdram_zf_dtcm\Obj
[2] = dl7M_tln.a
[3] = dlpp7M_tl_nc.a
[4] = m7M_tlv.a
[5] = rt7M_tl.a
[6] = shb_l.a

    1 310 bytes of readonly  code memory
  145 712 bytes of readwrite code memory
  107 346 bytes of readonly  data memory
  396 468 bytes of readwrite data memory

Errors: none
Warnings: none
