###############################################################################
#
# IAR ELF Linker V8.32.3.193/W32 for ARM                  22/Aug/2021  14:34:32
# Copyright 2007-2019 IAR Systems AB.
#
#    Output file  =  
#        C:\Users\Asus\StupidCar_guosaiqian_test\Project\IAR_QUAD\program\nor_sdram_zf_dtcm\Exe\RT106X.out
#    Map file     =  
#        C:\Users\Asus\StupidCar_guosaiqian_test\Project\IAR_QUAD\program\nor_sdram_zf_dtcm\List\RT106X.map
#    Command line =  
#        -f C:\Users\Asus\AppData\Local\Temp\EW275F.tmp
#        (C:\Users\Asus\StupidCar_guosaiqian_test\Project\IAR_QUAD\program\nor_sdram_zf_dtcm\Obj\agile_button.o
#        C:\Users\Asus\StupidCar_guosaiqian_test\Project\IAR_QUAD\program\nor_sdram_zf_dtcm\Obj\board.o
#        C:\Users\Asus\StupidCar_guosaiqian_test\Project\IAR_QUAD\program\nor_sdram_zf_dtcm\Obj\clock.o
#        C:\Users\Asus\StupidCar_guosaiqian_test\Project\IAR_QUAD\program\nor_sdram_zf_dtcm\Obj\clock_config.o
#        C:\Users\Asus\StupidCar_guosaiqian_test\Project\IAR_QUAD\program\nor_sdram_zf_dtcm\Obj\cmd.o
#        C:\Users\Asus\StupidCar_guosaiqian_test\Project\IAR_QUAD\program\nor_sdram_zf_dtcm\Obj\common.o
#        C:\Users\Asus\StupidCar_guosaiqian_test\Project\IAR_QUAD\program\nor_sdram_zf_dtcm\Obj\components.o
#        C:\Users\Asus\StupidCar_guosaiqian_test\Project\IAR_QUAD\program\nor_sdram_zf_dtcm\Obj\console_be.o
#        C:\Users\Asus\StupidCar_guosaiqian_test\Project\IAR_QUAD\program\nor_sdram_zf_dtcm\Obj\context_iar.o
#        C:\Users\Asus\StupidCar_guosaiqian_test\Project\IAR_QUAD\program\nor_sdram_zf_dtcm\Obj\cpu.o
#        C:\Users\Asus\StupidCar_guosaiqian_test\Project\IAR_QUAD\program\nor_sdram_zf_dtcm\Obj\cpu_cache.o
#        C:\Users\Asus\StupidCar_guosaiqian_test\Project\IAR_QUAD\program\nor_sdram_zf_dtcm\Obj\cpuport.o
#        C:\Users\Asus\StupidCar_guosaiqian_test\Project\IAR_QUAD\program\nor_sdram_zf_dtcm\Obj\crt_init.o
#        C:\Users\Asus\StupidCar_guosaiqian_test\Project\IAR_QUAD\program\nor_sdram_zf_dtcm\Obj\ctrl_chassis.o
#        C:\Users\Asus\StupidCar_guosaiqian_test\Project\IAR_QUAD\program\nor_sdram_zf_dtcm\Obj\ctrl_dymparam.o
#        C:\Users\Asus\StupidCar_guosaiqian_test\Project\IAR_QUAD\program\nor_sdram_zf_dtcm\Obj\ctrl_inoutdev.o
#        C:\Users\Asus\StupidCar_guosaiqian_test\Project\IAR_QUAD\program\nor_sdram_zf_dtcm\Obj\ctrl_openart.o
#        C:\Users\Asus\StupidCar_guosaiqian_test\Project\IAR_QUAD\program\nor_sdram_zf_dtcm\Obj\ctrl_steer.o
#        C:\Users\Asus\StupidCar_guosaiqian_test\Project\IAR_QUAD\program\nor_sdram_zf_dtcm\Obj\cxx_crt.o
#        C:\Users\Asus\StupidCar_guosaiqian_test\Project\IAR_QUAD\program\nor_sdram_zf_dtcm\Obj\cxx_Mutex.o
#        C:\Users\Asus\StupidCar_guosaiqian_test\Project\IAR_QUAD\program\nor_sdram_zf_dtcm\Obj\cxx_Semaphore.o
#        C:\Users\Asus\StupidCar_guosaiqian_test\Project\IAR_QUAD\program\nor_sdram_zf_dtcm\Obj\cxx_Thread.o
#        C:\Users\Asus\StupidCar_guosaiqian_test\Project\IAR_QUAD\program\nor_sdram_zf_dtcm\Obj\device.o
#        C:\Users\Asus\StupidCar_guosaiqian_test\Project\IAR_QUAD\program\nor_sdram_zf_dtcm\Obj\diskio.o
#        C:\Users\Asus\StupidCar_guosaiqian_test\Project\IAR_QUAD\program\nor_sdram_zf_dtcm\Obj\display_ui.o
#        C:\Users\Asus\StupidCar_guosaiqian_test\Project\IAR_QUAD\program\nor_sdram_zf_dtcm\Obj\easyblink.o
#        C:\Users\Asus\StupidCar_guosaiqian_test\Project\IAR_QUAD\program\nor_sdram_zf_dtcm\Obj\evkmimxrt1064_flexspi_nor_config.o
#        C:\Users\Asus\StupidCar_guosaiqian_test\Project\IAR_QUAD\program\nor_sdram_zf_dtcm\Obj\evkmimxrt1064_sdram_ini_dcd.o
#        C:\Users\Asus\StupidCar_guosaiqian_test\Project\IAR_QUAD\program\nor_sdram_zf_dtcm\Obj\f_cross.o
#        C:\Users\Asus\StupidCar_guosaiqian_test\Project\IAR_QUAD\program\nor_sdram_zf_dtcm\Obj\f_curve.o
#        C:\Users\Asus\StupidCar_guosaiqian_test\Project\IAR_QUAD\program\nor_sdram_zf_dtcm\Obj\f_elems.o
#        C:\Users\Asus\StupidCar_guosaiqian_test\Project\IAR_QUAD\program\nor_sdram_zf_dtcm\Obj\f_garage.o
#        C:\Users\Asus\StupidCar_guosaiqian_test\Project\IAR_QUAD\program\nor_sdram_zf_dtcm\Obj\f_loop.o
#        C:\Users\Asus\StupidCar_guosaiqian_test\Project\IAR_QUAD\program\nor_sdram_zf_dtcm\Obj\f_qrcode.o
#        C:\Users\Asus\StupidCar_guosaiqian_test\Project\IAR_QUAD\program\nor_sdram_zf_dtcm\Obj\f_ramp.o
#        C:\Users\Asus\StupidCar_guosaiqian_test\Project\IAR_QUAD\program\nor_sdram_zf_dtcm\Obj\f_yroad.o
#        C:\Users\Asus\StupidCar_guosaiqian_test\Project\IAR_QUAD\program\nor_sdram_zf_dtcm\Obj\ff.o
#        C:\Users\Asus\StupidCar_guosaiqian_test\Project\IAR_QUAD\program\nor_sdram_zf_dtcm\Obj\ffsystem.o
#        C:\Users\Asus\StupidCar_guosaiqian_test\Project\IAR_QUAD\program\nor_sdram_zf_dtcm\Obj\ffunicode.o
#        C:\Users\Asus\StupidCar_guosaiqian_test\Project\IAR_QUAD\program\nor_sdram_zf_dtcm\Obj\finsh_compiler.o
#        C:\Users\Asus\StupidCar_guosaiqian_test\Project\IAR_QUAD\program\nor_sdram_zf_dtcm\Obj\finsh_error.o
#        C:\Users\Asus\StupidCar_guosaiqian_test\Project\IAR_QUAD\program\nor_sdram_zf_dtcm\Obj\finsh_heap.o
#        C:\Users\Asus\StupidCar_guosaiqian_test\Project\IAR_QUAD\program\nor_sdram_zf_dtcm\Obj\finsh_init.o
#        C:\Users\Asus\StupidCar_guosaiqian_test\Project\IAR_QUAD\program\nor_sdram_zf_dtcm\Obj\finsh_node.o
#        C:\Users\Asus\StupidCar_guosaiqian_test\Project\IAR_QUAD\program\nor_sdram_zf_dtcm\Obj\finsh_parser.o
#        C:\Users\Asus\StupidCar_guosaiqian_test\Project\IAR_QUAD\program\nor_sdram_zf_dtcm\Obj\finsh_token.o
#        C:\Users\Asus\StupidCar_guosaiqian_test\Project\IAR_QUAD\program\nor_sdram_zf_dtcm\Obj\finsh_var.o
#        C:\Users\Asus\StupidCar_guosaiqian_test\Project\IAR_QUAD\program\nor_sdram_zf_dtcm\Obj\finsh_vm.o
#        C:\Users\Asus\StupidCar_guosaiqian_test\Project\IAR_QUAD\program\nor_sdram_zf_dtcm\Obj\fsl_adc.o
#        C:\Users\Asus\StupidCar_guosaiqian_test\Project\IAR_QUAD\program\nor_sdram_zf_dtcm\Obj\fsl_adc_etc.o
#        C:\Users\Asus\StupidCar_guosaiqian_test\Project\IAR_QUAD\program\nor_sdram_zf_dtcm\Obj\fsl_aipstz.o
#        C:\Users\Asus\StupidCar_guosaiqian_test\Project\IAR_QUAD\program\nor_sdram_zf_dtcm\Obj\fsl_aoi.o
#        C:\Users\Asus\StupidCar_guosaiqian_test\Project\IAR_QUAD\program\nor_sdram_zf_dtcm\Obj\fsl_assert.o
#        C:\Users\Asus\StupidCar_guosaiqian_test\Project\IAR_QUAD\program\nor_sdram_zf_dtcm\Obj\fsl_bee.o
#        C:\Users\Asus\StupidCar_guosaiqian_test\Project\IAR_QUAD\program\nor_sdram_zf_dtcm\Obj\fsl_cache.o
#        C:\Users\Asus\StupidCar_guosaiqian_test\Project\IAR_QUAD\program\nor_sdram_zf_dtcm\Obj\fsl_clock.o
#        C:\Users\Asus\StupidCar_guosaiqian_test\Project\IAR_QUAD\program\nor_sdram_zf_dtcm\Obj\fsl_cmp.o
#        C:\Users\Asus\StupidCar_guosaiqian_test\Project\IAR_QUAD\program\nor_sdram_zf_dtcm\Obj\fsl_common.o
#        C:\Users\Asus\StupidCar_guosaiqian_test\Project\IAR_QUAD\program\nor_sdram_zf_dtcm\Obj\fsl_csi.o
#        C:\Users\Asus\StupidCar_guosaiqian_test\Project\IAR_QUAD\program\nor_sdram_zf_dtcm\Obj\fsl_dcdc.o
#        C:\Users\Asus\StupidCar_guosaiqian_test\Project\IAR_QUAD\program\nor_sdram_zf_dtcm\Obj\fsl_dcp.o
#        C:\Users\Asus\StupidCar_guosaiqian_test\Project\IAR_QUAD\program\nor_sdram_zf_dtcm\Obj\fsl_debug_console.o
#        C:\Users\Asus\StupidCar_guosaiqian_test\Project\IAR_QUAD\program\nor_sdram_zf_dtcm\Obj\fsl_dmamux.o
#        C:\Users\Asus\StupidCar_guosaiqian_test\Project\IAR_QUAD\program\nor_sdram_zf_dtcm\Obj\fsl_edma.o
#        C:\Users\Asus\StupidCar_guosaiqian_test\Project\IAR_QUAD\program\nor_sdram_zf_dtcm\Obj\fsl_elcdif.o
#        C:\Users\Asus\StupidCar_guosaiqian_test\Project\IAR_QUAD\program\nor_sdram_zf_dtcm\Obj\fsl_enc.o
#        C:\Users\Asus\StupidCar_guosaiqian_test\Project\IAR_QUAD\program\nor_sdram_zf_dtcm\Obj\fsl_enet.o
#        C:\Users\Asus\StupidCar_guosaiqian_test\Project\IAR_QUAD\program\nor_sdram_zf_dtcm\Obj\fsl_ewm.o
#        C:\Users\Asus\StupidCar_guosaiqian_test\Project\IAR_QUAD\program\nor_sdram_zf_dtcm\Obj\fsl_flexcan.o
#        C:\Users\Asus\StupidCar_guosaiqian_test\Project\IAR_QUAD\program\nor_sdram_zf_dtcm\Obj\fsl_flexio.o
#        C:\Users\Asus\StupidCar_guosaiqian_test\Project\IAR_QUAD\program\nor_sdram_zf_dtcm\Obj\fsl_flexio_camera.o
#        C:\Users\Asus\StupidCar_guosaiqian_test\Project\IAR_QUAD\program\nor_sdram_zf_dtcm\Obj\fsl_flexio_i2c_master.o
#        C:\Users\Asus\StupidCar_guosaiqian_test\Project\IAR_QUAD\program\nor_sdram_zf_dtcm\Obj\fsl_flexio_i2s.o
#        C:\Users\Asus\StupidCar_guosaiqian_test\Project\IAR_QUAD\program\nor_sdram_zf_dtcm\Obj\fsl_flexio_i2s_edma.o
#        C:\Users\Asus\StupidCar_guosaiqian_test\Project\IAR_QUAD\program\nor_sdram_zf_dtcm\Obj\fsl_flexio_spi.o
#        C:\Users\Asus\StupidCar_guosaiqian_test\Project\IAR_QUAD\program\nor_sdram_zf_dtcm\Obj\fsl_flexio_spi_edma.o
#        C:\Users\Asus\StupidCar_guosaiqian_test\Project\IAR_QUAD\program\nor_sdram_zf_dtcm\Obj\fsl_flexio_uart.o
#        C:\Users\Asus\StupidCar_guosaiqian_test\Project\IAR_QUAD\program\nor_sdram_zf_dtcm\Obj\fsl_flexio_uart_edma.o
#        C:\Users\Asus\StupidCar_guosaiqian_test\Project\IAR_QUAD\program\nor_sdram_zf_dtcm\Obj\fsl_flexram.o
#        C:\Users\Asus\StupidCar_guosaiqian_test\Project\IAR_QUAD\program\nor_sdram_zf_dtcm\Obj\fsl_flexspi.o
#        C:\Users\Asus\StupidCar_guosaiqian_test\Project\IAR_QUAD\program\nor_sdram_zf_dtcm\Obj\fsl_flexspi_nor_boot.o
#        C:\Users\Asus\StupidCar_guosaiqian_test\Project\IAR_QUAD\program\nor_sdram_zf_dtcm\Obj\fsl_gpc.o
#        C:\Users\Asus\StupidCar_guosaiqian_test\Project\IAR_QUAD\program\nor_sdram_zf_dtcm\Obj\fsl_gpio.o
#        C:\Users\Asus\StupidCar_guosaiqian_test\Project\IAR_QUAD\program\nor_sdram_zf_dtcm\Obj\fsl_gpt.o
#        C:\Users\Asus\StupidCar_guosaiqian_test\Project\IAR_QUAD\program\nor_sdram_zf_dtcm\Obj\fsl_kpp.o
#        C:\Users\Asus\StupidCar_guosaiqian_test\Project\IAR_QUAD\program\nor_sdram_zf_dtcm\Obj\fsl_lpi2c.o
#        C:\Users\Asus\StupidCar_guosaiqian_test\Project\IAR_QUAD\program\nor_sdram_zf_dtcm\Obj\fsl_lpi2c_edma.o
#        C:\Users\Asus\StupidCar_guosaiqian_test\Project\IAR_QUAD\program\nor_sdram_zf_dtcm\Obj\fsl_lpspi.o
#        C:\Users\Asus\StupidCar_guosaiqian_test\Project\IAR_QUAD\program\nor_sdram_zf_dtcm\Obj\fsl_lpspi_edma.o
#        C:\Users\Asus\StupidCar_guosaiqian_test\Project\IAR_QUAD\program\nor_sdram_zf_dtcm\Obj\fsl_lpuart.o
#        C:\Users\Asus\StupidCar_guosaiqian_test\Project\IAR_QUAD\program\nor_sdram_zf_dtcm\Obj\fsl_lpuart_edma.o
#        C:\Users\Asus\StupidCar_guosaiqian_test\Project\IAR_QUAD\program\nor_sdram_zf_dtcm\Obj\fsl_mmc.o
#        C:\Users\Asus\StupidCar_guosaiqian_test\Project\IAR_QUAD\program\nor_sdram_zf_dtcm\Obj\fsl_notifier.o
#        C:\Users\Asus\StupidCar_guosaiqian_test\Project\IAR_QUAD\program\nor_sdram_zf_dtcm\Obj\fsl_ocotp.o
#        C:\Users\Asus\StupidCar_guosaiqian_test\Project\IAR_QUAD\program\nor_sdram_zf_dtcm\Obj\fsl_os_abstraction_bm.o
#        C:\Users\Asus\StupidCar_guosaiqian_test\Project\IAR_QUAD\program\nor_sdram_zf_dtcm\Obj\fsl_pit.o
#        C:\Users\Asus\StupidCar_guosaiqian_test\Project\IAR_QUAD\program\nor_sdram_zf_dtcm\Obj\fsl_pmu.o
#        C:\Users\Asus\StupidCar_guosaiqian_test\Project\IAR_QUAD\program\nor_sdram_zf_dtcm\Obj\fsl_pwm.o
#        C:\Users\Asus\StupidCar_guosaiqian_test\Project\IAR_QUAD\program\nor_sdram_zf_dtcm\Obj\fsl_pxp.o
#        C:\Users\Asus\StupidCar_guosaiqian_test\Project\IAR_QUAD\program\nor_sdram_zf_dtcm\Obj\fsl_qtmr.o
#        C:\Users\Asus\StupidCar_guosaiqian_test\Project\IAR_QUAD\program\nor_sdram_zf_dtcm\Obj\fsl_rtwdog.o
#        C:\Users\Asus\StupidCar_guosaiqian_test\Project\IAR_QUAD\program\nor_sdram_zf_dtcm\Obj\fsl_sai.o
#        C:\Users\Asus\StupidCar_guosaiqian_test\Project\IAR_QUAD\program\nor_sdram_zf_dtcm\Obj\fsl_sai_edma.o
#        C:\Users\Asus\StupidCar_guosaiqian_test\Project\IAR_QUAD\program\nor_sdram_zf_dtcm\Obj\fsl_sbrk.o
#        C:\Users\Asus\StupidCar_guosaiqian_test\Project\IAR_QUAD\program\nor_sdram_zf_dtcm\Obj\fsl_sd.o
#        C:\Users\Asus\StupidCar_guosaiqian_test\Project\IAR_QUAD\program\nor_sdram_zf_dtcm\Obj\fsl_sd_disk.o
#        C:\Users\Asus\StupidCar_guosaiqian_test\Project\IAR_QUAD\program\nor_sdram_zf_dtcm\Obj\fsl_sdio.o
#        C:\Users\Asus\StupidCar_guosaiqian_test\Project\IAR_QUAD\program\nor_sdram_zf_dtcm\Obj\fsl_sdmmc_common.o
#        C:\Users\Asus\StupidCar_guosaiqian_test\Project\IAR_QUAD\program\nor_sdram_zf_dtcm\Obj\fsl_sdmmc_event.o
#        C:\Users\Asus\StupidCar_guosaiqian_test\Project\IAR_QUAD\program\nor_sdram_zf_dtcm\Obj\fsl_sdmmc_host.o
#        C:\Users\Asus\StupidCar_guosaiqian_test\Project\IAR_QUAD\program\nor_sdram_zf_dtcm\Obj\fsl_semc.o
#        C:\Users\Asus\StupidCar_guosaiqian_test\Project\IAR_QUAD\program\nor_sdram_zf_dtcm\Obj\fsl_shell.o
#        C:\Users\Asus\StupidCar_guosaiqian_test\Project\IAR_QUAD\program\nor_sdram_zf_dtcm\Obj\fsl_snvs_hp.o
#        C:\Users\Asus\StupidCar_guosaiqian_test\Project\IAR_QUAD\program\nor_sdram_zf_dtcm\Obj\fsl_snvs_lp.o
#        C:\Users\Asus\StupidCar_guosaiqian_test\Project\IAR_QUAD\program\nor_sdram_zf_dtcm\Obj\fsl_spdif.o
#        C:\Users\Asus\StupidCar_guosaiqian_test\Project\IAR_QUAD\program\nor_sdram_zf_dtcm\Obj\fsl_spdif_edma.o
#        C:\Users\Asus\StupidCar_guosaiqian_test\Project\IAR_QUAD\program\nor_sdram_zf_dtcm\Obj\fsl_src.o
#        C:\Users\Asus\StupidCar_guosaiqian_test\Project\IAR_QUAD\program\nor_sdram_zf_dtcm\Obj\fsl_str.o
#        C:\Users\Asus\StupidCar_guosaiqian_test\Project\IAR_QUAD\program\nor_sdram_zf_dtcm\Obj\fsl_tempmon.o
#        C:\Users\Asus\StupidCar_guosaiqian_test\Project\IAR_QUAD\program\nor_sdram_zf_dtcm\Obj\fsl_trng.o
#        C:\Users\Asus\StupidCar_guosaiqian_test\Project\IAR_QUAD\program\nor_sdram_zf_dtcm\Obj\fsl_tsc.o
#        C:\Users\Asus\StupidCar_guosaiqian_test\Project\IAR_QUAD\program\nor_sdram_zf_dtcm\Obj\fsl_usdhc.o
#        C:\Users\Asus\StupidCar_guosaiqian_test\Project\IAR_QUAD\program\nor_sdram_zf_dtcm\Obj\fsl_wdog.o
#        C:\Users\Asus\StupidCar_guosaiqian_test\Project\IAR_QUAD\program\nor_sdram_zf_dtcm\Obj\fsl_xbara.o
#        C:\Users\Asus\StupidCar_guosaiqian_test\Project\IAR_QUAD\program\nor_sdram_zf_dtcm\Obj\fsl_xbarb.o
#        C:\Users\Asus\StupidCar_guosaiqian_test\Project\IAR_QUAD\program\nor_sdram_zf_dtcm\Obj\generic_list.o
#        C:\Users\Asus\StupidCar_guosaiqian_test\Project\IAR_QUAD\program\nor_sdram_zf_dtcm\Obj\idle.o
#        C:\Users\Asus\StupidCar_guosaiqian_test\Project\IAR_QUAD\program\nor_sdram_zf_dtcm\Obj\img_proc.o
#        C:\Users\Asus\StupidCar_guosaiqian_test\Project\IAR_QUAD\program\nor_sdram_zf_dtcm\Obj\interrupt.o
#        C:\Users\Asus\StupidCar_guosaiqian_test\Project\IAR_QUAD\program\nor_sdram_zf_dtcm\Obj\ipc.o
#        C:\Users\Asus\StupidCar_guosaiqian_test\Project\IAR_QUAD\program\nor_sdram_zf_dtcm\Obj\irq.o
#        C:\Users\Asus\StupidCar_guosaiqian_test\Project\IAR_QUAD\program\nor_sdram_zf_dtcm\Obj\kservice.o
#        C:\Users\Asus\StupidCar_guosaiqian_test\Project\IAR_QUAD\program\nor_sdram_zf_dtcm\Obj\lpuart_adapter.o
#        C:\Users\Asus\StupidCar_guosaiqian_test\Project\IAR_QUAD\program\nor_sdram_zf_dtcm\Obj\main.o
#        C:\Users\Asus\StupidCar_guosaiqian_test\Project\IAR_QUAD\program\nor_sdram_zf_dtcm\Obj\mem.o
#        C:\Users\Asus\StupidCar_guosaiqian_test\Project\IAR_QUAD\program\nor_sdram_zf_dtcm\Obj\memheap.o
#        C:\Users\Asus\StupidCar_guosaiqian_test\Project\IAR_QUAD\program\nor_sdram_zf_dtcm\Obj\mempool.o
#        C:\Users\Asus\StupidCar_guosaiqian_test\Project\IAR_QUAD\program\nor_sdram_zf_dtcm\Obj\msh.o
#        C:\Users\Asus\StupidCar_guosaiqian_test\Project\IAR_QUAD\program\nor_sdram_zf_dtcm\Obj\msh_file.o
#        C:\Users\Asus\StupidCar_guosaiqian_test\Project\IAR_QUAD\program\nor_sdram_zf_dtcm\Obj\object.o
#        C:\Users\Asus\StupidCar_guosaiqian_test\Project\IAR_QUAD\program\nor_sdram_zf_dtcm\Obj\pin_mux.o
#        C:\Users\Asus\StupidCar_guosaiqian_test\Project\IAR_QUAD\program\nor_sdram_zf_dtcm\Obj\PS2.o
#        C:\Users\Asus\StupidCar_guosaiqian_test\Project\IAR_QUAD\program\nor_sdram_zf_dtcm\Obj\scheduler.o
#        C:\Users\Asus\StupidCar_guosaiqian_test\Project\IAR_QUAD\program\nor_sdram_zf_dtcm\Obj\SEEKFREE_18TFT.o
#        C:\Users\Asus\StupidCar_guosaiqian_test\Project\IAR_QUAD\program\nor_sdram_zf_dtcm\Obj\SEEKFREE_FONT.o
#        C:\Users\Asus\StupidCar_guosaiqian_test\Project\IAR_QUAD\program\nor_sdram_zf_dtcm\Obj\SEEKFREE_ICM20602.o
#        C:\Users\Asus\StupidCar_guosaiqian_test\Project\IAR_QUAD\program\nor_sdram_zf_dtcm\Obj\SEEKFREE_IIC.o
#        C:\Users\Asus\StupidCar_guosaiqian_test\Project\IAR_QUAD\program\nor_sdram_zf_dtcm\Obj\SEEKFREE_MPU6050.o
#        C:\Users\Asus\StupidCar_guosaiqian_test\Project\IAR_QUAD\program\nor_sdram_zf_dtcm\Obj\SEEKFREE_MT9V03X.o
#        C:\Users\Asus\StupidCar_guosaiqian_test\Project\IAR_QUAD\program\nor_sdram_zf_dtcm\Obj\SEEKFREE_MT9V03X_CSI.o
#        C:\Users\Asus\StupidCar_guosaiqian_test\Project\IAR_QUAD\program\nor_sdram_zf_dtcm\Obj\SEEKFREE_NRF24L01.o
#        C:\Users\Asus\StupidCar_guosaiqian_test\Project\IAR_QUAD\program\nor_sdram_zf_dtcm\Obj\SEEKFREE_PRINTF.o
#        C:\Users\Asus\StupidCar_guosaiqian_test\Project\IAR_QUAD\program\nor_sdram_zf_dtcm\Obj\SEEKFREE_VIRSCO.o
#        C:\Users\Asus\StupidCar_guosaiqian_test\Project\IAR_QUAD\program\nor_sdram_zf_dtcm\Obj\SEEKFREE_W25QXXJV.o
#        C:\Users\Asus\StupidCar_guosaiqian_test\Project\IAR_QUAD\program\nor_sdram_zf_dtcm\Obj\serial_manager.o
#        C:\Users\Asus\StupidCar_guosaiqian_test\Project\IAR_QUAD\program\nor_sdram_zf_dtcm\Obj\serial_port_uart.o
#        C:\Users\Asus\StupidCar_guosaiqian_test\Project\IAR_QUAD\program\nor_sdram_zf_dtcm\Obj\shell.o
#        C:\Users\Asus\StupidCar_guosaiqian_test\Project\IAR_QUAD\program\nor_sdram_zf_dtcm\Obj\signal.o
#        C:\Users\Asus\StupidCar_guosaiqian_test\Project\IAR_QUAD\program\nor_sdram_zf_dtcm\Obj\slab.o
#        C:\Users\Asus\StupidCar_guosaiqian_test\Project\IAR_QUAD\program\nor_sdram_zf_dtcm\Obj\startup_MIMXRT1064.o
#        C:\Users\Asus\StupidCar_guosaiqian_test\Project\IAR_QUAD\program\nor_sdram_zf_dtcm\Obj\symbol.o
#        C:\Users\Asus\StupidCar_guosaiqian_test\Project\IAR_QUAD\program\nor_sdram_zf_dtcm\Obj\syslog.o
#        C:\Users\Asus\StupidCar_guosaiqian_test\Project\IAR_QUAD\program\nor_sdram_zf_dtcm\Obj\system_MIMXRT1064.o
#        C:\Users\Asus\StupidCar_guosaiqian_test\Project\IAR_QUAD\program\nor_sdram_zf_dtcm\Obj\test.o
#        C:\Users\Asus\StupidCar_guosaiqian_test\Project\IAR_QUAD\program\nor_sdram_zf_dtcm\Obj\thread.o
#        C:\Users\Asus\StupidCar_guosaiqian_test\Project\IAR_QUAD\program\nor_sdram_zf_dtcm\Obj\timer.o
#        C:\Users\Asus\StupidCar_guosaiqian_test\Project\IAR_QUAD\program\nor_sdram_zf_dtcm\Obj\ulog.o
#        C:\Users\Asus\StupidCar_guosaiqian_test\Project\IAR_QUAD\program\nor_sdram_zf_dtcm\Obj\usb_device_cdc_acm.o
#        C:\Users\Asus\StupidCar_guosaiqian_test\Project\IAR_QUAD\program\nor_sdram_zf_dtcm\Obj\usb_device_ch9.o
#        C:\Users\Asus\StupidCar_guosaiqian_test\Project\IAR_QUAD\program\nor_sdram_zf_dtcm\Obj\usb_device_class.o
#        C:\Users\Asus\StupidCar_guosaiqian_test\Project\IAR_QUAD\program\nor_sdram_zf_dtcm\Obj\usb_device_dci.o
#        C:\Users\Asus\StupidCar_guosaiqian_test\Project\IAR_QUAD\program\nor_sdram_zf_dtcm\Obj\usb_device_descriptor.o
#        C:\Users\Asus\StupidCar_guosaiqian_test\Project\IAR_QUAD\program\nor_sdram_zf_dtcm\Obj\usb_device_ehci.o
#        C:\Users\Asus\StupidCar_guosaiqian_test\Project\IAR_QUAD\program\nor_sdram_zf_dtcm\Obj\usb_phy.o
#        C:\Users\Asus\StupidCar_guosaiqian_test\Project\IAR_QUAD\program\nor_sdram_zf_dtcm\Obj\util.o
#        C:\Users\Asus\StupidCar_guosaiqian_test\Project\IAR_QUAD\program\nor_sdram_zf_dtcm\Obj\zf_adc.o
#        C:\Users\Asus\StupidCar_guosaiqian_test\Project\IAR_QUAD\program\nor_sdram_zf_dtcm\Obj\zf_camera.o
#        C:\Users\Asus\StupidCar_guosaiqian_test\Project\IAR_QUAD\program\nor_sdram_zf_dtcm\Obj\zf_csi.o
#        C:\Users\Asus\StupidCar_guosaiqian_test\Project\IAR_QUAD\program\nor_sdram_zf_dtcm\Obj\zf_flash.o
#        C:\Users\Asus\StupidCar_guosaiqian_test\Project\IAR_QUAD\program\nor_sdram_zf_dtcm\Obj\zf_gpio.o
#        C:\Users\Asus\StupidCar_guosaiqian_test\Project\IAR_QUAD\program\nor_sdram_zf_dtcm\Obj\zf_iic.o
#        C:\Users\Asus\StupidCar_guosaiqian_test\Project\IAR_QUAD\program\nor_sdram_zf_dtcm\Obj\zf_iomuxc.o
#        C:\Users\Asus\StupidCar_guosaiqian_test\Project\IAR_QUAD\program\nor_sdram_zf_dtcm\Obj\zf_pit.o
#        C:\Users\Asus\StupidCar_guosaiqian_test\Project\IAR_QUAD\program\nor_sdram_zf_dtcm\Obj\zf_pwm.o
#        C:\Users\Asus\StupidCar_guosaiqian_test\Project\IAR_QUAD\program\nor_sdram_zf_dtcm\Obj\zf_qtimer.o
#        C:\Users\Asus\StupidCar_guosaiqian_test\Project\IAR_QUAD\program\nor_sdram_zf_dtcm\Obj\zf_rom_api.o
#        C:\Users\Asus\StupidCar_guosaiqian_test\Project\IAR_QUAD\program\nor_sdram_zf_dtcm\Obj\zf_sdcard.o
#        C:\Users\Asus\StupidCar_guosaiqian_test\Project\IAR_QUAD\program\nor_sdram_zf_dtcm\Obj\zf_spi.o
#        C:\Users\Asus\StupidCar_guosaiqian_test\Project\IAR_QUAD\program\nor_sdram_zf_dtcm\Obj\zf_systick.o
#        C:\Users\Asus\StupidCar_guosaiqian_test\Project\IAR_QUAD\program\nor_sdram_zf_dtcm\Obj\zf_uart.o
#        C:\Users\Asus\StupidCar_guosaiqian_test\Project\IAR_QUAD\program\nor_sdram_zf_dtcm\Obj\zf_usb_cdc.o
#        C:\Users\Asus\StupidCar_guosaiqian_test\Project\IAR_QUAD\program\nor_sdram_zf_dtcm\Obj\zf_vector.o
#        --no_out_extension -o
#        C:\Users\Asus\StupidCar_guosaiqian_test\Project\IAR_QUAD\program\nor_sdram_zf_dtcm\Exe\RT106X.out
#        --map
#        C:\Users\Asus\StupidCar_guosaiqian_test\Project\IAR_QUAD\program\nor_sdram_zf_dtcm\List\RT106X.map
#        --log
#        libraries,initialization,modules,redirects,sections,veneers,unused_fragments
#        --log_file
#        C:\Users\Asus\StupidCar_guosaiqian_test\Project\IAR_QUAD\program\nor_sdram_zf_dtcm\List\RT106X.log
#        --config
#        C:\Users\Asus\StupidCar_guosaiqian_test\Project\IAR_QUAD\program\..\..\IAR\icf\MIMXRT1064xxxxx_flexspi_nor.icf
#        --semihosting --no_entry --vfe --text_out locale)
#
###############################################################################

*******************************************************************************
*** RUNTIME MODEL ATTRIBUTES
***

CppFlavor                     = *
__CPP_Exceptions              = Disabled
__CPP_Language                = C++14
__Heap_Handler                = DLMalloc
__SystemLibrary               = DLib
__dlib_dynamic_initialization = normal
__dlib_version                = 6


*******************************************************************************
*** HEAP SELECTION
***

The advanced heap was selected because the application calls memory
allocation functions outside of system library functions, and there
are calls to deallocation functions in the application.


*******************************************************************************
*** PLACEMENT SUMMARY
***

"A0":  place at 0x7000'2000 { ro section .intvec };
"A2":  place at 0x7000'0000 { section .boot_hdr.conf };
"A3":  place at 0x7000'1000 { section .boot_hdr.ivt };
"A4":  place at 0x7000'1020 { ro section .boot_hdr.boot_data };
"A5":  place at 0x7000'1030 { ro section .boot_hdr.dcd_data };
"P1":  place in [from 0x7000'2000 to 0x7000'23ff] |
                [from 0x7000'2400 to 0x703f'ffff] { ro };
define block RW { first rw, section m_usb_dma_init_data };
"P2":  place in [from 0x8000'0000 to 0x8000'03ff] |
                [from 0x8000'0400 to 0x81df'ffff] { block RW };
define block SDRAM_VAR
   with alignment = 8 { section SDRAM_CACHE, section SDRAM_CACHE.init };
"P11": place in [from 0x8000'0000 to 0x8000'03ff] |
                [from 0x8000'0400 to 0x81df'ffff] { block SDRAM_VAR };
define block ZI
   with alignment = 32 { first zi, section m_usb_dma_noninit_data };
"P3":  place in [from 0x2000'0000 to 0x2006'efff] { block ZI };
"P4":  place in [from 0x2000'0000 to 0x2006'efff] { section .data };
"P5":  place in [from 0x2000'0000 to 0x2006'efff] { section .textrw };
define block DTCM_VAR
   with alignment = 8 { section NonCacheable, section NonCacheable.init };
"P9":  place in [from 0x2000'0000 to 0x2006'efff] { block DTCM_VAR };
define block HEAP with size = 1K, alignment = 8 { };
"P6":  place in [from 0x2000'0000 to 0x2006'efff] { last block HEAP };
define block CSTACK with size = 4K, alignment = 8 { };
"P7":  place in [from 0x2006'f000 to 0x2006'ffff] { block CSTACK };
initialize by copy { rw, section .textrw };
initialize by copy { ro }
   except {
      ro section .intvec, ro object system_MIMXRT1064.o,
      ro object startup_MIMXRT1064.o, section .low_level_init,
      section .boot_hdr.conf, section .boot_hdr.ivt,
      section .boot_hdr.boot_data, section .boot_hdr.dcd_data,
      ro object cmain.o, ro object low_level_init.o, ro object cstartup_M.o,
      ro object data_init.o, ro object fpinit_M.o };
keep {
   section .boot_hdr.conf, section .boot_hdr.ivt, section .boot_hdr.boot_data,
   section .boot_hdr.dcd_data };

No sections matched the following patterns:

  section .intvec_RAM              in "A1"
  section .textrw                  in "P3-P5|P9"
  section ITCM_NonCacheable        in block ITCM_VAR
  section ITCM_NonCacheable.init   in block ITCM_VAR
  section NonCacheable.init        in block DTCM_VAR
  section OCRAM_CACHE              in block OCRAM_VAR
  section OCRAM_CACHE.init         in block OCRAM_VAR
  section SDRAM_CACHE.init         in block SDRAM_VAR
  section SDRAM_NonCacheable       in block SDRAM_NCACHE_VAR
  section SDRAM_NonCacheable.init  in block SDRAM_NCACHE_VAR
  section m_usb_dma_init_data      in block RW
  section m_usb_dma_noninit_data   in block ZI


  Section                 Kind         Address     Size  Object
  -------                 ----         -------     ----  ------
"P3-P5|P9", part 1 of 3:                         0xe6e8
  ZI                               0x2000'0000   0xe6e8  <Block>
    .iar.dynexit                   0x2000'0000    0x198  <Block>
      .iar.dynexit        uninit   0x2000'0000      0xc  cppinit.o [2]
      .iar.dynexit        uninit   0x2000'000c    0x18c  <Block tail>
    .bss                  zero     0x2000'0198      0x4  agile_button.o [1]
    .bss                  zero     0x2000'019c      0x4  agile_button.o [1]
    .bss                  zero     0x2000'01a0      0x1  agile_button.o [1]
    .bss                  zero     0x2000'01a4      0x4  board.o [1]
    .bss                  zero     0x2000'01a8      0x1  board.o [1]
    .bss                  zero     0x2000'01ac      0x8  board.o [1]
    .bss                  zero     0x2000'01b4     0x30  board.o [1]
    .bss                  zero     0x2000'01e4      0x4  clock.o [1]
    .bss                  zero     0x2000'01e8     0x20  console_be.o [1]
    .bss                  zero     0x2000'0208      0x4  cpuport.o [1]
    .bss                  zero     0x2000'020c      0x4  cpuport.o [1]
    .bss                  zero     0x2000'0210      0x4  cpuport.o [1]
    .bss                  zero     0x2000'0214      0x4  cpuport.o [1]
    .bss                  zero     0x2000'0218      0x1  ctrl_openart.o [1]
    .bss                  zero     0x2000'021c      0x8  ctrl_openart.o [1]
    .bss                  zero     0x2000'0224     0x30  ctrl_openart.o [1]
    .bss                  zero     0x2000'0254     0x34  ctrl_openart.o [1]
    .bss                  zero     0x2000'0288      0x1  ctrl_openart.o [1]
    .bss                  zero     0x2000'028a      0x2  display_ui.o [1]
    .bss                  zero     0x2000'028c     0x18  display_ui.o [1]
    .bss                  zero     0x2000'02a4     0x1c  display_ui.o [1]
    .bss                  zero     0x2000'02c0    0x400  easyblink.o [1]
    .bss                  zero     0x2000'06c0     0x80  easyblink.o [1]
    .bss                  zero     0x2000'0740     0x20  easyblink.o [1]
    .bss                  zero     0x2000'0760     0x24  easyblink.o [1]
    .bss                  zero     0x2000'0784     0x30  easyblink.o [1]
    .bss                  zero     0x2000'07b4      0x4  easyblink.o [1]
    .bss                  zero     0x2000'07b8      0x4  easyblink.o [1]
    .bss                  zero     0x2000'07bc      0x4  easyblink.o [1]
    .bss                  zero     0x2000'07c0    0xffc  f_elems.o [1]
    .bss                  zero     0x2000'17bc   0x99dc  f_elems.o [1]
    .bss                  zero     0x2000'b198      0x4  fsl_clock.o [1]
    .bss                  zero     0x2000'b19c      0x4  fsl_clock.o [1]
    .bss                  zero     0x2000'b1a0      0x4  fsl_csi.o [1]
    .bss                  zero     0x2000'b1a4      0x4  fsl_csi.o [1]
    .bss                  zero     0x2000'b1a8     0x1c  fsl_debug_console.o [1]
    .bss                  zero     0x2000'b1c4      0x4  fsl_debug_console.o [1]
    .bss                  zero     0x2000'b1c8     0x80  fsl_edma.o [1]
    .bss                  zero     0x2000'b248      0xc  fsl_enet.o [1]
    .bss                  zero     0x2000'b254      0x4  fsl_enet.o [1]
    .bss                  zero     0x2000'b258      0x4  fsl_enet.o [1]
    .bss                  zero     0x2000'b25c      0x4  fsl_enet.o [1]
    .bss                  zero     0x2000'b260      0x4  fsl_enet.o [1]
    .bss                  zero     0x2000'b264     0x10  fsl_flexcan.o [1]
    .bss                  zero     0x2000'b274      0x4  fsl_flexcan.o [1]
    .bss                  zero     0x2000'b278      0x8  fsl_flexio.o [1]
    .bss                  zero     0x2000'b280      0x8  fsl_flexio.o [1]
    .bss                  zero     0x2000'b288      0x8  fsl_flexio.o [1]
    .bss                  zero     0x2000'b290      0x4  fsl_lpi2c.o [1]
    .bss                  zero     0x2000'b294     0x14  fsl_lpi2c.o [1]
    .bss                  zero     0x2000'b2a8      0x4  fsl_lpi2c.o [1]
    .bss                  zero     0x2000'b2ac     0x14  fsl_lpi2c.o [1]
    .bss                  zero     0x2000'b2c0     0x14  fsl_lpspi.o [1]
    .bss                  zero     0x2000'b2d4      0x4  fsl_lpspi.o [1]
    .bss                  zero     0x2000'b2d8      0x4  fsl_lpspi.o [1]
    .bss                  zero     0x2000'b2dc      0x8  fsl_lpspi.o [1]
    .bss                  zero     0x2000'b2e4     0x24  fsl_lpuart.o [1]
    .bss                  zero     0x2000'b308      0x4  fsl_lpuart.o [1]
    .bss                  zero     0x2000'b30c     0x20  fsl_sai.o [1]
    .bss                  zero     0x2000'b32c      0x4  fsl_sai.o [1]
    .bss                  zero     0x2000'b330      0x4  fsl_sai.o [1]
    .bss                  zero     0x2000'b334      0x4  fsl_sdmmc_event.o [1]
    .bss                  zero     0x2000'b338      0x4  fsl_sdmmc_event.o [1]
    .bss                  zero     0x2000'b33c      0x4  fsl_sdmmc_event.o [1]
    .bss                  zero     0x2000'b340     0x28  fsl_sdmmc_host.o [1]
    .bss                  zero     0x2000'b368      0x1  fsl_sdmmc_host.o [1]
    .bss                  zero     0x2000'b36c      0x8  fsl_spdif.o [1]
    .bss                  zero     0x2000'b374      0x4  fsl_spdif.o [1]
    .bss                  zero     0x2000'b378      0x4  fsl_spdif.o [1]
    .bss                  zero     0x2000'b37c      0xc  fsl_usdhc.o [1]
    .bss                  zero     0x2000'b388      0x4  fsl_usdhc.o [1]
    .bss                  zero     0x2000'b38c     0x80  idle.o [1]
    .bss                  zero     0x2000'b40c    0x100  idle.o [1]
    .bss                  zero     0x2000'b50c     0x10  idle.o [1]
    .bss                  zero     0x2000'b51c      0x4  irq.o [1]
    .bss                  zero     0x2000'b520      0x4  irq.o [1]
    .bss                  zero     0x2000'b524      0x1  irq.o [1]
    .bss                  zero     0x2000'b528      0x4  kservice.o [1]
    .bss                  zero     0x2000'b52c   0x1000  kservice.o [1]
    .bss                  zero     0x2000'c52c      0x4  kservice.o [1]
    .bss                  zero     0x2000'c530      0x4  main.o [1]
    .bss                  zero     0x2000'c534      0x4  main.o [1]
    .bss                  zero     0x2000'c538      0x4  main.o [1]
    .bss                  zero     0x2000'c53c     0xcc  main.o [1]
    .bss                  zero     0x2000'c608    0x32c  main.o [1]
    .bss                  zero     0x2000'c938    0x288  main.o [1]
    .bss                  zero     0x2000'cbc0    0x304  main.o [1]
    .bss                  zero     0x2000'cec4    0x104  main.o [1]
    .bss                  zero     0x2000'cfc8    0x1b4  main.o [1]
    .bss                  zero     0x2000'd17c      0x4  main.o [1]
    .bss                  zero     0x2000'd180     0x34  main.o [1]
    .bss                  zero     0x2000'd1b4     0x6c  main.o [1]
    .bss                  zero     0x2000'd220     0x6c  main.o [1]
    .bss                  zero     0x2000'd28c     0x90  main.o [1]
    .bss                  zero     0x2000'd31c      0x4  main.o [1]
    .bss                  zero     0x2000'd320     0x64  memheap.o [1]
    .bss                  zero     0x2000'd384      0x4  object.o [1]
    .bss                  zero     0x2000'd388      0x4  object.o [1]
    .bss                  zero     0x2000'd38c      0x4  object.o [1]
    .bss                  zero     0x2000'd390      0x4  object.o [1]
    .bss                  zero     0x2000'd394      0x4  object.o [1]
    .bss                  zero     0x2000'd398    0x100  scheduler.o [1]
    .bss                  zero     0x2000'd498      0x4  scheduler.o [1]
    .bss                  zero     0x2000'd49c      0x2  scheduler.o [1]
    .bss                  zero     0x2000'd4a0      0x4  scheduler.o [1]
    .bss                  zero     0x2000'd4a4      0x1  scheduler.o [1]
    .bss                  zero     0x2000'd4a8      0x8  scheduler.o [1]
    .bss                  zero     0x2000'd4b0      0x4  scheduler.o [1]
    .bss                  zero     0x2000'd4b4      0x2  SEEKFREE_ICM20602.o [1]
    .bss                  zero     0x2000'd4b6      0x2  SEEKFREE_ICM20602.o [1]
    .bss                  zero     0x2000'd4b8      0x2  SEEKFREE_ICM20602.o [1]
    .bss                  zero     0x2000'd4ba      0x2  SEEKFREE_ICM20602.o [1]
    .bss                  zero     0x2000'd4bc      0x2  SEEKFREE_ICM20602.o [1]
    .bss                  zero     0x2000'd4be      0x2  SEEKFREE_ICM20602.o [1]
    .bss                  zero     0x2000'd4c0      0x4  SEEKFREE_MT9V03X.o [1]
    .bss                  zero     0x2000'd4c4      0x1  SEEKFREE_MT9V03X.o [1]
    .bss                  zero     0x2000'd4c5      0x1  SEEKFREE_MT9V03X.o [1]
    .bss                  zero     0x2000'd4c8      0x4  SEEKFREE_MT9V03X_CSI.o [1]
    .bss                  zero     0x2000'd4cc      0x1  SEEKFREE_MT9V03X_CSI.o [1]
    .bss                  zero     0x2000'd4d0      0x8  SEEKFREE_MT9V03X_CSI.o [1]
    .bss                  zero     0x2000'd4d8     0x30  SEEKFREE_MT9V03X_CSI.o [1]
    .bss                  zero     0x2000'd508      0x1  SEEKFREE_MT9V03X_CSI.o [1]
    .bss                  zero     0x2000'd50c      0x4  shell.o [1]
    .bss                  zero     0x2000'd510      0x4  shell.o [1]
    .bss                  zero     0x2000'd514      0x4  shell.o [1]
    .bss                  zero     0x2000'd518      0x4  shell.o [1]
    .bss                  zero     0x2000'd51c      0x4  shell.o [1]
    .bss                  zero     0x2000'd520      0x4  shell.o [1]
    .bss                  zero     0x2000'd524   0x1004  shell.o [1]
    .bss                  zero     0x2000'e528      0x4  test.o [1]
    .bss                  zero     0x2000'e52c      0x4  test.o [1]
    .bss                  zero     0x2000'e530      0x4  test.o [1]
    .bss                  zero     0x2000'e534      0x4  test.o [1]
    .bss                  zero     0x2000'e538      0x4  test.o [1]
    .bss                  zero     0x2000'e53c      0x4  test.o [1]
    .bss                  zero     0x2000'e540      0x4  thread.o [1]
    .bss                  zero     0x2000'e544      0x4  thread.o [1]
    .bss                  zero     0x2000'e548      0x4  thread.o [1]
    .bss                  zero     0x2000'e54c      0x8  timer.o [1]
    .bss                  zero     0x2000'e554      0x4  timer.o [1]
    .bss                  zero     0x2000'e558      0x4  timer.o [1]
    .bss                  zero     0x2000'e55c      0x4  timer.o [1]
    .bss                  zero     0x2000'e560    0x138  ulog.o [1]
    .bss                  zero     0x2000'e698      0x4  ulog.o [1]
    .bss                  zero     0x2000'e69c      0x4  ulog.o [1]
    .bss                  zero     0x2000'e6a0      0x4  ulog.o [1]
    .bss                  zero     0x2000'e6a4      0x4  ulog.o [1]
    .bss                  zero     0x2000'e6a8     0x1c  zf_csi.o [1]
    .bss                  zero     0x2000'e6c4      0x4  zf_csi.o [1]
    .bss                  zero     0x2000'e6c8     0x10  zf_usb_cdc.o [1]
    .bss                  zero     0x2000'e6d8      0x4  cppinit.o [2]
    .bss                  zero     0x2000'e6dc      0x4  cppinit.o [2]
    .bss                  zero     0x2000'e6e0      0x4  xfail_s.o [2]
    .tbss                 zero     0x2000'e6e4      0x4  errno.o [2]
                                 - 0x2000'e6e8   0xe6e8

"P3-P5|P9", part 2 of 3:                        0x25818
  DTCM_VAR                         0x2000'e700  0x25818  <Block>
    NonCacheable          zero     0x2000'e700  0x12c00  SEEKFREE_MT9V03X_CSI.o [1]
    NonCacheable          zero     0x2002'1300  0x12c00  SEEKFREE_MT9V03X_CSI.o [1]
                                 - 0x2003'3f00  0x25818

"P3-P5|P9", part 3 of 3:                          0x990
  P3-P5|P9 s0                      0x2003'3f00    0x990  <Init block>
    .data                 inited   0x2003'3f00    0x510  display_ui.o [1]
    .data                 inited   0x2003'4410     0xf0  f_elems.o [1]
    .data                 inited   0x2003'4500     0xf0  f_elems.o [1]
    .data                 inited   0x2003'45f0     0xa0  display_ui.o [1]
    .data                 inited   0x2003'4690     0x90  object.o [1]
    .data                 inited   0x2003'4720     0x70  display_ui.o [1]
    .data                 inited   0x2003'4790     0x28  zf_gpio.o [1]
    .data                 inited   0x2003'47b8     0x24  SEEKFREE_MT9V03X_CSI.o [1]
    .data                 inited   0x2003'47dc     0x24  zf_uart.o [1]
    .data                 inited   0x2003'4800     0x20  display_ui.o [1]
    .data                 inited   0x2003'4820     0x20  SEEKFREE_MT9V03X_CSI.o [1]
    .data                 inited   0x2003'4840     0x14  zf_pwm.o [1]
    .data                 inited   0x2003'4854     0x14  zf_qtimer.o [1]
    .data                 inited   0x2003'4868     0x14  zf_spi.o [1]
    .data                 inited   0x2003'487c      0xc  zf_adc.o [1]
    .data                 inited   0x2003'4888      0x4  SEEKFREE_18TFT.o [1]
    .data                 inited   0x2003'488c      0x4  system_MIMXRT1064.o [1]
                                 - 0x2003'4890    0x990

"P6":                                             0x400
  HEAP                             0x2003'4890    0x400  <Block>
    HEAP                  uninit   0x2003'4890    0x400  <Block tail>
                                 - 0x2003'4c90    0x400

"P7":                                            0x1000
  CSTACK                           0x2006'f000   0x1000  <Block>
    CSTACK                uninit   0x2006'f000   0x1000  <Block tail>
                                 - 0x2007'0000   0x1000

"A2":                                             0x200
  .boot_hdr.conf          const    0x7000'0000    0x200  evkmimxrt1064_flexspi_nor_config.o [1]
                                 - 0x7000'0200    0x200

"A3":                                              0x20
  .boot_hdr.ivt           const    0x7000'1000     0x20  fsl_flexspi_nor_boot.o [1]
                                 - 0x7000'1020     0x20

"A4":                                              0x10
  .boot_hdr.boot_data     const    0x7000'1020     0x10  fsl_flexspi_nor_boot.o [1]
                                 - 0x7000'1030     0x10

"A5":                                             0x430
  .boot_hdr.dcd_data      const    0x7000'1030    0x430  evkmimxrt1064_sdram_ini_dcd.o [1]
                                 - 0x7000'1460    0x430

"A0":                                             0x440
  .intvec                 const    0x7000'2000    0x400  zf_vector.o [1]
  .intvec                 ro code  0x7000'2400     0x40  vector_table_M.o [5]
                                 - 0x7000'2440    0x440

"P1":                                           0x19dc5
  .text                   ro code  0x7000'2440    0x1f6  lz77_init.o [5]
  .text                   ro code  0x7000'2636      0x6  abort.o [2]
  .text                   ro code  0x7000'263c     0x14  exit.o [6]
  .text                   ro code  0x7000'2650    0x18a  system_MIMXRT1064.o [1]
  .text                   ro code  0x7000'27da     0x3a  zero_init3.o [5]
  .text                   ro code  0x7000'2814     0x6c  startup_MIMXRT1064.o [1]
  .text                   ro code  0x7000'2880     0x28  data_init.o [5]
  .text                   ro code  0x7000'28a8     0x22  fpinit_M.o [4]
  .iar.init_table         const    0x7000'28cc     0x94  - Linker created -
  Veneer                  ro code  0x7000'2960      0x8  - Linker created -
  Veneer                  ro code  0x7000'2968      0x8  - Linker created -
  .text                   ro code  0x7000'2970     0x1e  cmain.o [5]
  Veneer                  ro code  0x7000'2990      0x8  - Linker created -
  .low_level_init         ro code  0x7000'2998      0xe  components.o [1]
  .text                   ro code  0x7000'29a6      0xc  cstartup_M.o [5]
  .text                   ro code  0x7000'29b4      0x0  cstart_call_dtors.o [5]
  .rodata                 const    0x7000'29b4      0x0  zero_init3.o [5]
  .rodata                 const    0x7000'29b4      0x0  lz77_init.o [5]
  Initializer bytes       const    0x7000'29b4  0x191bf  <for RW-1>
  Initializer bytes       const    0x7001'bb73    0x1e2  <for FSymTab-1>
  Initializer bytes       const    0x7001'bd55      0xe  <for SHT$$INIT_ARRAY-1>
  Initializer bytes       const    0x7001'bd63    0x4a2  <for P3-P5|P9 s0>
                                 - 0x7001'c205  0x19dc5

"P2|P11", part 1 of 2:                          0x32508
  RW                               0x8000'0400  0x32508  <Block>
    RW-1                           0x8000'0400  0x3228c  <Init block>
      .rodata             inited   0x8000'0400    0x420  pow64.o [4]
      .rodata             inited   0x8000'0820     0x48  strto64.o [4]
      .rodata             inited   0x8000'0868     0x10  agile_button.o [1]
      .rodata             inited   0x8000'0878     0x24  agile_button.o [1]
      .rodata             inited   0x8000'089c     0x10  agile_button.o [1]
      .rodata             inited   0x8000'08ac     0x18  agile_button.o [1]
      .rodata             inited   0x8000'08c4     0x18  agile_button.o [1]
      .rodata             inited   0x8000'08dc      0xc  agile_button.o [1]
      .rodata             inited   0x8000'08e8      0x8  agile_button.o [1]
      .rodata             inited   0x8000'08f0     0x38  agile_button.o [1]
      .rodata             inited   0x8000'0928      0xc  agile_button.o [1]
      .rodata             inited   0x8000'0934     0x38  agile_button.o [1]
      .rodata             inited   0x8000'096c      0x8  board.o [1]
      .rodata             inited   0x8000'0974     0x18  clock_config.o [1]
      .rodata             inited   0x8000'098c     0x54  clock_config.o [1]
      .rodata             inited   0x8000'09e0     0x10  clock_config.o [1]
      .rodata             inited   0x8000'09f0      0x8  clock_config.o [1]
      .rodata             inited   0x8000'09f8     0x14  cmd.o [1]
      .rodata             inited   0x8000'0a0c      0x8  cmd.o [1]
      .rodata             inited   0x8000'0a14      0x8  cmd.o [1]
      .rodata             inited   0x8000'0a1c     0x44  cmd.o [1]
      .rodata             inited   0x8000'0a60     0x40  cmd.o [1]
      .rodata             inited   0x8000'0aa0      0xc  cmd.o [1]
      .rodata             inited   0x8000'0aac      0xc  cmd.o [1]
      .rodata             inited   0x8000'0ab8      0xc  cmd.o [1]
      .rodata             inited   0x8000'0ac4      0xc  cmd.o [1]
      .rodata             inited   0x8000'0ad0      0xc  cmd.o [1]
      .rodata             inited   0x8000'0adc      0xc  cmd.o [1]
      .rodata             inited   0x8000'0ae8     0x28  cmd.o [1]
      .rodata             inited   0x8000'0b10      0xc  cmd.o [1]
      .rodata             inited   0x8000'0b1c     0x1c  cmd.o [1]
      .rodata             inited   0x8000'0b38     0x18  cmd.o [1]
      .rodata             inited   0x8000'0b50     0x10  cmd.o [1]
      .rodata             inited   0x8000'0b60     0x10  cmd.o [1]
      .rodata             inited   0x8000'0b70      0x8  cmd.o [1]
      .rodata             inited   0x8000'0b78     0x24  cmd.o [1]
      .rodata             inited   0x8000'0b9c     0x20  cmd.o [1]
      .rodata             inited   0x8000'0bbc     0x18  cmd.o [1]
      .rodata             inited   0x8000'0bd4     0x14  cmd.o [1]
      .rodata             inited   0x8000'0be8      0x8  cmd.o [1]
      .rodata             inited   0x8000'0bf0     0x24  cmd.o [1]
      .rodata             inited   0x8000'0c14     0x20  cmd.o [1]
      .rodata             inited   0x8000'0c34     0x18  cmd.o [1]
      .rodata             inited   0x8000'0c4c      0x8  cmd.o [1]
      .rodata             inited   0x8000'0c54     0x24  cmd.o [1]
      .rodata             inited   0x8000'0c78     0x1c  cmd.o [1]
      .rodata             inited   0x8000'0c94     0x18  cmd.o [1]
      .rodata             inited   0x8000'0cac     0x18  cmd.o [1]
      .rodata             inited   0x8000'0cc4      0xc  cmd.o [1]
      .rodata             inited   0x8000'0cd0     0x1c  cmd.o [1]
      .rodata             inited   0x8000'0cec     0x18  cmd.o [1]
      .rodata             inited   0x8000'0d04     0x14  cmd.o [1]
      .rodata             inited   0x8000'0d18     0x14  cmd.o [1]
      .rodata             inited   0x8000'0d2c      0x8  cmd.o [1]
      .rodata             inited   0x8000'0d34     0x30  cmd.o [1]
      .rodata             inited   0x8000'0d64     0x2c  cmd.o [1]
      .rodata             inited   0x8000'0d90     0x1c  cmd.o [1]
      .rodata             inited   0x8000'0dac      0x8  cmd.o [1]
      .rodata             inited   0x8000'0db4     0x28  cmd.o [1]
      .rodata             inited   0x8000'0ddc     0x24  cmd.o [1]
      .rodata             inited   0x8000'0e00     0x1c  cmd.o [1]
      .rodata             inited   0x8000'0e1c     0x1c  cmd.o [1]
      .rodata             inited   0x8000'0e38      0x8  cmd.o [1]
      .rodata             inited   0x8000'0e40     0x28  cmd.o [1]
      .rodata             inited   0x8000'0e68     0x24  cmd.o [1]
      .rodata             inited   0x8000'0e8c     0x18  cmd.o [1]
      .rodata             inited   0x8000'0ea4      0xc  cmd.o [1]
      .rodata             inited   0x8000'0eb0     0x10  cmd.o [1]
      .rodata             inited   0x8000'0ec0     0x18  cmd.o [1]
      .rodata             inited   0x8000'0ed8     0x14  cmd.o [1]
      .rodata             inited   0x8000'0eec     0x10  cmd.o [1]
      .rodata             inited   0x8000'0efc     0x14  components.o [1]
      .rodata             inited   0x8000'0f10      0x8  components.o [1]
      .rodata             inited   0x8000'0f18     0x10  components.o [1]
      .rodata             inited   0x8000'0f28      0x8  console_be.o [1]
      .rodata             inited   0x8000'0f30     0x10  cpuport.o [1]
      .rodata             inited   0x8000'0f40     0x18  cpuport.o [1]
      .rodata             inited   0x8000'0f58      0xc  cpuport.o [1]
      .rodata             inited   0x8000'0f64      0xc  cpuport.o [1]
      .rodata             inited   0x8000'0f70      0x8  cpuport.o [1]
      .rodata             inited   0x8000'0f78      0x8  cpuport.o [1]
      .rodata             inited   0x8000'0f80      0xc  cpuport.o [1]
      .rodata             inited   0x8000'0f8c      0xc  cpuport.o [1]
      .rodata             inited   0x8000'0f98      0xc  cpuport.o [1]
      .rodata             inited   0x8000'0fa4     0x18  cpuport.o [1]
      .rodata             inited   0x8000'0fbc      0xc  cpuport.o [1]
      .rodata             inited   0x8000'0fc8      0xc  cpuport.o [1]
      .rodata             inited   0x8000'0fd4     0x10  cpuport.o [1]
      .rodata             inited   0x8000'0fe4      0xc  cpuport.o [1]
      .rodata             inited   0x8000'0ff0      0x8  cpuport.o [1]
      .rodata             inited   0x8000'0ff8     0x10  cpuport.o [1]
      .rodata             inited   0x8000'1008     0x14  cpuport.o [1]
      .rodata             inited   0x8000'101c     0x18  cpuport.o [1]
      .rodata             inited   0x8000'1034      0xc  cpuport.o [1]
      .rodata             inited   0x8000'1040      0xc  cpuport.o [1]
      .rodata             inited   0x8000'104c      0xc  cpuport.o [1]
      .rodata             inited   0x8000'1058      0xc  cpuport.o [1]
      .rodata             inited   0x8000'1064     0x10  cpuport.o [1]
      .rodata             inited   0x8000'1074     0x18  cpuport.o [1]
      .rodata             inited   0x8000'108c     0x10  cpuport.o [1]
      .rodata             inited   0x8000'109c     0x10  cpuport.o [1]
      .rodata             inited   0x8000'10ac     0x10  cpuport.o [1]
      .rodata             inited   0x8000'10bc     0x10  cpuport.o [1]
      .rodata             inited   0x8000'10cc     0x10  cpuport.o [1]
      .rodata             inited   0x8000'10dc     0x10  cpuport.o [1]
      .rodata             inited   0x8000'10ec     0x10  cpuport.o [1]
      .rodata             inited   0x8000'10fc     0x10  cpuport.o [1]
      .rodata             inited   0x8000'110c     0x10  cpuport.o [1]
      .rodata             inited   0x8000'111c     0x10  cpuport.o [1]
      .rodata             inited   0x8000'112c     0x10  cpuport.o [1]
      .rodata             inited   0x8000'113c     0x10  cpuport.o [1]
      .rodata             inited   0x8000'114c     0x10  cpuport.o [1]
      .rodata             inited   0x8000'115c     0x10  cpuport.o [1]
      .rodata             inited   0x8000'116c     0x10  cpuport.o [1]
      .rodata             inited   0x8000'117c     0x10  cpuport.o [1]
      .rodata             inited   0x8000'118c     0x10  cpuport.o [1]
      .rodata             inited   0x8000'119c     0x20  cpuport.o [1]
      .rodata             inited   0x8000'11bc     0x1c  cpuport.o [1]
      .rodata             inited   0x8000'11d8     0x10  cpuport.o [1]
      .rodata             inited   0x8000'11e8      0x8  ctrl_inoutdev.o [1]
      .rodata             inited   0x8000'11f0      0x8  ctrl_openart.o [1]
      .rodata             inited   0x8000'11f8     0x18  ctrl_openart.o [1]
      .rodata             inited   0x8000'1210     0x1c  ctrl_openart.o [1]
      .rodata             inited   0x8000'122c     0x18  ctrl_openart.o [1]
      .rodata             inited   0x8000'1244      0xc  display_ui.o [1]
      .rodata             inited   0x8000'1250      0xc  display_ui.o [1]
      .rodata             inited   0x8000'125c     0x10  display_ui.o [1]
      .rodata             inited   0x8000'126c     0x10  display_ui.o [1]
      .rodata             inited   0x8000'127c     0x10  display_ui.o [1]
      .rodata             inited   0x8000'128c     0x10  display_ui.o [1]
      .rodata             inited   0x8000'129c      0xc  display_ui.o [1]
      .rodata             inited   0x8000'12a8     0x10  display_ui.o [1]
      .rodata             inited   0x8000'12b8     0x10  display_ui.o [1]
      .rodata             inited   0x8000'12c8     0x10  display_ui.o [1]
      .rodata             inited   0x8000'12d8     0x14  display_ui.o [1]
      .rodata             inited   0x8000'12ec      0x8  display_ui.o [1]
      .rodata             inited   0x8000'12f4     0x10  display_ui.o [1]
      .rodata             inited   0x8000'1304      0xc  display_ui.o [1]
      .rodata             inited   0x8000'1310     0x10  display_ui.o [1]
      .rodata             inited   0x8000'1320     0x10  display_ui.o [1]
      .rodata             inited   0x8000'1330      0x8  display_ui.o [1]
      .rodata             inited   0x8000'1338     0x10  display_ui.o [1]
      .rodata             inited   0x8000'1348     0x10  display_ui.o [1]
      .rodata             inited   0x8000'1358      0xc  display_ui.o [1]
      .rodata             inited   0x8000'1364      0xc  display_ui.o [1]
      .rodata             inited   0x8000'1370      0xc  display_ui.o [1]
      .rodata             inited   0x8000'137c      0xc  display_ui.o [1]
      .rodata             inited   0x8000'1388     0x10  display_ui.o [1]
      .rodata             inited   0x8000'1398      0xc  display_ui.o [1]
      .rodata             inited   0x8000'13a4      0xc  display_ui.o [1]
      .rodata             inited   0x8000'13b0     0x10  display_ui.o [1]
      .rodata             inited   0x8000'13c0     0x10  display_ui.o [1]
      .rodata             inited   0x8000'13d0      0xc  display_ui.o [1]
      .rodata             inited   0x8000'13dc      0x8  display_ui.o [1]
      .rodata             inited   0x8000'13e4     0x10  display_ui.o [1]
      .rodata             inited   0x8000'13f4      0x4  display_ui.o [1]
      .rodata             inited   0x8000'13f8      0x4  display_ui.o [1]
      .rodata             inited   0x8000'13fc      0x8  display_ui.o [1]
      .rodata             inited   0x8000'1404      0x4  display_ui.o [1]
      .rodata             inited   0x8000'1408      0x4  display_ui.o [1]
      .rodata             inited   0x8000'140c      0x4  display_ui.o [1]
      .rodata             inited   0x8000'1410      0xc  display_ui.o [1]
      .rodata             inited   0x8000'141c      0xc  display_ui.o [1]
      .rodata             inited   0x8000'1428      0xc  display_ui.o [1]
      .rodata             inited   0x8000'1434      0xc  display_ui.o [1]
      .rodata             inited   0x8000'1440      0xc  display_ui.o [1]
      .rodata             inited   0x8000'144c      0xc  display_ui.o [1]
      .rodata             inited   0x8000'1458     0x10  display_ui.o [1]
      .rodata             inited   0x8000'1468     0x10  display_ui.o [1]
      .rodata             inited   0x8000'1478     0x10  display_ui.o [1]
      .rodata             inited   0x8000'1488     0x14  display_ui.o [1]
      .rodata             inited   0x8000'149c     0x14  display_ui.o [1]
      .rodata             inited   0x8000'14b0     0x14  display_ui.o [1]
      .rodata             inited   0x8000'14c4     0x14  display_ui.o [1]
      .rodata             inited   0x8000'14d8     0x14  display_ui.o [1]
      .rodata             inited   0x8000'14ec     0x10  display_ui.o [1]
      .rodata             inited   0x8000'14fc     0x10  display_ui.o [1]
      .rodata             inited   0x8000'150c     0x14  display_ui.o [1]
      .rodata             inited   0x8000'1520     0x10  display_ui.o [1]
      .rodata             inited   0x8000'1530     0x10  display_ui.o [1]
      .rodata             inited   0x8000'1540     0x10  display_ui.o [1]
      .rodata             inited   0x8000'1550     0x10  display_ui.o [1]
      .rodata             inited   0x8000'1560     0x10  display_ui.o [1]
      .rodata             inited   0x8000'1570     0x10  display_ui.o [1]
      .rodata             inited   0x8000'1580     0x10  display_ui.o [1]
      .rodata             inited   0x8000'1590     0x14  display_ui.o [1]
      .rodata             inited   0x8000'15a4     0x10  display_ui.o [1]
      .rodata             inited   0x8000'15b4      0xc  display_ui.o [1]
      .rodata             inited   0x8000'15c0      0xc  display_ui.o [1]
      .rodata             inited   0x8000'15cc      0xc  display_ui.o [1]
      .rodata             inited   0x8000'15d8     0x10  display_ui.o [1]
      .rodata             inited   0x8000'15e8      0xc  display_ui.o [1]
      .rodata             inited   0x8000'15f4     0x10  display_ui.o [1]
      .rodata             inited   0x8000'1604     0x10  display_ui.o [1]
      .rodata             inited   0x8000'1614     0x14  display_ui.o [1]
      .rodata             inited   0x8000'1628     0x14  display_ui.o [1]
      .rodata             inited   0x8000'163c     0x14  display_ui.o [1]
      .rodata             inited   0x8000'1650     0x14  display_ui.o [1]
      .rodata             inited   0x8000'1664     0x14  display_ui.o [1]
      .rodata             inited   0x8000'1678     0x14  display_ui.o [1]
      .rodata             inited   0x8000'168c     0x10  display_ui.o [1]
      .rodata             inited   0x8000'169c     0x14  display_ui.o [1]
      .rodata             inited   0x8000'16b0     0x14  display_ui.o [1]
      .rodata             inited   0x8000'16c4      0xc  display_ui.o [1]
      .rodata             inited   0x8000'16d0      0xc  display_ui.o [1]
      .rodata             inited   0x8000'16dc     0x10  display_ui.o [1]
      .rodata             inited   0x8000'16ec     0x10  display_ui.o [1]
      .rodata             inited   0x8000'16fc     0x10  display_ui.o [1]
      .rodata             inited   0x8000'170c     0x10  display_ui.o [1]
      .rodata             inited   0x8000'171c     0x10  display_ui.o [1]
      .rodata             inited   0x8000'172c     0x10  display_ui.o [1]
      .rodata             inited   0x8000'173c      0xc  display_ui.o [1]
      .rodata             inited   0x8000'1748      0xc  display_ui.o [1]
      .rodata             inited   0x8000'1754      0xc  display_ui.o [1]
      .rodata             inited   0x8000'1760      0xc  display_ui.o [1]
      .rodata             inited   0x8000'176c      0x8  display_ui.o [1]
      .rodata             inited   0x8000'1774      0xc  display_ui.o [1]
      .rodata             inited   0x8000'1780      0xc  display_ui.o [1]
      .rodata             inited   0x8000'178c      0xc  display_ui.o [1]
      .rodata             inited   0x8000'1798      0xc  display_ui.o [1]
      .rodata             inited   0x8000'17a4      0xc  display_ui.o [1]
      .rodata             inited   0x8000'17b0      0xc  display_ui.o [1]
      .rodata             inited   0x8000'17bc      0xc  display_ui.o [1]
      .rodata             inited   0x8000'17c8      0x8  display_ui.o [1]
      .rodata             inited   0x8000'17d0      0x8  display_ui.o [1]
      .rodata             inited   0x8000'17d8      0xc  display_ui.o [1]
      .rodata             inited   0x8000'17e4      0xc  display_ui.o [1]
      .rodata             inited   0x8000'17f0      0x8  display_ui.o [1]
      .rodata             inited   0x8000'17f8      0x8  display_ui.o [1]
      .rodata             inited   0x8000'1800      0xc  display_ui.o [1]
      .rodata             inited   0x8000'180c      0xc  display_ui.o [1]
      .rodata             inited   0x8000'1818      0xc  display_ui.o [1]
      .rodata             inited   0x8000'1824      0x8  display_ui.o [1]
      .rodata             inited   0x8000'182c     0x14  easyblink.o [1]
      .rodata             inited   0x8000'1840      0xc  easyblink.o [1]
      .rodata             inited   0x8000'184c      0xc  easyblink.o [1]
      .rodata             inited   0x8000'1858      0x8  easyblink.o [1]
      .rodata             inited   0x8000'1860      0xc  easyblink.o [1]
      .rodata             inited   0x8000'186c      0xc  easyblink.o [1]
      .rodata             inited   0x8000'1878     0x10  easyblink.o [1]
      .rodata             inited   0x8000'1888     0x10  easyblink.o [1]
      .rodata             inited   0x8000'1898     0x10  easyblink.o [1]
      .rodata             inited   0x8000'18a8      0xc  easyblink.o [1]
      .rodata             inited   0x8000'18b4      0xc  easyblink.o [1]
      .rodata             inited   0x8000'18c0   0x99dc  f_elems.o [1]
      .rodata             inited   0x8000'b29c     0x28  f_elems.o [1]
      .rodata             inited   0x8000'b2c4     0x28  f_elems.o [1]
      .rodata             inited   0x8000'b2ec     0x10  fsl_adc.o [1]
      .rodata             inited   0x8000'b2fc     0x54  fsl_adc.o [1]
      .rodata             inited   0x8000'b350     0x14  fsl_adc.o [1]
      .rodata             inited   0x8000'b364     0x54  fsl_adc.o [1]
      .rodata             inited   0x8000'b3b8     0x3c  fsl_adc.o [1]
      .rodata             inited   0x8000'b3f4     0x54  fsl_adc.o [1]
      .rodata             inited   0x8000'b448      0xc  fsl_adc.o [1]
      .rodata             inited   0x8000'b454      0xc  fsl_adc.o [1]
      .rodata             inited   0x8000'b460      0x8  fsl_adc.o [1]
      .rodata             inited   0x8000'b468     0x2c  fsl_assert.o [1]
      .rodata             inited   0x8000'b494     0x10  fsl_clock.o [1]
      .rodata             inited   0x8000'b4a4     0x54  fsl_clock.o [1]
      .rodata             inited   0x8000'b4f8     0x10  fsl_clock.o [1]
      .rodata             inited   0x8000'b508     0x10  fsl_csi.o [1]
      .rodata             inited   0x8000'b518     0x54  fsl_csi.o [1]
      .rodata             inited   0x8000'b56c     0x3c  fsl_csi.o [1]
      .rodata             inited   0x8000'b5a8     0x54  fsl_csi.o [1]
      .rodata             inited   0x8000'b5fc      0x8  fsl_csi.o [1]
      .rodata             inited   0x8000'b604      0x8  fsl_csi.o [1]
      .rodata             inited   0x8000'b60c      0x4  fsl_csi.o [1]
      .rodata             inited   0x8000'b610      0x8  fsl_debug_console.o [1]
      .rodata             inited   0x8000'b618     0x6c  fsl_debug_console.o [1]
      .rodata             inited   0x8000'b684      0xc  fsl_debug_console.o [1]
      .rodata             inited   0x8000'b690     0x28  fsl_debug_console.o [1]
      .rodata             inited   0x8000'b6b8     0x10  fsl_debug_console.o [1]
      .rodata             inited   0x8000'b6c8     0x54  fsl_edma.o [1]
      .rodata             inited   0x8000'b71c     0x1c  fsl_edma.o [1]
      .rodata             inited   0x8000'b738      0xc  fsl_edma.o [1]
      .rodata             inited   0x8000'b744     0x3c  fsl_enet.o [1]
      .rodata             inited   0x8000'b780     0x54  fsl_enet.o [1]
      .rodata             inited   0x8000'b7d4      0xc  fsl_enet.o [1]
      .rodata             inited   0x8000'b7e0     0x58  fsl_flexcan.o [1]
      .rodata             inited   0x8000'b838     0x18  fsl_flexcan.o [1]
      .rodata             inited   0x8000'b850     0x18  fsl_flexcan.o [1]
      .rodata             inited   0x8000'b868     0x18  fsl_flexcan.o [1]
      .rodata             inited   0x8000'b880     0x10  fsl_gpio.o [1]
      .rodata             inited   0x8000'b890     0x54  fsl_gpio.o [1]
      .rodata             inited   0x8000'b8e4     0x3c  fsl_gpio.o [1]
      .rodata             inited   0x8000'b920     0x54  fsl_gpio.o [1]
      .rodata             inited   0x8000'b974      0xc  fsl_gpio.o [1]
      .rodata             inited   0x8000'b980     0x28  fsl_gpio.o [1]
      .rodata             inited   0x8000'b9a8      0xc  fsl_gpio.o [1]
      .rodata             inited   0x8000'b9b4     0x10  fsl_lpspi.o [1]
      .rodata             inited   0x8000'b9c4     0x54  fsl_lpspi.o [1]
      .rodata             inited   0x8000'ba18     0x40  fsl_lpspi.o [1]
      .rodata             inited   0x8000'ba58     0x54  fsl_lpspi.o [1]
      .rodata             inited   0x8000'baac     0x10  fsl_lpspi.o [1]
      .rodata             inited   0x8000'babc     0x14  fsl_lpspi.o [1]
      .rodata             inited   0x8000'bad0      0xc  fsl_lpspi.o [1]
      .rodata             inited   0x8000'badc      0x8  fsl_lpspi.o [1]
      .rodata             inited   0x8000'bae4      0x8  fsl_lpspi.o [1]
      .rodata             inited   0x8000'baec     0x14  fsl_lpspi.o [1]
      .rodata             inited   0x8000'bb00     0x14  fsl_lpspi.o [1]
      .rodata             inited   0x8000'bb14     0x14  fsl_lpspi.o [1]
      .rodata             inited   0x8000'bb28     0x14  fsl_lpspi.o [1]
      .rodata             inited   0x8000'bb3c      0x8  fsl_lpspi.o [1]
      .rodata             inited   0x8000'bb44     0x14  fsl_lpspi.o [1]
      .rodata             inited   0x8000'bb58      0xc  fsl_lpspi.o [1]
      .rodata             inited   0x8000'bb64     0x10  fsl_lpuart.o [1]
      .rodata             inited   0x8000'bb74     0x54  fsl_lpuart.o [1]
      .rodata             inited   0x8000'bbc8     0x40  fsl_lpuart.o [1]
      .rodata             inited   0x8000'bc08     0x54  fsl_lpuart.o [1]
      .rodata             inited   0x8000'bc5c      0xc  fsl_lpuart.o [1]
      .rodata             inited   0x8000'bc68      0xc  fsl_lpuart.o [1]
      .rodata             inited   0x8000'bc74      0xc  fsl_lpuart.o [1]
      .rodata             inited   0x8000'bc80     0x1c  fsl_lpuart.o [1]
      .rodata             inited   0x8000'bc9c     0x28  fsl_lpuart.o [1]
      .rodata             inited   0x8000'bcc4     0x28  fsl_lpuart.o [1]
      .rodata             inited   0x8000'bcec     0x24  fsl_lpuart.o [1]
      .rodata             inited   0x8000'bd10     0x14  fsl_lpuart.o [1]
      .rodata             inited   0x8000'bd24     0x14  fsl_lpuart.o [1]
      .rodata             inited   0x8000'bd38     0x10  fsl_pit.o [1]
      .rodata             inited   0x8000'bd48     0x54  fsl_pit.o [1]
      .rodata             inited   0x8000'bd9c     0x3c  fsl_pit.o [1]
      .rodata             inited   0x8000'bdd8     0x54  fsl_pit.o [1]
      .rodata             inited   0x8000'be2c      0xc  fsl_pit.o [1]
      .rodata             inited   0x8000'be38      0x4  fsl_pit.o [1]
      .rodata             inited   0x8000'be3c     0x10  fsl_pwm.o [1]
      .rodata             inited   0x8000'be4c     0x54  fsl_pwm.o [1]
      .rodata             inited   0x8000'bea0     0x3c  fsl_pwm.o [1]
      .rodata             inited   0x8000'bedc     0x54  fsl_pwm.o [1]
      .rodata             inited   0x8000'bf30      0x8  fsl_pwm.o [1]
      .rodata             inited   0x8000'bf38      0xc  fsl_pwm.o [1]
      .rodata             inited   0x8000'bf44      0xc  fsl_pwm.o [1]
      .rodata             inited   0x8000'bf50      0xc  fsl_pwm.o [1]
      .rodata             inited   0x8000'bf5c      0xc  fsl_pwm.o [1]
      .rodata             inited   0x8000'bf68     0x28  fsl_pwm.o [1]
      .rodata             inited   0x8000'bf90     0x1c  fsl_pwm.o [1]
      .rodata             inited   0x8000'bfac     0x1c  fsl_pwm.o [1]
      .rodata             inited   0x8000'bfc8     0x14  fsl_pwm.o [1]
      .rodata             inited   0x8000'bfdc     0x28  fsl_pwm.o [1]
      .rodata             inited   0x8000'c004     0x10  fsl_qtmr.o [1]
      .rodata             inited   0x8000'c014     0x54  fsl_qtmr.o [1]
      .rodata             inited   0x8000'c068     0x3c  fsl_qtmr.o [1]
      .rodata             inited   0x8000'c0a4     0x54  fsl_qtmr.o [1]
      .rodata             inited   0x8000'c0f8      0xc  fsl_qtmr.o [1]
      .rodata             inited   0x8000'c104     0x14  fsl_qtmr.o [1]
      .rodata             inited   0x8000'c118      0xc  fsl_qtmr.o [1]
      .rodata             inited   0x8000'c124     0x54  fsl_sai.o [1]
      .rodata             inited   0x8000'c178     0x18  fsl_sai.o [1]
      .rodata             inited   0x8000'c190     0x18  fsl_sai.o [1]
      .rodata             inited   0x8000'c1a8      0xc  fsl_sdmmc_host.o [1]
      .rodata             inited   0x8000'c1b4     0x74  fsl_sdmmc_host.o [1]
      .rodata             inited   0x8000'c228      0xc  fsl_usdhc.o [1]
      .rodata             inited   0x8000'c234     0x18  idle.o [1]
      .rodata             inited   0x8000'c24c     0x28  idle.o [1]
      .rodata             inited   0x8000'c274      0x8  idle.o [1]
      .rodata             inited   0x8000'c27c      0xc  ipc.o [1]
      .rodata             inited   0x8000'c288     0x10  ipc.o [1]
      .rodata             inited   0x8000'c298     0x14  ipc.o [1]
      .rodata             inited   0x8000'c2ac     0x48  ipc.o [1]
      .rodata             inited   0x8000'c2f4     0x10  ipc.o [1]
      .rodata             inited   0x8000'c304     0x28  ipc.o [1]
      .rodata             inited   0x8000'c32c      0xc  ipc.o [1]
      .rodata             inited   0x8000'c338     0x38  ipc.o [1]
      .rodata             inited   0x8000'c370     0x10  ipc.o [1]
      .rodata             inited   0x8000'c380     0x10  ipc.o [1]
      .rodata             inited   0x8000'c390     0x10  ipc.o [1]
      .rodata             inited   0x8000'c3a0     0x14  ipc.o [1]
      .rodata             inited   0x8000'c3b4     0x44  ipc.o [1]
      .rodata             inited   0x8000'c3f8     0x10  ipc.o [1]
      .rodata             inited   0x8000'c408     0x10  ipc.o [1]
      .rodata             inited   0x8000'c418     0x40  ipc.o [1]
      .rodata             inited   0x8000'c458     0x10  ipc.o [1]
      .rodata             inited   0x8000'c468     0x14  ipc.o [1]
      .rodata             inited   0x8000'c47c     0x10  ipc.o [1]
      .rodata             inited   0x8000'c48c     0x44  ipc.o [1]
      .rodata             inited   0x8000'c4d0     0x10  ipc.o [1]
      .rodata             inited   0x8000'c4e0     0x10  ipc.o [1]
      .rodata             inited   0x8000'c4f0      0xc  ipc.o [1]
      .rodata             inited   0x8000'c4fc      0xc  kservice.o [1]
      .rodata             inited   0x8000'c508     0x24  kservice.o [1]
      .rodata             inited   0x8000'c52c     0x20  kservice.o [1]
      .rodata             inited   0x8000'c54c      0xc  kservice.o [1]
      .rodata             inited   0x8000'c558     0x2c  kservice.o [1]
      .rodata             inited   0x8000'c584      0x8  kservice.o [1]
      .rodata             inited   0x8000'c58c     0x38  kservice.o [1]
      .rodata             inited   0x8000'c5c4     0x14  kservice.o [1]
      .rodata             inited   0x8000'c5d8     0x14  kservice.o [1]
      .rodata             inited   0x8000'c5ec    0x100  kservice.o [1]
      .rodata             inited   0x8000'c6ec      0x8  lpuart_adapter.o [1]
      .rodata             inited   0x8000'c6f4     0x64  lpuart_adapter.o [1]
      .rodata             inited   0x8000'c758      0x8  lpuart_adapter.o [1]
      .rodata             inited   0x8000'c760     0x4c  lpuart_adapter.o [1]
      .rodata             inited   0x8000'c7ac     0x28  lpuart_adapter.o [1]
      .rodata             inited   0x8000'c7d4      0x8  lpuart_adapter.o [1]
      .rodata             inited   0x8000'c7dc      0x8  lpuart_adapter.o [1]
      .rodata             inited   0x8000'c7e4     0x24  lpuart_adapter.o [1]
      .rodata             inited   0x8000'c808     0x10  main.o [1]
      .rodata             inited   0x8000'c818     0x10  main.o [1]
      .rodata             inited   0x8000'c828     0x10  main.o [1]
      .rodata             inited   0x8000'c838      0xc  main.o [1]
      .rodata             inited   0x8000'c844      0xc  main.o [1]
      .rodata             inited   0x8000'c850     0x10  main.o [1]
      .rodata             inited   0x8000'c860     0x10  main.o [1]
      .rodata             inited   0x8000'c870     0x10  main.o [1]
      .rodata             inited   0x8000'c880     0x20  main.o [1]
      .rodata             inited   0x8000'c8a0     0x88  main.o [1]
      .rodata             inited   0x8000'c928      0x8  main.o [1]
      .rodata             inited   0x8000'c930      0x8  main.o [1]
      .rodata             inited   0x8000'c938      0x8  main.o [1]
      .rodata             inited   0x8000'c940      0x8  main.o [1]
      .rodata             inited   0x8000'c948      0x8  main.o [1]
      .rodata             inited   0x8000'c950      0x8  main.o [1]
      .rodata             inited   0x8000'c958      0x8  main.o [1]
      .rodata             inited   0x8000'c960      0x8  main.o [1]
      .rodata             inited   0x8000'c968      0x8  main.o [1]
      .rodata             inited   0x8000'c970      0x8  main.o [1]
      .rodata             inited   0x8000'c978      0x8  main.o [1]
      .rodata             inited   0x8000'c980      0x8  main.o [1]
      .rodata             inited   0x8000'c988      0x8  main.o [1]
      .rodata             inited   0x8000'c990      0x8  main.o [1]
      .rodata             inited   0x8000'c998     0x24  main.o [1]
      .rodata             inited   0x8000'c9bc     0x1c  main.o [1]
      .rodata             inited   0x8000'c9d8     0xfc  main.o [1]
      .rodata             inited   0x8000'cad4     0x10  main.o [1]
      .rodata             inited   0x8000'cae4     0x64  main.o [1]
      .rodata             inited   0x8000'cb48     0x24  main.o [1]
      .rodata             inited   0x8000'cb6c     0x10  memheap.o [1]
      .rodata             inited   0x8000'cb7c     0x14  memheap.o [1]
      .rodata             inited   0x8000'cb90      0x8  memheap.o [1]
      .rodata             inited   0x8000'cb98     0x40  memheap.o [1]
      .rodata             inited   0x8000'cbd8     0x14  memheap.o [1]
      .rodata             inited   0x8000'cbec     0x10  memheap.o [1]
      .rodata             inited   0x8000'cbfc     0x10  memheap.o [1]
      .rodata             inited   0x8000'cc0c     0x3c  memheap.o [1]
      .rodata             inited   0x8000'cc48     0x24  memheap.o [1]
      .rodata             inited   0x8000'cc6c     0x40  memheap.o [1]
      .rodata             inited   0x8000'ccac      0xc  memheap.o [1]
      .rodata             inited   0x8000'ccb8     0x18  memheap.o [1]
      .rodata             inited   0x8000'ccd0     0x1c  msh.o [1]
      .rodata             inited   0x8000'ccec      0x8  msh.o [1]
      .rodata             inited   0x8000'ccf4      0xc  msh.o [1]
      .rodata             inited   0x8000'cd00     0x20  msh.o [1]
      .rodata             inited   0x8000'cd20     0x10  msh.o [1]
      .rodata             inited   0x8000'cd30      0x8  msh.o [1]
      .rodata             inited   0x8000'cd38     0x18  msh.o [1]
      .rodata             inited   0x8000'cd50     0x10  object.o [1]
      .rodata             inited   0x8000'cd60     0x18  object.o [1]
      .rodata             inited   0x8000'cd78     0x10  object.o [1]
      .rodata             inited   0x8000'cd88     0x14  object.o [1]
      .rodata             inited   0x8000'cd9c     0x14  object.o [1]
      .rodata             inited   0x8000'cdb0     0x14  object.o [1]
      .rodata             inited   0x8000'cdc4     0x28  object.o [1]
      .rodata             inited   0x8000'cdec     0x14  object.o [1]
      .rodata             inited   0x8000'ce00     0x2c  object.o [1]
      .rodata             inited   0x8000'ce2c     0x1c  object.o [1]
      .rodata             inited   0x8000'ce48     0x14  object.o [1]
      .rodata             inited   0x8000'ce5c     0x1c  scheduler.o [1]
      .rodata             inited   0x8000'ce78     0x14  scheduler.o [1]
      .rodata             inited   0x8000'ce8c     0x1c  scheduler.o [1]
      .rodata             inited   0x8000'cea8     0x38  scheduler.o [1]
      .rodata             inited   0x8000'cee0     0x1c  scheduler.o [1]
      .rodata             inited   0x8000'cefc     0x1c  scheduler.o [1]
      .rodata             inited   0x8000'cf18    0x474  SEEKFREE_FONT.o [1]
      .rodata             inited   0x8000'd38c    0x5f0  SEEKFREE_FONT.o [1]
      .rodata             inited   0x8000'd97c      0xc  serial_manager.o [1]
      .rodata             inited   0x8000'd988     0x6c  serial_manager.o [1]
      .rodata             inited   0x8000'd9f4      0x8  serial_manager.o [1]
      .rodata             inited   0x8000'd9fc      0x8  serial_manager.o [1]
      .rodata             inited   0x8000'da04      0x8  serial_manager.o [1]
      .rodata             inited   0x8000'da0c      0xc  serial_manager.o [1]
      .rodata             inited   0x8000'da18      0x8  serial_manager.o [1]
      .rodata             inited   0x8000'da20     0x10  serial_manager.o [1]
      .rodata             inited   0x8000'da30     0x10  serial_port_uart.o [1]
      .rodata             inited   0x8000'da40     0x70  serial_port_uart.o [1]
      .rodata             inited   0x8000'dab0     0x10  serial_port_uart.o [1]
      .rodata             inited   0x8000'dac0      0x8  serial_port_uart.o [1]
      .rodata             inited   0x8000'dac8      0x8  serial_port_uart.o [1]
      .rodata             inited   0x8000'dad0      0x8  shell.o [1]
      .rodata             inited   0x8000'dad8      0x8  shell.o [1]
      .rodata             inited   0x8000'dae0     0x14  shell.o [1]
      .rodata             inited   0x8000'daf4     0x18  shell.o [1]
      .rodata             inited   0x8000'db0c      0x8  shell.o [1]
      .rodata             inited   0x8000'db14      0x8  shell.o [1]
      .rodata             inited   0x8000'db1c      0x8  shell.o [1]
      .rodata             inited   0x8000'db24     0x18  shell.o [1]
      .rodata             inited   0x8000'db3c      0x8  shell.o [1]
      .rodata             inited   0x8000'db44      0x8  shell.o [1]
      .rodata             inited   0x8000'db4c     0x18  test.o [1]
      .rodata             inited   0x8000'db64     0x10  thread.o [1]
      .rodata             inited   0x8000'db74     0x24  thread.o [1]
      .rodata             inited   0x8000'db98     0x10  thread.o [1]
      .rodata             inited   0x8000'dba8     0x14  thread.o [1]
      .rodata             inited   0x8000'dbbc     0x18  thread.o [1]
      .rodata             inited   0x8000'dbd4     0x14  thread.o [1]
      .rodata             inited   0x8000'dbe8     0x38  thread.o [1]
      .rodata             inited   0x8000'dc20     0x44  thread.o [1]
      .rodata             inited   0x8000'dc64     0x14  thread.o [1]
      .rodata             inited   0x8000'dc78     0x30  thread.o [1]
      .rodata             inited   0x8000'dca8     0x14  thread.o [1]
      .rodata             inited   0x8000'dcbc     0x3c  thread.o [1]
      .rodata             inited   0x8000'dcf8     0x10  thread.o [1]
      .rodata             inited   0x8000'dd08     0x14  thread.o [1]
      .rodata             inited   0x8000'dd1c     0x14  thread.o [1]
      .rodata             inited   0x8000'dd30     0x1c  thread.o [1]
      .rodata             inited   0x8000'dd4c     0x14  thread.o [1]
      .rodata             inited   0x8000'dd60     0x14  thread.o [1]
      .rodata             inited   0x8000'dd74     0x3c  thread.o [1]
      .rodata             inited   0x8000'ddb0     0x10  timer.o [1]
      .rodata             inited   0x8000'ddc0     0x14  timer.o [1]
      .rodata             inited   0x8000'ddd4     0x10  timer.o [1]
      .rodata             inited   0x8000'dde4     0x3c  timer.o [1]
      .rodata             inited   0x8000'de20     0x2c  timer.o [1]
      .rodata             inited   0x8000'de4c     0x10  timer.o [1]
      .rodata             inited   0x8000'de5c     0x24  timer.o [1]
      .rodata             inited   0x8000'de80     0x10  timer.o [1]
      .rodata             inited   0x8000'de90     0x14  timer.o [1]
      .rodata             inited   0x8000'dea4      0x4  ulog.o [1]
      .rodata             inited   0x8000'dea8      0x4  ulog.o [1]
      .rodata             inited   0x8000'deac      0x4  ulog.o [1]
      .rodata             inited   0x8000'deb0      0x4  ulog.o [1]
      .rodata             inited   0x8000'deb4      0x4  ulog.o [1]
[...]
                        0x8003'0881      0x4  Code  Gb  display_ui.o [1]
std::_String_const_iterator<std::_String_val<std::_Simple_types<char>>>::operator -(const std::_String_const_iterator<std::_String_val<std::_Simple_types<char>>>&) const
                        0x8003'0885     0x16  Code  Gb  display_ui.o [1]
std::_String_const_iterator<std::_String_val<std::_Simple_types<char>>>::operator ==(const std::_String_const_iterator<std::_String_val<std::_Simple_types<char>>>&) const
                        0x8003'089b     0x32  Code  Gb  display_ui.o [1]
std::_String_iterator<std::_String_val<std::_Simple_types<char>>>::_String_iterator(char *, std::_Container_base0 const *)
                        0x8003'08cf     0x16  Code  Gb  display_ui.o [1]
std::_String_iterator<std::_String_val<std::_Simple_types<char>>>::operator *() const
                        0x8003'08e5      0xc  Code  Gb  display_ui.o [1]
std::_String_iterator<std::_String_val<std::_Simple_types<char>>>::operator -(std::_String_const_iterator<std::_String_val<std::_Simple_types<char>>> const &) const
                        0x8003'08f1     0x10  Code  Gb  display_ui.o [1]
std::_String_val<std::_Simple_types<char>>::_Myptr()
                        0x8003'19df     0x16  Code  Gb  main.o [1]
std::_String_val<std::_Simple_types<char>>::_Myptr() const
                        0x8003'19f5     0x16  Code  Gb  main.o [1]
std::_String_val<std::_Simple_types<char>>::_Myptr2()
                        0x8003'0901     0x16  Code  Gb  display_ui.o [1]
std::_String_val<std::_Simple_types<char>>::_String_val()
                        0x8003'19d5      0xa  Code  Gb  main.o [1]
std::_Wrap_alloc<std::allocator<char>>::_Wrap_alloc(const std::allocator<char>&)
                        0x8003'1979      0x2  Code  Gb  main.o [1]
std::_Wrap_alloc<std::allocator<char>>::_Wrap_alloc(const std::allocator<char>&) [subobject]
                        0x8003'196d      0xc  Code  Gb  main.o [1]
std::_Wrap_alloc<std::allocator<char>>::allocate(unsigned int)
                        0x8003'197b     0x10  Code  Gb  main.o [1]
std::_Wrap_alloc<std::allocator<char>>::deallocate(char *, unsigned int)
                        0x8003'198b     0x14  Code  Gb  main.o [1]
std::_Wrap_alloc<std::allocator<char>>::max_size(std::_Nil) const
                        0x8003'19c9      0xc  Code  Gb  main.o [1]
std::_Wrap_alloc<std::allocator<char>>::operator =(const std::_Wrap_alloc<std::allocator<char>>&)
                        0x8003'07df     0x12  Code  Gb  display_ui.o [1]
std::allocator<char>::allocate(unsigned int)
                        0x8003'18f5     0x12  Code  Gb  main.o [1]
std::allocator<char>::deallocate(char *, unsigned int)
                        0x8003'18e3     0x12  Code  Gb  main.o [1]
std::allocator<char>::max_size() const
                        0x8003'192f      0x8  Code  Gb  main.o [1]
std::allocator<char>::operator =(const std::allocator<char>&)
                        0x8003'0785      0x2  Code  Gb  display_ui.o [1]
std::allocator_traits<std::allocator<char>>::max_size(const std::allocator<char>&)
                        0x8003'1961      0xc  Code  Gb  main.o [1]
std::char_traits<char>::assign(char &, char const &)
                        0x8003'188f      0x6  Code  Gb  main.o [1]
std::char_traits<char>::compare(char const *, char const *, unsigned int)
                        0x8003'0769     0x1c  Code  Gb  display_ui.o [1]
std::char_traits<char>::copy(char *, char const *, unsigned int)
                        0x8003'183f     0x28  Code  Gb  main.o [1]
std::char_traits<char>::length(char const *)
                        0x8003'1827     0x18  Code  Gb  main.o [1]
std::char_traits<char>::move(char *, char const *, unsigned int)
                        0x8003'1867     0x28  Code  Gb  main.o [1]
std::enable_if<std::_Is_iterator<std::_String_iterator<std::_String_val<std::_Simple_types<char>>>, void>::value, std::string&>::type std::string::assign<std::_String_iterator<std::_String_val<std::_Simple_types<char>>>>(std::_String_iterator<std::_String_val<std::_Simple_types<char>>>, std::_String_iterator<std::_String_val<std::_Simple_types<char>>>)
                        0x8003'0c19     0x26  Code  Gb  display_ui.o [1]
std::pointer_traits<char *>::pointer_to(char &)
                        0x8003'078f      0xc  Code  Gb  display_ui.o [1]
std::remove_reference<char *&>::type && std::move<char *&>(char *& &&)
                        0x8003'1821      0x2  Code  Gb  main.o [1]
std::remove_reference<std::_Wrap_alloc<std::allocator<char>> &>::type && std::move<std::_Wrap_alloc<std::allocator<char>> &>(std::_Wrap_alloc<std::allocator<char>> & &&)
                        0x8003'0765      0x2  Code  Gb  display_ui.o [1]
std::remove_reference<std::string&>::type && std::move<std::string&>(std::string& &&)
                        0x8003'0767      0x2  Code  Gb  display_ui.o [1]
std::string && std::forward<std::string>(std::remove_reference<std::string>::type &)
                        0x8003'0763      0x2  Code  Gb  display_ui.o [1]
std::string std::operator +<char, std::char_traits<char>, std::allocator<char>>(char const *, const std::string&)
                        0x8003'130f     0x38  Code  Gb  display_ui.o [1]
std::string std::operator +<char, std::char_traits<char>, std::allocator<char>>(char const *, std::string&&)
                        0x8003'13db     0x20  Code  Gb  display_ui.o [1]
std::string std::operator +<char, std::char_traits<char>, std::allocator<char>>(std::string&&, char const *)
                        0x8003'13fb     0x1e  Code  Gb  display_ui.o [1]
std::string std::operator +<char, std::char_traits<char>, std::allocator<char>>(std::string&&, const std::string&)
                        0x8003'1347     0x1e  Code  Gb  display_ui.o [1]
std::string std::operator +<char, std::char_traits<char>, std::allocator<char>>(std::string&&, std::string&&)
                        0x8003'1365     0x76  Code  Gb  display_ui.o [1]
std::string::_Assign_rv(std::string&&)
                        0x8003'0a15     0x8c  Code  Gb  display_ui.o [1]
std::string::_Chassign(unsigned int, unsigned int, char)
                        0x8003'239f     0x26  Code  Gb  string.o [3]
std::string::_Copy(unsigned int, unsigned int)
                        0x8003'1c6d     0xdc  Code  Gb  main.o [1]
std::string::_Eos(unsigned int)
                        0x8003'1d49     0x28  Code  Gb  main.o [1]
std::string::_Grow(unsigned int, bool)
                        0x8003'1d71     0x7c  Code  Gb  main.o [1]
std::string::_Inside(char const *)
                        0x8003'1ded     0x32  Code  Gb  main.o [1]
std::string::_Tidy(bool, unsigned int)
                        0x8003'1e1f     0x84  Code  Gb  main.o [1]
std::string::append(char const *)
                        0x8003'0c01     0x18  Code  Gb  display_ui.o [1]
std::string::append(char const *, unsigned int)
                        0x8003'0b79     0x88  Code  Gb  display_ui.o [1]
std::string::append(const std::string&)
                        0x8003'0ad1     0x16  Code  Gb  display_ui.o [1]
std::string::append(const std::string&, unsigned int, unsigned int)
                        0x8003'0ae7     0x92  Code  Gb  display_ui.o [1]
std::string::assign(char const *)
                        0x8003'1b9f     0x18  Code  Gb  main.o [1]
std::string::assign(char const *, unsigned int)
                        0x8003'1b4d     0x52  Code  Gb  main.o [1]
std::string::assign(const std::string&, unsigned int, unsigned int)
                        0x8003'1ad3     0x7a  Code  Gb  main.o [1]
std::string::basic_string()
                        0x8003'0949     0x1a  Code  Gb  display_ui.o [1]
std::string::basic_string(char const *)
                        0x8003'1a9d     0x24  Code  Gb  main.o [1]
std::string::basic_string(char const *, unsigned int)
                        0x8003'229f     0x70  Code  Gb  string.o [3]
std::string::basic_string(std::string&&)
                        0x8003'0963     0x34  Code  Gb  display_ui.o [1]
std::string::basic_string(unsigned int, char)
                        0x8003'230f     0x44  Code  Gb  string.o [3]
std::string::begin()    0x8003'11bb     0x20  Code  Gb  display_ui.o [1]
std::string::c_str() const
                        0x8003'1217      0xc  Code  Gb  display_ui.o [1]
std::string::capacity() const
                        0x8003'122f      0xe  Code  Gb  display_ui.o [1]
std::string::compare(char const *) const
                        0x8003'127b     0x24  Code  Gb  display_ui.o [1]
std::string::compare(unsigned int, unsigned int, char const *, unsigned int) const
                        0x8003'129f     0x70  Code  Gb  display_ui.o [1]
std::string::data() const
                        0x8003'1223      0xc  Code  Gb  display_ui.o [1]
std::string::end()      0x8003'11db     0x2c  Code  Gb  display_ui.o [1]
std::string::erase(unsigned int)
                        0x8003'1bb7     0x22  Code  Gb  main.o [1]
std::string::erase(unsigned int, unsigned int)
                        0x8003'1bd9     0x6a  Code  Gb  main.o [1]
std::string::insert(unsigned int, char const *)
                        0x8003'0dff     0x1c  Code  Gb  display_ui.o [1]
std::string::insert(unsigned int, char const *, unsigned int)
                        0x8003'0d45     0xba  Code  Gb  display_ui.o [1]
std::string::insert(unsigned int, const std::string&)
                        0x8003'0c3f     0x1c  Code  Gb  display_ui.o [1]
std::string::insert(unsigned int, const std::string&, unsigned int, unsigned int)
                        0x8003'0c5b     0xea  Code  Gb  display_ui.o [1]
std::string::max_size() const
                        0x8003'1c51     0x1c  Code  Gb  main.o [1]
std::string::operator +=(char const *)
                        0x8003'0ac1     0x10  Code  Gb  display_ui.o [1]
std::string::operator +=(const std::string&)
                        0x8003'0ab1     0x10  Code  Gb  display_ui.o [1]
std::string::operator =(char const *)
                        0x8003'0aa1     0x10  Code  Gb  display_ui.o [1]
std::string::operator =(std::string&&)
                        0x8003'0997     0x7e  Code  Gb  display_ui.o [1]
std::string::operator [](unsigned int)
                        0x8003'1207     0x10  Code  Gb  display_ui.o [1]
std::string::replace(std::_String_const_iterator<std::_String_val<std::_Simple_types<char>>>, std::_String_const_iterator<std::_String_val<std::_Simple_types<char>>>, std::_String_iterator<std::_String_val<std::_Simple_types<char>>>, std::_String_iterator<std::_String_val<std::_Simple_types<char>>>)
                        0x8003'1143     0x78  Code  Gb  display_ui.o [1]
std::string::replace(unsigned int, unsigned int, char const *, unsigned int)
                        0x8003'102d    0x116  Code  Gb  display_ui.o [1]
std::string::replace(unsigned int, unsigned int, const std::string&, unsigned int, unsigned int)
                        0x8003'0e1b    0x212  Code  Gb  display_ui.o [1]
std::string::reserve(unsigned int)
                        0x8003'123d     0x3e  Code  Gb  display_ui.o [1]
std::string::resize(unsigned int)
                        0x8003'2353     0x4c  Code  Gb  string.o [3]
std::string::size() const
                        0x8003'1c43      0xe  Code  Gb  main.o [1]
std::string::~basic_string()
                        0x8003'1ac1     0x12  Code  Gb  main.o [1]
std::to_string(float)   0x8002'd823     0x4e  Code  Gb  string.o [3]
std::to_string(int)     0x8002'd7c1     0x20  Code  Gb  string.o [3]
std::to_string(unsigned long long)
                        0x8002'd801     0x22  Code  Gb  string.o [3]
std::to_string(unsigned long)
                        0x8002'd7e1     0x20  Code  Gb  string.o [3]
steer                   0x2000'c53c     0xcc  Data  Gb  main.o [1]
steer_ctrl::init()      0x8001'2561     0x36  Code  Gb  ctrl_steer.o [1]
steer_ctrl::solve_mid_error()
                        0x8001'2599     0x9a  Code  Gb  ctrl_steer.o [1]
steer_ctrl::steer_ctrl()
                        0x8001'fc9d     0x50  Code  Gb  main.o [1]
steer_ctrl::update_fuzzy_pid()
                        0x8001'2635    0x104  Code  Gb  ctrl_steer.o [1]
steer_f                 0x2000'cfc8    0x1b4  Data  Gb  main.o [1]
steer_fuzzy::fuzzy(int, int)
                        0x8001'1f8d    0x5d4  Code  Gb  ctrl_steer.o [1]
steer_fuzzy::steer_fuzzy()
                        0x8001'fced     0x78  Code  Gb  main.o [1]
stop_judge()            0x8001'5a85     0x64  Code  Gb  f_elems.o [1]
str_common              0x8002'048d     0x2c  Code  Lc  msh.o [1]
strcat                  0x8003'23f5     0x1e  Code  Gb  strcat.o [2]
strchr                  0x8003'0731           Code  Gb  strchr.o [5]
strcmp                  0x8002'd7ad           Code  Gb  strcmp.o [5]
strcpy                  0x8002'e7e9           Code  Gb  strcpy.o [5]
strlen                  0x8002'daa5           Code  Gb  strlen.o [5]
strncmp                 0x8003'2263     0x28  Code  Gb  strncmp.o [2]
strncpy                 0x8002'dadd           Code  Gb  strncpy.o [5]
strtol                  0x8003'24bd      0x4  Code  Gb  iar_Stolx.o [2]
strtoul                 0x8002'dc9d      0x2  Code  Gb  iar_Stoulx.o [2]
systick_delay_ms        0x8002'cd15      0xc  Code  Gb  zf_systick.o [1]
tan                     0x8002'd295    0x27c  Code  Gb  tan64.o [4]
tanl                    0x8002'd295    0x27c  Code  Gb  tan64.o [4]
task_ctrl(int)          0x8001'eb33     0xa6  Code  Gb  main.o [1]
tenc()                  0x8002'25e7     0x3c  Code  Gb  test.o [1]
tservo(int, char **)    0x8002'2623     0x1c  Code  Gb  test.o [1]
tservo2(int, char **)   0x8002'263f     0x1c  Code  Gb  test.o [1]
tweak_auto_exp()        0x8001'308b     0x58  Code  Gb  display_ui.o [1]
tweak_bright()          0x8001'3033     0x58  Code  Gb  display_ui.o [1]
tweak_threshold()       0x8001'30e3     0x58  Code  Gb  display_ui.o [1]
uart_init               0x8002'd077     0x6e  Code  Gb  zf_uart.o [1]
uart_iomuxc             0x8002'cd29    0x34e  Code  Gb  zf_uart.o [1]
uart_mb                 0x2000'01a4      0x4  Data  Gb  board.o [1]
uart_putbuff            0x8002'd10d     0x1c  Code  Gb  zf_uart.o [1]
uart_putchar            0x8002'd0e5     0x28  Code  Gb  zf_uart.o [1]
uart_putstr             0x8002'd129     0x22  Code  Gb  zf_uart.o [1]
uart_receive_flag       0x2000'd4c5      0x1  Data  Gb  SEEKFREE_MT9V03X.o [1]
uart_rx_irq             0x8002'd14b     0x36  Code  Gb  zf_uart.o [1]
uart_set_handle         0x8002'd181     0x3c  Code  Gb  zf_uart.o [1]
ui_modify_fresh()       0x8001'2b65    0x162  Code  Gb  display_ui.o [1]
ui_modify_y             0x2003'4720     0x70  Data  Gb  display_ui.o [1]
ui_option               0x2003'4800     0x20  Data  Gb  display_ui.o [1]
ui_param_fresh()        0x8001'28af    0x2a6  Code  Gb  display_ui.o [1]
ui_param_y              0x2003'3f00    0x510  Data  Gb  display_ui.o [1]
ui_title_fresh(void *)  0x8001'27a7    0x108  Code  Gb  display_ui.o [1]
ui_title_y              0x2003'45f0     0xa0  Data  Gb  display_ui.o [1]
ui_type                 0x2000'028c     0x18  Data  Gb  display_ui.o [1]
ulog                    0x2000'e560    0x138  Data  Lc  ulog.o [1]
ulog_backend_register   0x8002'34d9     0x86  Code  Gb  ulog.o [1]
ulog_backend_register::__FUNCTION__
                        0x8000'df34     0x18  Data  Lc  ulog.o [1]
ulog_console_backend_init
                        0x8001'08b7     0x18  Code  Gb  console_be.o [1]
ulog_console_backend_output
                        0x8001'089d     0x1a  Code  Gb  console_be.o [1]
ulog_formater::__FUNCTION__
                        0x8000'ded4     0x10  Data  Lc  ulog.o [1]
ulog_formater::fmt_result
                        0x2000'e6a0      0x4  Data  Lc  ulog.o [1]
ulog_formater::log_len  0x2000'e698      0x4  Data  Lc  ulog.o [1]
ulog_formater::newline_len
                        0x2000'e69c      0x4  Data  Lc  ulog.o [1]
ulog_formater{6}::tick_len
                        0x2000'e6a4      0x4  Data  Lc  ulog.o [1]
ulog_init               0x8002'355f     0x28  Code  Gb  ulog.o [1]
ulog_output             0x8002'34a3     0x24  Code  Gb  ulog.o [1]
ulog_output_to_all_backend
                        0x8002'3337     0x9a  Code  Gb  ulog.o [1]
ulog_strcpy             0x8002'324b     0x4a  Code  Gb  ulog.o [1]
ulog_strcpy::__FUNCTION__
                        0x8000'dec8      0xc  Data  Lc  ulog.o [1]
ulog_ultoa              0x8002'3295     0x44  Code  Gb  ulog.o [1]
ulog_voutput            0x8002'3411     0x92  Code  Gb  ulog.o [1]
ulog_voutput::__FUNCTION__
                        0x8000'df14     0x10  Data  Lc  ulog.o [1]
upload_zf_bin()         0x8002'3fab     0x30  Code  Gb  util.o [1]
upload_zf_gray()        0x8002'3fdb     0x32  Code  Gb  util.o [1]
usage_fault_track       0x8001'0a5f     0x62  Code  Lc  cpuport.o [1]
version                 0x8000'fdbd      0xa  Code  Gb  cmd.o [1]
void std::_Deallocate<char>(char *, unsigned int)
                        0x8003'18d5      0xe  Code  Gb  main.o [1]
void std::_Pocma<std::_Wrap_alloc<std::allocator<char>>>(std::_Wrap_alloc<std::allocator<char>> &, std::_Wrap_alloc<std::allocator<char>> &)
                        0x8003'084d     0x12  Code  Gb  display_ui.o [1]
void std::_Pocma<std::_Wrap_alloc<std::allocator<char>>>(std::_Wrap_alloc<std::allocator<char>> &, std::_Wrap_alloc<std::allocator<char>> &, std::integral_constant<bool, (bool)1>)
                        0x8003'0837     0x16  Code  Gb  display_ui.o [1]
void std::_Wrap_alloc<std::allocator<char>>::construct<char *, char *&>(char * *, char *& &&...)
                        0x8003'07f1     0x1a  Code  Gb  display_ui.o [1]
void std::_Wrap_alloc<std::allocator<char>>::construct<char *, char *>(char * *, char * &&...)
                        0x8003'199f     0x1a  Code  Gb  main.o [1]
void std::_Wrap_alloc<std::allocator<char>>::destroy<char *>(char * *)
                        0x8003'19b9     0x10  Code  Gb  main.o [1]
void std::allocator<char>::construct<char *, char *&>(char * *, char *& &&...)
                        0x8003'079b     0x26  Code  Gb  display_ui.o [1]
void std::allocator<char>::construct<char *, char *>(char * *, char * &&...)
                        0x8003'1907     0x26  Code  Gb  main.o [1]
void std::allocator<char>::destroy<char *>(char * *)
                        0x8003'192d      0x2  Code  Gb  main.o [1]
void std::allocator_traits<std::allocator<char>>::construct<char *, char *&>(std::allocator<char>&, char * *, char *& &&...)
                        0x8003'07c5     0x1a  Code  Gb  display_ui.o [1]
void std::allocator_traits<std::allocator<char>>::construct<char *, char *>(std::allocator<char>&, char * *, char * &&...)
                        0x8003'1937     0x1a  Code  Gb  main.o [1]
void std::allocator_traits<std::allocator<char>>::destroy<char *>(std::allocator<char>&, char * *)
                        0x8003'1951     0x10  Code  Gb  main.o [1]
vsnprintf               0x8002'e7a5     0x3c  Code  Gb  vsnprint.o [2]
wheel::get_speed()      0x8001'f6f9     0x70  Code  Gb  main.o [1]
wheel::init()           0x8001'0dd1     0x88  Code  Gb  ctrl_chassis.o [1]
wheel::set_speed(float)
                        0x8003'075b      0x6  Code  Gb  ctrl_chassis.o [1]
wheel::update()         0x8003'17c1     0x20  Code  Gb  main.o [1]
wheel::update_current()
                        0x8001'f769    0x140  Code  Gb  main.o [1]
wheel::wheel()          0x8001'f6b9     0x40  Code  Gb  main.o [1]
wheel::wheel(motor, encoder, pos_pid, cur_pid)
                        0x8001'0d79     0x58  Code  Gb  ctrl_chassis.o [1]
x_1                     0x2000'02a4     0x1c  Data  Gb  display_ui.o [1]


[1] = C:\Users\Asus\StupidCar_guosaiqian_test\Project\IAR_QUAD\program\nor_sdram_zf_dtcm\Obj
[2] = dl7M_tln.a
[3] = dlpp7M_tl_nc.a
[4] = m7M_tlv.a
[5] = rt7M_tl.a
[6] = shb_l.a

    1 310 bytes of readonly  code memory
  145 712 bytes of readwrite code memory
  107 335 bytes of readonly  data memory
  395 856 bytes of readwrite data memory

Errors: none
Warnings: none
